===== STDOUT =====

===== STDERR =====
uv.exe : 2026-08-14 16:40:07,633 INFO cqros.storage.parquet Read Parquet dataset
At D:\bss\CQROS\reports\walk_forward\controlled_regeneration_2026\run_regeneration.ps1:102 char:5
+     & uv @ArgList 1> $StdoutPath 2> $StderrPath
+     ~~~~~~~~~~~~~~~~~~~~~~~~~~~~~~~~~~~~~~~~~~~
    + CategoryInfo          : NotSpecified: (2026-08-14 16:4...Parquet dataset:String) [], RemoteException
    + FullyQualifiedErrorId : NativeCommandError
 
2026-08-14 16:40:07,645 INFO cqros.factor_selection.repository Loaded factor selection dataset
2026-08-14 16:40:26,787 INFO cqros.storage.parquet Read Parquet dataset
2026-08-14 16:40:26,788 INFO cqros.factors.repository Loaded factors dataset
2026-08-14 16:40:26,836 INFO cqros.storage.parquet Read Parquet dataset
2026-08-14 16:40:26,836 INFO cqros.storage.label_repository Loaded label dataset
2026-08-14 16:40:27,112 INFO cqros.storage.parquet Read Parquet dataset
2026-08-14 16:40:27,113 INFO cqros.factors.repository Loaded factors dataset
2026-08-14 16:40:27,134 INFO cqros.storage.parquet Read Parquet dataset
2026-08-14 16:40:27,134 INFO cqros.storage.label_repository Loaded label dataset
2026-08-14 16:40:27,193 INFO cqros.storage.parquet Read Parquet dataset
2026-08-14 16:40:27,194 INFO cqros.factors.repository Loaded factors dataset
2026-08-14 16:40:27,212 INFO cqros.storage.parquet Read Parquet dataset
2026-08-14 16:40:27,212 INFO cqros.storage.label_repository Loaded label dataset
2026-08-14 16:40:27,272 INFO cqros.storage.parquet Read Parquet dataset
2026-08-14 16:40:27,273 INFO cqros.factors.repository Loaded factors dataset
2026-08-14 16:40:27,291 INFO cqros.storage.parquet Read Parquet dataset
2026-08-14 16:40:27,292 INFO cqros.storage.label_repository Loaded label dataset
2026-08-14 16:40:27,353 INFO cqros.storage.parquet Read Parquet dataset
2026-08-14 16:40:27,354 INFO cqros.factors.repository Loaded factors dataset
2026-08-14 16:40:27,375 INFO cqros.storage.parquet Read Parquet dataset
2026-08-14 16:40:27,375 INFO cqros.storage.label_repository Loaded label dataset
2026-08-14 16:40:27,438 INFO cqros.storage.parquet Read Parquet dataset
2026-08-14 16:40:27,439 INFO cqros.factors.repository Loaded factors dataset
2026-08-14 16:40:27,461 INFO cqros.storage.parquet Read Parquet dataset
2026-08-14 16:40:27,461 INFO cqros.storage.label_repository Loaded label dataset
2026-08-14 16:40:27,518 INFO cqros.storage.parquet Read Parquet dataset
2026-08-14 16:40:27,519 INFO cqros.factors.repository Loaded factors dataset
2026-08-14 16:40:27,538 INFO cqros.storage.parquet Read Parquet dataset
2026-08-14 16:40:27,538 INFO cqros.storage.label_repository Loaded label dataset
2026-08-14 16:40:27,594 INFO cqros.storage.parquet Read Parquet dataset
2026-08-14 16:40:27,595 INFO cqros.factors.repository Loaded factors dataset
2026-08-14 16:40:27,612 INFO cqros.storage.parquet Read Parquet dataset
2026-08-14 16:40:27,612 INFO cqros.storage.label_repository Loaded label dataset
2026-08-14 16:40:27,683 INFO cqros.storage.parquet Read Parquet dataset
2026-08-14 16:40:27,685 INFO cqros.factors.repository Loaded factors dataset
2026-08-14 16:40:27,705 INFO cqros.storage.parquet Read Parquet dataset
2026-08-14 16:40:27,705 INFO cqros.storage.label_repository Loaded label dataset
2026-08-14 16:40:27,764 INFO cqros.storage.parquet Read Parquet dataset
2026-08-14 16:40:27,766 INFO cqros.factors.repository Loaded factors dataset
2026-08-14 16:40:27,784 INFO cqros.storage.parquet Read Parquet dataset
2026-08-14 16:40:27,785 INFO cqros.storage.label_repository Loaded label dataset
2026-08-14 16:40:27,837 INFO cqros.storage.parquet Read Parquet dataset
2026-08-14 16:40:27,838 INFO cqros.factors.repository Loaded factors dataset
2026-08-14 16:40:27,858 INFO cqros.storage.parquet Read Parquet dataset
2026-08-14 16:40:27,858 INFO cqros.storage.label_repository Loaded label dataset
2026-08-14 16:40:27,919 INFO cqros.storage.parquet Read Parquet dataset
2026-08-14 16:40:27,920 INFO cqros.factors.repository Loaded factors dataset
2026-08-14 16:40:27,938 INFO cqros.storage.parquet Read Parquet dataset
2026-08-14 16:40:27,938 INFO cqros.storage.label_repository Loaded label dataset
2026-08-14 16:40:28,001 INFO cqros.storage.parquet Read Parquet dataset
2026-08-14 16:40:28,002 INFO cqros.factors.repository Loaded factors dataset
2026-08-14 16:40:28,022 INFO cqros.storage.parquet Read Parquet dataset
2026-08-14 16:40:28,022 INFO cqros.storage.label_repository Loaded label dataset
2026-08-14 16:40:28,079 INFO cqros.storage.parquet Read Parquet dataset
2026-08-14 16:40:28,080 INFO cqros.factors.repository Loaded factors dataset
2026-08-14 16:40:28,103 INFO cqros.storage.parquet Read Parquet dataset
2026-08-14 16:40:28,103 INFO cqros.storage.label_repository Loaded label dataset
2026-08-14 16:40:28,159 INFO cqros.storage.parquet Read Parquet dataset
2026-08-14 16:40:28,160 INFO cqros.factors.repository Loaded factors dataset
2026-08-14 16:40:28,179 INFO cqros.storage.parquet Read Parquet dataset
2026-08-14 16:40:28,179 INFO cqros.storage.label_repository Loaded label dataset
2026-08-14 16:40:28,232 INFO cqros.storage.parquet Read Parquet dataset
2026-08-14 16:40:28,234 INFO cqros.factors.repository Loaded factors dataset
2026-08-14 16:40:28,253 INFO cqros.storage.parquet Read Parquet dataset
2026-08-14 16:40:28,253 INFO cqros.storage.label_repository Loaded label dataset
2026-08-14 16:40:28,319 INFO cqros.storage.parquet Read Parquet dataset
2026-08-14 16:40:28,320 INFO cqros.factors.repository Loaded factors dataset
2026-08-14 16:40:28,342 INFO cqros.storage.parquet Read Parquet dataset
2026-08-14 16:40:28,342 INFO cqros.storage.label_repository Loaded label dataset
2026-08-14 16:40:28,402 INFO cqros.storage.parquet Read Parquet dataset
2026-08-14 16:40:28,403 INFO cqros.factors.repository Loaded factors dataset
2026-08-14 16:40:28,425 INFO cqros.storage.parquet Read Parquet dataset
2026-08-14 16:40:28,425 INFO cqros.storage.label_repository Loaded label dataset
2026-08-14 16:40:28,487 INFO cqros.storage.parquet Read Parquet dataset
2026-08-14 16:40:28,488 INFO cqros.factors.repository Loaded factors dataset
2026-08-14 16:40:28,508 INFO cqros.storage.parquet Read Parquet dataset
2026-08-14 16:40:28,508 INFO cqros.storage.label_repository Loaded label dataset
2026-08-14 16:40:28,579 INFO cqros.storage.parquet Read Parquet dataset
2026-08-14 16:40:28,584 INFO cqros.factors.repository Loaded factors dataset
2026-08-14 16:40:28,604 INFO cqros.storage.parquet Read Parquet dataset
2026-08-14 16:40:28,605 INFO cqros.storage.label_repository Loaded label dataset
2026-08-14 16:40:28,660 INFO cqros.storage.parquet Read Parquet dataset
2026-08-14 16:40:28,661 INFO cqros.factors.repository Loaded factors dataset
2026-08-14 16:40:28,681 INFO cqros.storage.parquet Read Parquet dataset
2026-08-14 16:40:28,682 INFO cqros.storage.label_repository Loaded label dataset
2026-08-14 16:40:28,743 INFO cqros.storage.parquet Read Parquet dataset
2026-08-14 16:40:28,744 INFO cqros.factors.repository Loaded factors dataset
2026-08-14 16:40:28,764 INFO cqros.storage.parquet Read Parquet dataset
2026-08-14 16:40:28,765 INFO cqros.storage.label_repository Loaded label dataset
2026-08-14 16:40:28,828 INFO cqros.storage.parquet Read Parquet dataset
2026-08-14 16:40:28,830 INFO cqros.factors.repository Loaded factors dataset
2026-08-14 16:40:28,847 INFO cqros.storage.parquet Read Parquet dataset
2026-08-14 16:40:28,848 INFO cqros.storage.label_repository Loaded label dataset
2026-08-14 16:40:28,907 INFO cqros.storage.parquet Read Parquet dataset
2026-08-14 16:40:28,908 INFO cqros.factors.repository Loaded factors dataset
2026-08-14 16:40:28,927 INFO cqros.storage.parquet Read Parquet dataset
2026-08-14 16:40:28,927 INFO cqros.storage.label_repository Loaded label dataset
2026-08-14 16:40:28,987 INFO cqros.storage.parquet Read Parquet dataset
2026-08-14 16:40:28,988 INFO cqros.factors.repository Loaded factors dataset
2026-08-14 16:40:29,004 INFO cqros.storage.parquet Read Parquet dataset
2026-08-14 16:40:29,004 INFO cqros.storage.label_repository Loaded label dataset
2026-08-14 16:40:29,056 INFO cqros.storage.parquet Read Parquet dataset
2026-08-14 16:40:29,057 INFO cqros.factors.repository Loaded factors dataset
2026-08-14 16:40:29,087 INFO cqros.storage.parquet Read Parquet dataset
2026-08-14 16:40:29,087 INFO cqros.storage.label_repository Loaded label dataset
2026-08-14 16:40:29,148 INFO cqros.storage.parquet Read Parquet dataset
2026-08-14 16:40:29,151 INFO cqros.factors.repository Loaded factors dataset
2026-08-14 16:40:29,173 INFO cqros.storage.parquet Read Parquet dataset
2026-08-14 16:40:29,174 INFO cqros.storage.label_repository Loaded label dataset
2026-08-14 16:40:29,230 INFO cqros.storage.parquet Read Parquet dataset
2026-08-14 16:40:29,231 INFO cqros.factors.repository Loaded factors dataset
2026-08-14 16:40:29,251 INFO cqros.storage.parquet Read Parquet dataset
2026-08-14 16:40:29,252 INFO cqros.storage.label_repository Loaded label dataset
2026-08-14 16:40:29,310 INFO cqros.storage.parquet Read Parquet dataset
2026-08-14 16:40:29,311 INFO cqros.factors.repository Loaded factors dataset
2026-08-14 16:40:29,327 INFO cqros.storage.parquet Read Parquet dataset
2026-08-14 16:40:29,328 INFO cqros.storage.label_repository Loaded label dataset
2026-08-14 16:40:29,388 INFO cqros.storage.parquet Read Parquet dataset
2026-08-14 16:40:29,389 INFO cqros.factors.repository Loaded factors dataset
2026-08-14 16:40:29,414 INFO cqros.storage.parquet Read Parquet dataset
2026-08-14 16:40:29,414 INFO cqros.storage.label_repository Loaded label dataset
2026-08-14 16:40:29,475 INFO cqros.storage.parquet Read Parquet dataset
2026-08-14 16:40:29,476 INFO cqros.factors.repository Loaded factors dataset
2026-08-14 16:40:29,497 INFO cqros.storage.parquet Read Parquet dataset
2026-08-14 16:40:29,497 INFO cqros.storage.label_repository Loaded label dataset
2026-08-14 16:40:29,567 INFO cqros.storage.parquet Read Parquet dataset
2026-08-14 16:40:29,570 INFO cqros.factors.repository Loaded factors dataset
2026-08-14 16:40:29,594 INFO cqros.storage.parquet Read Parquet dataset
2026-08-14 16:40:29,594 INFO cqros.storage.label_repository Loaded label dataset
2026-08-14 16:40:29,656 INFO cqros.storage.parquet Read Parquet dataset
2026-08-14 16:40:29,658 INFO cqros.factors.repository Loaded factors dataset
2026-08-14 16:40:29,682 INFO cqros.storage.parquet Read Parquet dataset
2026-08-14 16:40:29,682 INFO cqros.storage.label_repository Loaded label dataset
2026-08-14 16:40:29,742 INFO cqros.storage.parquet Read Parquet dataset
2026-08-14 16:40:29,742 INFO cqros.factors.repository Loaded factors dataset
2026-08-14 16:40:29,761 INFO cqros.storage.parquet Read Parquet dataset
2026-08-14 16:40:29,761 INFO cqros.storage.label_repository Loaded label dataset
2026-08-14 16:40:29,823 INFO cqros.storage.parquet Read Parquet dataset
2026-08-14 16:40:29,824 INFO cqros.factors.repository Loaded factors dataset
2026-08-14 16:40:29,847 INFO cqros.storage.parquet Read Parquet dataset
2026-08-14 16:40:29,847 INFO cqros.storage.label_repository Loaded label dataset
2026-08-14 16:40:29,911 INFO cqros.storage.parquet Read Parquet dataset
2026-08-14 16:40:29,912 INFO cqros.factors.repository Loaded factors dataset
2026-08-14 16:40:29,934 INFO cqros.storage.parquet Read Parquet dataset
2026-08-14 16:40:29,935 INFO cqros.storage.label_repository Loaded label dataset
2026-08-14 16:40:29,992 INFO cqros.storage.parquet Read Parquet dataset
2026-08-14 16:40:29,993 INFO cqros.factors.repository Loaded factors dataset
2026-08-14 16:40:30,009 INFO cqros.storage.parquet Read Parquet dataset
2026-08-14 16:40:30,009 INFO cqros.storage.label_repository Loaded label dataset
2026-08-14 16:40:30,063 INFO cqros.storage.parquet Read Parquet dataset
2026-08-14 16:40:30,064 INFO cqros.factors.repository Loaded factors dataset
2026-08-14 16:40:30,087 INFO cqros.storage.parquet Read Parquet dataset
2026-08-14 16:40:30,087 INFO cqros.storage.label_repository Loaded label dataset
2026-08-14 16:40:30,144 INFO cqros.storage.parquet Read Parquet dataset
2026-08-14 16:40:30,145 INFO cqros.factors.repository Loaded factors dataset
2026-08-14 16:40:30,165 INFO cqros.storage.parquet Read Parquet dataset
2026-08-14 16:40:30,166 INFO cqros.storage.label_repository Loaded label dataset
2026-08-14 16:40:30,238 INFO cqros.storage.parquet Read Parquet dataset
2026-08-14 16:40:30,246 INFO cqros.factors.repository Loaded factors dataset
2026-08-14 16:40:30,292 INFO cqros.storage.parquet Read Parquet dataset
2026-08-14 16:40:30,293 INFO cqros.storage.label_repository Loaded label dataset
2026-08-14 16:40:30,375 INFO cqros.storage.parquet Read Parquet dataset
2026-08-14 16:40:30,376 INFO cqros.factors.repository Loaded factors dataset
2026-08-14 16:40:30,394 INFO cqros.storage.parquet Read Parquet dataset
2026-08-14 16:40:30,394 INFO cqros.storage.label_repository Loaded label dataset
2026-08-14 16:40:30,450 INFO cqros.storage.parquet Read Parquet dataset
2026-08-14 16:40:30,451 INFO cqros.factors.repository Loaded factors dataset
2026-08-14 16:40:30,470 INFO cqros.storage.parquet Read Parquet dataset
2026-08-14 16:40:30,470 INFO cqros.storage.label_repository Loaded label dataset
2026-08-14 16:40:30,530 INFO cqros.storage.parquet Read Parquet dataset
2026-08-14 16:40:30,531 INFO cqros.factors.repository Loaded factors dataset
2026-08-14 16:40:30,556 INFO cqros.storage.parquet Read Parquet dataset
2026-08-14 16:40:30,556 INFO cqros.storage.label_repository Loaded label dataset
2026-08-14 16:40:30,622 INFO cqros.storage.parquet Read Parquet dataset
2026-08-14 16:40:30,623 INFO cqros.factors.repository Loaded factors dataset
2026-08-14 16:40:30,641 INFO cqros.storage.parquet Read Parquet dataset
2026-08-14 16:40:30,641 INFO cqros.storage.label_repository Loaded label dataset
2026-08-14 16:40:30,698 INFO cqros.storage.parquet Read Parquet dataset
2026-08-14 16:40:30,698 INFO cqros.factors.repository Loaded factors dataset
2026-08-14 16:40:30,716 INFO cqros.storage.parquet Read Parquet dataset
2026-08-14 16:40:30,716 INFO cqros.storage.label_repository Loaded label dataset
2026-08-14 16:40:30,768 INFO cqros.storage.parquet Read Parquet dataset
2026-08-14 16:40:30,770 INFO cqros.factors.repository Loaded factors dataset
2026-08-14 16:40:30,790 INFO cqros.storage.parquet Read Parquet dataset
2026-08-14 16:40:30,790 INFO cqros.storage.label_repository Loaded label dataset
2026-08-14 16:40:30,846 INFO cqros.storage.parquet Read Parquet dataset
2026-08-14 16:40:30,847 INFO cqros.factors.repository Loaded factors dataset
2026-08-14 16:40:30,864 INFO cqros.storage.parquet Read Parquet dataset
2026-08-14 16:40:30,864 INFO cqros.storage.label_repository Loaded label dataset
2026-08-14 16:40:30,927 INFO cqros.storage.parquet Read Parquet dataset
2026-08-14 16:40:30,929 INFO cqros.factors.repository Loaded factors dataset
2026-08-14 16:40:30,953 INFO cqros.storage.parquet Read Parquet dataset
2026-08-14 16:40:30,953 INFO cqros.storage.label_repository Loaded label dataset
2026-08-14 16:40:31,020 INFO cqros.storage.parquet Read Parquet dataset
2026-08-14 16:40:31,022 INFO cqros.factors.repository Loaded factors dataset
2026-08-14 16:40:31,052 INFO cqros.storage.parquet Read Parquet dataset
2026-08-14 16:40:31,052 INFO cqros.storage.label_repository Loaded label dataset
2026-08-14 16:40:31,113 INFO cqros.storage.parquet Read Parquet dataset
2026-08-14 16:40:31,114 INFO cqros.factors.repository Loaded factors dataset
2026-08-14 16:40:31,131 INFO cqros.storage.parquet Read Parquet dataset
2026-08-14 16:40:31,131 INFO cqros.storage.label_repository Loaded label dataset
2026-08-14 16:40:31,194 INFO cqros.storage.parquet Read Parquet dataset
2026-08-14 16:40:31,195 INFO cqros.factors.repository Loaded factors dataset
2026-08-14 16:40:31,212 INFO cqros.storage.parquet Read Parquet dataset
2026-08-14 16:40:31,213 INFO cqros.storage.label_repository Loaded label dataset
2026-08-14 16:40:31,273 INFO cqros.storage.parquet Read Parquet dataset
2026-08-14 16:40:31,274 INFO cqros.factors.repository Loaded factors dataset
2026-08-14 16:40:31,296 INFO cqros.storage.parquet Read Parquet dataset
2026-08-14 16:40:31,297 INFO cqros.storage.label_repository Loaded label dataset
2026-08-14 16:40:31,364 INFO cqros.storage.parquet Read Parquet dataset
2026-08-14 16:40:31,368 INFO cqros.factors.repository Loaded factors dataset
2026-08-14 16:40:31,402 INFO cqros.storage.parquet Read Parquet dataset
2026-08-14 16:40:31,402 INFO cqros.storage.label_repository Loaded label dataset
2026-08-14 16:40:31,474 INFO cqros.storage.parquet Read Parquet dataset
2026-08-14 16:40:31,475 INFO cqros.factors.repository Loaded factors dataset
2026-08-14 16:40:31,494 INFO cqros.storage.parquet Read Parquet dataset
2026-08-14 16:40:31,494 INFO cqros.storage.label_repository Loaded label dataset
2026-08-14 16:40:31,553 INFO cqros.storage.parquet Read Parquet dataset
2026-08-14 16:40:31,554 INFO cqros.factors.repository Loaded factors dataset
2026-08-14 16:40:31,581 INFO cqros.storage.parquet Read Parquet dataset
2026-08-14 16:40:31,582 INFO cqros.storage.label_repository Loaded label dataset
2026-08-14 16:40:31,651 INFO cqros.storage.parquet Read Parquet dataset
2026-08-14 16:40:31,653 INFO cqros.factors.repository Loaded factors dataset
2026-08-14 16:40:31,677 INFO cqros.storage.parquet Read Parquet dataset
2026-08-14 16:40:31,677 INFO cqros.storage.label_repository Loaded label dataset
2026-08-14 16:40:31,746 INFO cqros.storage.parquet Read Parquet dataset
2026-08-14 16:40:31,747 INFO cqros.factors.repository Loaded factors dataset
2026-08-14 16:40:31,769 INFO cqros.storage.parquet Read Parquet dataset
2026-08-14 16:40:31,769 INFO cqros.storage.label_repository Loaded label dataset
2026-08-14 16:40:31,839 INFO cqros.storage.parquet Read Parquet dataset
2026-08-14 16:40:31,840 INFO cqros.factors.repository Loaded factors dataset
2026-08-14 16:40:31,872 INFO cqros.storage.parquet Read Parquet dataset
2026-08-14 16:40:31,872 INFO cqros.storage.label_repository Loaded label dataset
2026-08-14 16:40:31,953 INFO cqros.storage.parquet Read Parquet dataset
2026-08-14 16:40:31,954 INFO cqros.factors.repository Loaded factors dataset
2026-08-14 16:40:31,981 INFO cqros.storage.parquet Read Parquet dataset
2026-08-14 16:40:31,981 INFO cqros.storage.label_repository Loaded label dataset
2026-08-14 16:40:32,078 INFO cqros.storage.parquet Read Parquet dataset
2026-08-14 16:40:32,089 INFO cqros.factors.repository Loaded factors dataset
2026-08-14 16:40:32,112 INFO cqros.storage.parquet Read Parquet dataset
2026-08-14 16:40:32,112 INFO cqros.storage.label_repository Loaded label dataset
2026-08-14 16:40:32,181 INFO cqros.storage.parquet Read Parquet dataset
2026-08-14 16:40:32,182 INFO cqros.factors.repository Loaded factors dataset
2026-08-14 16:40:32,203 INFO cqros.storage.parquet Read Parquet dataset
2026-08-14 16:40:32,203 INFO cqros.storage.label_repository Loaded label dataset
2026-08-14 16:40:32,270 INFO cqros.storage.parquet Read Parquet dataset
2026-08-14 16:40:32,274 INFO cqros.factors.repository Loaded factors dataset
2026-08-14 16:40:32,304 INFO cqros.storage.parquet Read Parquet dataset
2026-08-14 16:40:32,305 INFO cqros.storage.label_repository Loaded label dataset
2026-08-14 16:40:32,389 INFO cqros.storage.parquet Read Parquet dataset
2026-08-14 16:40:32,390 INFO cqros.factors.repository Loaded factors dataset
2026-08-14 16:40:32,420 INFO cqros.storage.parquet Read Parquet dataset
2026-08-14 16:40:32,421 INFO cqros.storage.label_repository Loaded label dataset
2026-08-14 16:40:32,481 INFO cqros.storage.parquet Read Parquet dataset
2026-08-14 16:40:32,482 INFO cqros.factors.repository Loaded factors dataset
2026-08-14 16:40:32,507 INFO cqros.storage.parquet Read Parquet dataset
2026-08-14 16:40:32,508 INFO cqros.storage.label_repository Loaded label dataset
2026-08-14 16:40:32,573 INFO cqros.storage.parquet Read Parquet dataset
2026-08-14 16:40:32,575 INFO cqros.factors.repository Loaded factors dataset
2026-08-14 16:40:32,605 INFO cqros.storage.parquet Read Parquet dataset
2026-08-14 16:40:32,605 INFO cqros.storage.label_repository Loaded label dataset
2026-08-14 16:40:32,673 INFO cqros.storage.parquet Read Parquet dataset
2026-08-14 16:40:32,674 INFO cqros.factors.repository Loaded factors dataset
2026-08-14 16:40:32,695 INFO cqros.storage.parquet Read Parquet dataset
2026-08-14 16:40:32,695 INFO cqros.storage.label_repository Loaded label dataset
2026-08-14 16:40:32,760 INFO cqros.storage.parquet Read Parquet dataset
2026-08-14 16:40:32,763 INFO cqros.factors.repository Loaded factors dataset
2026-08-14 16:40:32,787 INFO cqros.storage.parquet Read Parquet dataset
2026-08-14 16:40:32,787 INFO cqros.storage.label_repository Loaded label dataset
2026-08-14 16:40:32,869 INFO cqros.storage.parquet Read Parquet dataset
2026-08-14 16:40:32,875 INFO cqros.factors.repository Loaded factors dataset
2026-08-14 16:40:32,906 INFO cqros.storage.parquet Read Parquet dataset
2026-08-14 16:40:32,906 INFO cqros.storage.label_repository Loaded label dataset
2026-08-14 16:40:32,968 INFO cqros.storage.parquet Read Parquet dataset
2026-08-14 16:40:32,970 INFO cqros.factors.repository Loaded factors dataset
2026-08-14 16:40:32,992 INFO cqros.storage.parquet Read Parquet dataset
2026-08-14 16:40:32,992 INFO cqros.storage.label_repository Loaded label dataset
2026-08-14 16:40:33,047 INFO cqros.storage.parquet Read Parquet dataset
2026-08-14 16:40:33,048 INFO cqros.factors.repository Loaded factors dataset
2026-08-14 16:40:33,073 INFO cqros.storage.parquet Read Parquet dataset
2026-08-14 16:40:33,073 INFO cqros.storage.label_repository Loaded label dataset
2026-08-14 16:40:33,196 INFO cqros.storage.parquet Read Parquet dataset
2026-08-14 16:40:33,197 INFO cqros.factors.repository Loaded factors dataset
2026-08-14 16:40:33,222 INFO cqros.storage.parquet Read Parquet dataset
2026-08-14 16:40:33,222 INFO cqros.storage.label_repository Loaded label dataset
2026-08-14 16:40:33,278 INFO cqros.storage.parquet Read Parquet dataset
2026-08-14 16:40:33,279 INFO cqros.factors.repository Loaded factors dataset
2026-08-14 16:40:33,297 INFO cqros.storage.parquet Read Parquet dataset
2026-08-14 16:40:33,298 INFO cqros.storage.label_repository Loaded label dataset
2026-08-14 16:40:33,377 INFO cqros.storage.parquet Read Parquet dataset
2026-08-14 16:40:33,377 INFO cqros.factors.repository Loaded factors dataset
2026-08-14 16:40:33,395 INFO cqros.storage.parquet Read Parquet dataset
2026-08-14 16:40:33,395 INFO cqros.storage.label_repository Loaded label dataset
2026-08-14 16:40:33,463 INFO cqros.storage.parquet Read Parquet dataset
2026-08-14 16:40:33,465 INFO cqros.factors.repository Loaded factors dataset
2026-08-14 16:40:33,499 INFO cqros.storage.parquet Read Parquet dataset
2026-08-14 16:40:33,499 INFO cqros.storage.label_repository Loaded label dataset
2026-08-14 16:40:33,570 INFO cqros.storage.parquet Read Parquet dataset
2026-08-14 16:40:33,571 INFO cqros.factors.repository Loaded factors dataset
2026-08-14 16:40:33,596 INFO cqros.storage.parquet Read Parquet dataset
2026-08-14 16:40:33,596 INFO cqros.storage.label_repository Loaded label dataset
2026-08-14 16:40:33,659 INFO cqros.storage.parquet Read Parquet dataset
2026-08-14 16:40:33,662 INFO cqros.factors.repository Loaded factors dataset
2026-08-14 16:40:33,681 INFO cqros.storage.parquet Read Parquet dataset
2026-08-14 16:40:33,682 INFO cqros.storage.label_repository Loaded label dataset
2026-08-14 16:40:33,742 INFO cqros.storage.parquet Read Parquet dataset
2026-08-14 16:40:33,744 INFO cqros.factors.repository Loaded factors dataset
2026-08-14 16:40:33,769 INFO cqros.storage.parquet Read Parquet dataset
2026-08-14 16:40:33,769 INFO cqros.storage.label_repository Loaded label dataset
2026-08-14 16:40:33,839 INFO cqros.storage.parquet Read Parquet dataset
2026-08-14 16:40:33,841 INFO cqros.factors.repository Loaded factors dataset
2026-08-14 16:40:33,873 INFO cqros.storage.parquet Read Parquet dataset
2026-08-14 16:40:33,873 INFO cqros.storage.label_repository Loaded label dataset
2026-08-14 16:40:33,947 INFO cqros.storage.parquet Read Parquet dataset
2026-08-14 16:40:33,948 INFO cqros.factors.repository Loaded factors dataset
2026-08-14 16:40:33,978 INFO cqros.storage.parquet Read Parquet dataset
2026-08-14 16:40:33,979 INFO cqros.storage.label_repository Loaded label dataset
2026-08-14 16:40:34,044 INFO cqros.storage.parquet Read Parquet dataset
2026-08-14 16:40:34,045 INFO cqros.factors.repository Loaded factors dataset
2026-08-14 16:40:34,065 INFO cqros.storage.parquet Read Parquet dataset
2026-08-14 16:40:34,065 INFO cqros.storage.label_repository Loaded label dataset
2026-08-14 16:40:34,127 INFO cqros.storage.parquet Read Parquet dataset
2026-08-14 16:40:34,129 INFO cqros.factors.repository Loaded factors dataset
2026-08-14 16:40:34,153 INFO cqros.storage.parquet Read Parquet dataset
2026-08-14 16:40:34,154 INFO cqros.storage.label_repository Loaded label dataset
2026-08-14 16:40:34,228 INFO cqros.storage.parquet Read Parquet dataset
2026-08-14 16:40:34,229 INFO cqros.factors.repository Loaded factors dataset
2026-08-14 16:40:34,281 INFO cqros.storage.parquet Read Parquet dataset
2026-08-14 16:40:34,281 INFO cqros.storage.label_repository Loaded label dataset
2026-08-14 16:40:34,363 INFO cqros.storage.parquet Read Parquet dataset
2026-08-14 16:40:34,364 INFO cqros.factors.repository Loaded factors dataset
2026-08-14 16:40:34,394 INFO cqros.storage.parquet Read Parquet dataset
2026-08-14 16:40:34,394 INFO cqros.storage.label_repository Loaded label dataset
2026-08-14 16:40:34,464 INFO cqros.storage.parquet Read Parquet dataset
2026-08-14 16:40:34,465 INFO cqros.factors.repository Loaded factors dataset
2026-08-14 16:40:34,485 INFO cqros.storage.parquet Read Parquet dataset
2026-08-14 16:40:34,485 INFO cqros.storage.label_repository Loaded label dataset
2026-08-14 16:40:34,572 INFO cqros.storage.parquet Read Parquet dataset
2026-08-14 16:40:34,579 INFO cqros.factors.repository Loaded factors dataset
2026-08-14 16:40:34,611 INFO cqros.storage.parquet Read Parquet dataset
2026-08-14 16:40:34,611 INFO cqros.storage.label_repository Loaded label dataset
2026-08-14 16:40:34,714 INFO cqros.storage.parquet Read Parquet dataset
2026-08-14 16:40:34,716 INFO cqros.factors.repository Loaded factors dataset
2026-08-14 16:40:34,748 INFO cqros.storage.parquet Read Parquet dataset
2026-08-14 16:40:34,748 INFO cqros.storage.label_repository Loaded label dataset
2026-08-14 16:40:34,857 INFO cqros.storage.parquet Read Parquet dataset
2026-08-14 16:40:34,861 INFO cqros.factors.repository Loaded factors dataset
2026-08-14 16:40:34,912 INFO cqros.storage.parquet Read Parquet dataset
2026-08-14 16:40:34,912 INFO cqros.storage.label_repository Loaded label dataset
2026-08-14 16:40:35,007 INFO cqros.storage.parquet Read Parquet dataset
2026-08-14 16:40:35,011 INFO cqros.factors.repository Loaded factors dataset
2026-08-14 16:40:35,049 INFO cqros.storage.parquet Read Parquet dataset
2026-08-14 16:40:35,049 INFO cqros.storage.label_repository Loaded label dataset
2026-08-14 16:40:35,223 INFO cqros.storage.parquet Read Parquet dataset
2026-08-14 16:40:35,256 INFO cqros.factors.repository Loaded factors dataset
2026-08-14 16:40:35,294 INFO cqros.storage.parquet Read Parquet dataset
2026-08-14 16:40:35,294 INFO cqros.storage.label_repository Loaded label dataset
2026-08-14 16:40:35,439 INFO cqros.storage.parquet Read Parquet dataset
2026-08-14 16:40:35,444 INFO cqros.factors.repository Loaded factors dataset
2026-08-14 16:40:35,472 INFO cqros.storage.parquet Read Parquet dataset
2026-08-14 16:40:35,472 INFO cqros.storage.label_repository Loaded label dataset
2026-08-14 16:40:35,563 INFO cqros.storage.parquet Read Parquet dataset
2026-08-14 16:40:35,564 INFO cqros.factors.repository Loaded factors dataset
2026-08-14 16:40:35,595 INFO cqros.storage.parquet Read Parquet dataset
2026-08-14 16:40:35,595 INFO cqros.storage.label_repository Loaded label dataset
2026-08-14 16:40:35,672 INFO cqros.storage.parquet Read Parquet dataset
2026-08-14 16:40:35,674 INFO cqros.factors.repository Loaded factors dataset
2026-08-14 16:40:35,707 INFO cqros.storage.parquet Read Parquet dataset
2026-08-14 16:40:35,707 INFO cqros.storage.label_repository Loaded label dataset
2026-08-14 16:40:35,789 INFO cqros.storage.parquet Read Parquet dataset
2026-08-14 16:40:35,791 INFO cqros.factors.repository Loaded factors dataset
2026-08-14 16:40:35,830 INFO cqros.storage.parquet Read Parquet dataset
2026-08-14 16:40:35,831 INFO cqros.storage.label_repository Loaded label dataset
2026-08-14 16:40:35,916 INFO cqros.storage.parquet Read Parquet dataset
2026-08-14 16:40:35,926 INFO cqros.factors.repository Loaded factors dataset
2026-08-14 16:40:35,956 INFO cqros.storage.parquet Read Parquet dataset
2026-08-14 16:40:35,956 INFO cqros.storage.label_repository Loaded label dataset
2026-08-14 16:40:36,059 INFO cqros.storage.parquet Read Parquet dataset
2026-08-14 16:40:36,061 INFO cqros.factors.repository Loaded factors dataset
2026-08-14 16:40:36,092 INFO cqros.storage.parquet Read Parquet dataset
2026-08-14 16:40:36,092 INFO cqros.storage.label_repository Loaded label dataset
2026-08-14 16:40:36,193 INFO cqros.storage.parquet Read Parquet dataset
2026-08-14 16:40:36,195 INFO cqros.factors.repository Loaded factors dataset
2026-08-14 16:40:36,233 INFO cqros.storage.parquet Read Parquet dataset
2026-08-14 16:40:36,233 INFO cqros.storage.label_repository Loaded label dataset
2026-08-14 16:40:36,326 INFO cqros.storage.parquet Read Parquet dataset
2026-08-14 16:40:36,327 INFO cqros.factors.repository Loaded factors dataset
2026-08-14 16:40:36,357 INFO cqros.storage.parquet Read Parquet dataset
2026-08-14 16:40:36,357 INFO cqros.storage.label_repository Loaded label dataset
2026-08-14 16:40:36,429 INFO cqros.storage.parquet Read Parquet dataset
2026-08-14 16:40:36,430 INFO cqros.factors.repository Loaded factors dataset
2026-08-14 16:40:36,456 INFO cqros.storage.parquet Read Parquet dataset
2026-08-14 16:40:36,456 INFO cqros.storage.label_repository Loaded label dataset
2026-08-14 16:40:36,537 INFO cqros.storage.parquet Read Parquet dataset
2026-08-14 16:40:36,539 INFO cqros.factors.repository Loaded factors dataset
2026-08-14 16:40:36,569 INFO cqros.storage.parquet Read Parquet dataset
2026-08-14 16:40:36,569 INFO cqros.storage.label_repository Loaded label dataset
2026-08-14 16:40:36,646 INFO cqros.storage.parquet Read Parquet dataset
2026-08-14 16:40:36,647 INFO cqros.factors.repository Loaded factors dataset
2026-08-14 16:40:36,672 INFO cqros.storage.parquet Read Parquet dataset
2026-08-14 16:40:36,672 INFO cqros.storage.label_repository Loaded label dataset
2026-08-14 16:40:36,738 INFO cqros.storage.parquet Read Parquet dataset
2026-08-14 16:40:36,739 INFO cqros.factors.repository Loaded factors dataset
2026-08-14 16:40:36,760 INFO cqros.storage.parquet Read Parquet dataset
2026-08-14 16:40:36,760 INFO cqros.storage.label_repository Loaded label dataset
2026-08-14 16:40:36,830 INFO cqros.storage.parquet Read Parquet dataset
2026-08-14 16:40:36,833 INFO cqros.factors.repository Loaded factors dataset
2026-08-14 16:40:36,871 INFO cqros.storage.parquet Read Parquet dataset
2026-08-14 16:40:36,871 INFO cqros.storage.label_repository Loaded label dataset
2026-08-14 16:40:37,075 INFO cqros.storage.parquet Read Parquet dataset
2026-08-14 16:40:37,089 INFO cqros.factors.repository Loaded factors dataset
2026-08-14 16:40:37,140 INFO cqros.storage.parquet Read Parquet dataset
2026-08-14 16:40:37,140 INFO cqros.storage.label_repository Loaded label dataset
2026-08-14 16:40:37,286 INFO cqros.storage.parquet Read Parquet dataset
2026-08-14 16:40:37,289 INFO cqros.factors.repository Loaded factors dataset
2026-08-14 16:40:37,331 INFO cqros.storage.parquet Read Parquet dataset
2026-08-14 16:40:37,331 INFO cqros.storage.label_repository Loaded label dataset
2026-08-14 16:40:37,589 INFO cqros.storage.parquet Read Parquet dataset
2026-08-14 16:40:37,614 INFO cqros.factors.repository Loaded factors dataset
2026-08-14 16:40:37,664 INFO cqros.storage.parquet Read Parquet dataset
2026-08-14 16:40:37,664 INFO cqros.storage.label_repository Loaded label dataset
2026-08-14 16:40:37,796 INFO cqros.storage.parquet Read Parquet dataset
2026-08-14 16:40:37,800 INFO cqros.factors.repository Loaded factors dataset
2026-08-14 16:40:37,868 INFO cqros.storage.parquet Read Parquet dataset
2026-08-14 16:40:37,869 INFO cqros.storage.label_repository Loaded label dataset
2026-08-14 16:40:38,055 INFO cqros.storage.parquet Read Parquet dataset
2026-08-14 16:40:38,057 INFO cqros.factors.repository Loaded factors dataset
2026-08-14 16:40:38,123 INFO cqros.storage.parquet Read Parquet dataset
2026-08-14 16:40:38,123 INFO cqros.storage.label_repository Loaded label dataset
2026-08-14 16:40:38,265 INFO cqros.storage.parquet Read Parquet dataset
2026-08-14 16:40:38,310 INFO cqros.factors.repository Loaded factors dataset
2026-08-14 16:40:38,347 INFO cqros.storage.parquet Read Parquet dataset
2026-08-14 16:40:38,347 INFO cqros.storage.label_repository Loaded label dataset
2026-08-14 16:40:38,460 INFO cqros.storage.parquet Read Parquet dataset
2026-08-14 16:40:38,463 INFO cqros.factors.repository Loaded factors dataset
2026-08-14 16:40:38,517 INFO cqros.storage.parquet Read Parquet dataset
2026-08-14 16:40:38,517 INFO cqros.storage.label_repository Loaded label dataset
2026-08-14 16:40:38,648 INFO cqros.storage.parquet Read Parquet dataset
2026-08-14 16:40:38,655 INFO cqros.factors.repository Loaded factors dataset
2026-08-14 16:40:38,697 INFO cqros.storage.parquet Read Parquet dataset
2026-08-14 16:40:38,697 INFO cqros.storage.label_repository Loaded label dataset
2026-08-14 16:40:38,866 INFO cqros.storage.parquet Read Parquet dataset
2026-08-14 16:40:38,872 INFO cqros.factors.repository Loaded factors dataset
2026-08-14 16:40:38,910 INFO cqros.storage.parquet Read Parquet dataset
2026-08-14 16:40:38,910 INFO cqros.storage.label_repository Loaded label dataset
2026-08-14 16:40:38,996 INFO cqros.storage.parquet Read Parquet dataset
2026-08-14 16:40:38,997 INFO cqros.factors.repository Loaded factors dataset
2026-08-14 16:40:39,038 INFO cqros.storage.parquet Read Parquet dataset
2026-08-14 16:40:39,038 INFO cqros.storage.label_repository Loaded label dataset
2026-08-14 16:40:39,147 INFO cqros.storage.parquet Read Parquet dataset
2026-08-14 16:40:39,155 INFO cqros.factors.repository Loaded factors dataset
2026-08-14 16:40:39,184 INFO cqros.storage.parquet Read Parquet dataset
2026-08-14 16:40:39,184 INFO cqros.storage.label_repository Loaded label dataset
2026-08-14 16:40:39,280 INFO cqros.storage.parquet Read Parquet dataset
2026-08-14 16:40:39,281 INFO cqros.factors.repository Loaded factors dataset
2026-08-14 16:40:39,333 INFO cqros.storage.parquet Read Parquet dataset
2026-08-14 16:40:39,333 INFO cqros.storage.label_repository Loaded label dataset
2026-08-14 16:40:39,403 INFO cqros.storage.parquet Read Parquet dataset
2026-08-14 16:40:39,404 INFO cqros.factors.repository Loaded factors dataset
2026-08-14 16:40:39,426 INFO cqros.storage.parquet Read Parquet dataset
2026-08-14 16:40:39,426 INFO cqros.storage.label_repository Loaded label dataset
2026-08-14 16:40:39,506 INFO cqros.storage.parquet Read Parquet dataset
2026-08-14 16:40:39,511 INFO cqros.factors.repository Loaded factors dataset
2026-08-14 16:40:39,553 INFO cqros.storage.parquet Read Parquet dataset
2026-08-14 16:40:39,553 INFO cqros.storage.label_repository Loaded label dataset
2026-08-14 16:40:39,671 INFO cqros.storage.parquet Read Parquet dataset
2026-08-14 16:40:39,673 INFO cqros.factors.repository Loaded factors dataset
2026-08-14 16:40:39,698 INFO cqros.storage.parquet Read Parquet dataset
2026-08-14 16:40:39,698 INFO cqros.storage.label_repository Loaded label dataset
2026-08-14 16:40:39,774 INFO cqros.storage.parquet Read Parquet dataset
2026-08-14 16:40:39,775 INFO cqros.factors.repository Loaded factors dataset
2026-08-14 16:40:39,804 INFO cqros.storage.parquet Read Parquet dataset
2026-08-14 16:40:39,805 INFO cqros.storage.label_repository Loaded label dataset
2026-08-14 16:40:39,875 INFO cqros.storage.parquet Read Parquet dataset
2026-08-14 16:40:39,877 INFO cqros.factors.repository Loaded factors dataset
2026-08-14 16:40:39,908 INFO cqros.storage.parquet Read Parquet dataset
2026-08-14 16:40:39,908 INFO cqros.storage.label_repository Loaded label dataset
2026-08-14 16:40:39,993 INFO cqros.storage.parquet Read Parquet dataset
2026-08-14 16:40:40,013 INFO cqros.factors.repository Loaded factors dataset
2026-08-14 16:40:40,057 INFO cqros.storage.parquet Read Parquet dataset
2026-08-14 16:40:40,057 INFO cqros.storage.label_repository Loaded label dataset
2026-08-14 16:40:40,135 INFO cqros.storage.parquet Read Parquet dataset
2026-08-14 16:40:40,138 INFO cqros.factors.repository Loaded factors dataset
2026-08-14 16:40:40,163 INFO cqros.storage.parquet Read Parquet dataset
2026-08-14 16:40:40,164 INFO cqros.storage.label_repository Loaded label dataset
2026-08-14 16:40:40,234 INFO cqros.storage.parquet Read Parquet dataset
2026-08-14 16:40:40,236 INFO cqros.factors.repository Loaded factors dataset
2026-08-14 16:40:40,264 INFO cqros.storage.parquet Read Parquet dataset
2026-08-14 16:40:40,264 INFO cqros.storage.label_repository Loaded label dataset
2026-08-14 16:40:40,368 INFO cqros.storage.parquet Read Parquet dataset
2026-08-14 16:40:40,380 INFO cqros.factors.repository Loaded factors dataset
2026-08-14 16:40:40,415 INFO cqros.storage.parquet Read Parquet dataset
2026-08-14 16:40:40,415 INFO cqros.storage.label_repository Loaded label dataset
2026-08-14 16:40:40,537 INFO cqros.storage.parquet Read Parquet dataset
2026-08-14 16:40:40,540 INFO cqros.factors.repository Loaded factors dataset
2026-08-14 16:40:40,565 INFO cqros.storage.parquet Read Parquet dataset
2026-08-14 16:40:40,565 INFO cqros.storage.label_repository Loaded label dataset
2026-08-14 16:40:40,707 INFO cqros.storage.parquet Read Parquet dataset
2026-08-14 16:40:40,708 INFO cqros.factors.repository Loaded factors dataset
2026-08-14 16:40:40,734 INFO cqros.storage.parquet Read Parquet dataset
2026-08-14 16:40:40,734 INFO cqros.storage.label_repository Loaded label dataset
2026-08-14 16:40:40,855 INFO cqros.storage.parquet Read Parquet dataset
2026-08-14 16:40:40,859 INFO cqros.factors.repository Loaded factors dataset
2026-08-14 16:40:40,886 INFO cqros.storage.parquet Read Parquet dataset
2026-08-14 16:40:40,886 INFO cqros.storage.label_repository Loaded label dataset
2026-08-14 16:40:41,004 INFO cqros.storage.parquet Read Parquet dataset
2026-08-14 16:40:41,014 INFO cqros.factors.repository Loaded factors dataset
2026-08-14 16:40:41,078 INFO cqros.storage.parquet Read Parquet dataset
2026-08-14 16:40:41,078 INFO cqros.storage.label_repository Loaded label dataset
2026-08-14 16:40:41,188 INFO cqros.storage.parquet Read Parquet dataset
2026-08-14 16:40:41,189 INFO cqros.factors.repository Loaded factors dataset
2026-08-14 16:40:41,215 INFO cqros.storage.parquet Read Parquet dataset
2026-08-14 16:40:41,216 INFO cqros.storage.label_repository Loaded label dataset
2026-08-14 16:40:41,316 INFO cqros.storage.parquet Read Parquet dataset
2026-08-14 16:40:41,317 INFO cqros.factors.repository Loaded factors dataset
2026-08-14 16:40:41,342 INFO cqros.storage.parquet Read Parquet dataset
2026-08-14 16:40:41,342 INFO cqros.storage.label_repository Loaded label dataset
2026-08-14 16:40:41,603 INFO cqros.storage.parquet Read Parquet dataset
2026-08-14 16:40:41,606 INFO cqros.factors.repository Loaded factors dataset
2026-08-14 16:40:41,633 INFO cqros.storage.parquet Read Parquet dataset
2026-08-14 16:40:41,633 INFO cqros.storage.label_repository Loaded label dataset
2026-08-14 16:40:41,737 INFO cqros.storage.parquet Read Parquet dataset
2026-08-14 16:40:41,741 INFO cqros.factors.repository Loaded factors dataset
2026-08-14 16:40:41,770 INFO cqros.storage.parquet Read Parquet dataset
2026-08-14 16:40:41,771 INFO cqros.storage.label_repository Loaded label dataset
2026-08-14 16:40:41,868 INFO cqros.storage.parquet Read Parquet dataset
2026-08-14 16:40:41,873 INFO cqros.factors.repository Loaded factors dataset
2026-08-14 16:40:41,904 INFO cqros.storage.parquet Read Parquet dataset
2026-08-14 16:40:41,904 INFO cqros.storage.label_repository Loaded label dataset
2026-08-14 16:40:41,989 INFO cqros.storage.parquet Read Parquet dataset
2026-08-14 16:40:42,022 INFO cqros.factors.repository Loaded factors dataset
2026-08-14 16:40:42,087 INFO cqros.storage.parquet Read Parquet dataset
2026-08-14 16:40:42,087 INFO cqros.storage.label_repository Loaded label dataset
2026-08-14 16:40:42,254 INFO cqros.storage.parquet Read Parquet dataset
2026-08-14 16:40:42,257 INFO cqros.factors.repository Loaded factors dataset
2026-08-14 16:40:42,406 INFO cqros.storage.parquet Read Parquet dataset
2026-08-14 16:40:42,407 INFO cqros.storage.label_repository Loaded label dataset
2026-08-14 16:40:42,542 INFO cqros.storage.parquet Read Parquet dataset
2026-08-14 16:40:42,568 INFO cqros.factors.repository Loaded factors dataset
2026-08-14 16:40:42,623 INFO cqros.storage.parquet Read Parquet dataset
2026-08-14 16:40:42,623 INFO cqros.storage.label_repository Loaded label dataset
2026-08-14 16:40:42,740 INFO cqros.storage.parquet Read Parquet dataset
2026-08-14 16:40:42,746 INFO cqros.factors.repository Loaded factors dataset
2026-08-14 16:40:42,796 INFO cqros.storage.parquet Read Parquet dataset
2026-08-14 16:40:42,796 INFO cqros.storage.label_repository Loaded label dataset
2026-08-14 16:40:42,932 INFO cqros.storage.parquet Read Parquet dataset
2026-08-14 16:40:42,949 INFO cqros.factors.repository Loaded factors dataset
2026-08-14 16:40:42,990 INFO cqros.storage.parquet Read Parquet dataset
2026-08-14 16:40:42,991 INFO cqros.storage.label_repository Loaded label dataset
2026-08-14 16:40:43,102 INFO cqros.storage.parquet Read Parquet dataset
2026-08-14 16:40:43,108 INFO cqros.factors.repository Loaded factors dataset
2026-08-14 16:40:43,140 INFO cqros.storage.parquet Read Parquet dataset
2026-08-14 16:40:43,141 INFO cqros.storage.label_repository Loaded label dataset
2026-08-14 16:40:43,230 INFO cqros.storage.parquet Read Parquet dataset
2026-08-14 16:40:43,256 INFO cqros.factors.repository Loaded factors dataset
2026-08-14 16:40:43,306 INFO cqros.storage.parquet Read Parquet dataset
2026-08-14 16:40:43,306 INFO cqros.storage.label_repository Loaded label dataset
2026-08-14 16:40:43,383 INFO cqros.storage.parquet Read Parquet dataset
2026-08-14 16:40:43,384 INFO cqros.factors.repository Loaded factors dataset
2026-08-14 16:40:43,413 INFO cqros.storage.parquet Read Parquet dataset
2026-08-14 16:40:43,413 INFO cqros.storage.label_repository Loaded label dataset
2026-08-14 16:40:43,475 INFO cqros.storage.parquet Read Parquet dataset
2026-08-14 16:40:43,476 INFO cqros.factors.repository Loaded factors dataset
2026-08-14 16:40:43,505 INFO cqros.storage.parquet Read Parquet dataset
2026-08-14 16:40:43,505 INFO cqros.storage.label_repository Loaded label dataset
2026-08-14 16:40:43,586 INFO cqros.storage.parquet Read Parquet dataset
2026-08-14 16:40:43,589 INFO cqros.factors.repository Loaded factors dataset
2026-08-14 16:40:43,624 INFO cqros.storage.parquet Read Parquet dataset
2026-08-14 16:40:43,624 INFO cqros.storage.label_repository Loaded label dataset
2026-08-14 16:40:43,690 INFO cqros.storage.parquet Read Parquet dataset
2026-08-14 16:40:43,691 INFO cqros.factors.repository Loaded factors dataset
2026-08-14 16:40:43,721 INFO cqros.storage.parquet Read Parquet dataset
2026-08-14 16:40:43,722 INFO cqros.storage.label_repository Loaded label dataset
2026-08-14 16:40:43,802 INFO cqros.storage.parquet Read Parquet dataset
2026-08-14 16:40:43,809 INFO cqros.factors.repository Loaded factors dataset
2026-08-14 16:40:43,839 INFO cqros.storage.parquet Read Parquet dataset
2026-08-14 16:40:43,839 INFO cqros.storage.label_repository Loaded label dataset
2026-08-14 16:40:43,913 INFO cqros.storage.parquet Read Parquet dataset
2026-08-14 16:40:43,914 INFO cqros.factors.repository Loaded factors dataset
2026-08-14 16:40:43,945 INFO cqros.storage.parquet Read Parquet dataset
2026-08-14 16:40:43,945 INFO cqros.storage.label_repository Loaded label dataset
2026-08-14 16:40:44,015 INFO cqros.storage.parquet Read Parquet dataset
2026-08-14 16:40:44,016 INFO cqros.factors.repository Loaded factors dataset
2026-08-14 16:40:44,047 INFO cqros.storage.parquet Read Parquet dataset
2026-08-14 16:40:44,047 INFO cqros.storage.label_repository Loaded label dataset
2026-08-14 16:40:44,126 INFO cqros.storage.parquet Read Parquet dataset
2026-08-14 16:40:44,127 INFO cqros.factors.repository Loaded factors dataset
2026-08-14 16:40:44,151 INFO cqros.storage.parquet Read Parquet dataset
2026-08-14 16:40:44,151 INFO cqros.storage.label_repository Loaded label dataset
2026-08-14 16:40:44,230 INFO cqros.storage.parquet Read Parquet dataset
2026-08-14 16:40:44,232 INFO cqros.factors.repository Loaded factors dataset
2026-08-14 16:40:44,264 INFO cqros.storage.parquet Read Parquet dataset
2026-08-14 16:40:44,264 INFO cqros.storage.label_repository Loaded label dataset
2026-08-14 16:40:44,341 INFO cqros.storage.parquet Read Parquet dataset
2026-08-14 16:40:44,343 INFO cqros.factors.repository Loaded factors dataset
2026-08-14 16:40:44,374 INFO cqros.storage.parquet Read Parquet dataset
2026-08-14 16:40:44,374 INFO cqros.storage.label_repository Loaded label dataset
2026-08-14 16:40:44,442 INFO cqros.storage.parquet Read Parquet dataset
2026-08-14 16:40:44,443 INFO cqros.factors.repository Loaded factors dataset
2026-08-14 16:40:44,467 INFO cqros.storage.parquet Read Parquet dataset
2026-08-14 16:40:44,467 INFO cqros.storage.label_repository Loaded label dataset
2026-08-14 16:40:44,535 INFO cqros.storage.parquet Read Parquet dataset
2026-08-14 16:40:44,536 INFO cqros.factors.repository Loaded factors dataset
2026-08-14 16:40:44,558 INFO cqros.storage.parquet Read Parquet dataset
2026-08-14 16:40:44,558 INFO cqros.storage.label_repository Loaded label dataset
2026-08-14 16:40:44,620 INFO cqros.storage.parquet Read Parquet dataset
2026-08-14 16:40:44,623 INFO cqros.factors.repository Loaded factors dataset
2026-08-14 16:40:44,645 INFO cqros.storage.parquet Read Parquet dataset
2026-08-14 16:40:44,645 INFO cqros.storage.label_repository Loaded label dataset
2026-08-14 16:40:44,719 INFO cqros.storage.parquet Read Parquet dataset
2026-08-14 16:40:44,723 INFO cqros.factors.repository Loaded factors dataset
2026-08-14 16:40:44,749 INFO cqros.storage.parquet Read Parquet dataset
2026-08-14 16:40:44,750 INFO cqros.storage.label_repository Loaded label dataset
2026-08-14 16:40:44,835 INFO cqros.storage.parquet Read Parquet dataset
2026-08-14 16:40:44,839 INFO cqros.factors.repository Loaded factors dataset
2026-08-14 16:40:44,859 INFO cqros.storage.parquet Read Parquet dataset
2026-08-14 16:40:44,860 INFO cqros.storage.label_repository Loaded label dataset
2026-08-14 16:40:44,930 INFO cqros.storage.parquet Read Parquet dataset
2026-08-14 16:40:44,931 INFO cqros.factors.repository Loaded factors dataset
2026-08-14 16:40:44,965 INFO cqros.storage.parquet Read Parquet dataset
2026-08-14 16:40:44,965 INFO cqros.storage.label_repository Loaded label dataset
2026-08-14 16:40:45,042 INFO cqros.storage.parquet Read Parquet dataset
2026-08-14 16:40:45,043 INFO cqros.factors.repository Loaded factors dataset
2026-08-14 16:40:45,068 INFO cqros.storage.parquet Read Parquet dataset
2026-08-14 16:40:45,069 INFO cqros.storage.label_repository Loaded label dataset
2026-08-14 16:40:45,134 INFO cqros.storage.parquet Read Parquet dataset
2026-08-14 16:40:45,135 INFO cqros.factors.repository Loaded factors dataset
2026-08-14 16:40:45,155 INFO cqros.storage.parquet Read Parquet dataset
2026-08-14 16:40:45,155 INFO cqros.storage.label_repository Loaded label dataset
2026-08-14 16:40:45,227 INFO cqros.storage.parquet Read Parquet dataset
2026-08-14 16:40:45,228 INFO cqros.factors.repository Loaded factors dataset
2026-08-14 16:40:45,259 INFO cqros.storage.parquet Read Parquet dataset
2026-08-14 16:40:45,259 INFO cqros.storage.label_repository Loaded label dataset
2026-08-14 16:40:45,328 INFO cqros.storage.parquet Read Parquet dataset
2026-08-14 16:40:45,329 INFO cqros.factors.repository Loaded factors dataset
2026-08-14 16:40:45,362 INFO cqros.storage.parquet Read Parquet dataset
2026-08-14 16:40:45,362 INFO cqros.storage.label_repository Loaded label dataset
2026-08-14 16:40:45,439 INFO cqros.storage.parquet Read Parquet dataset
2026-08-14 16:40:45,441 INFO cqros.factors.repository Loaded factors dataset
2026-08-14 16:40:45,468 INFO cqros.storage.parquet Read Parquet dataset
2026-08-14 16:40:45,468 INFO cqros.storage.label_repository Loaded label dataset
2026-08-14 16:40:45,534 INFO cqros.storage.parquet Read Parquet dataset
2026-08-14 16:40:45,535 INFO cqros.factors.repository Loaded factors dataset
2026-08-14 16:40:45,558 INFO cqros.storage.parquet Read Parquet dataset
2026-08-14 16:40:45,559 INFO cqros.storage.label_repository Loaded label dataset
2026-08-14 16:40:45,637 INFO cqros.storage.parquet Read Parquet dataset
2026-08-14 16:40:45,640 INFO cqros.factors.repository Loaded factors dataset
2026-08-14 16:40:45,678 INFO cqros.storage.parquet Read Parquet dataset
2026-08-14 16:40:45,678 INFO cqros.storage.label_repository Loaded label dataset
2026-08-14 16:40:45,745 INFO cqros.storage.parquet Read Parquet dataset
2026-08-14 16:40:45,747 INFO cqros.factors.repository Loaded factors dataset
2026-08-14 16:40:45,775 INFO cqros.storage.parquet Read Parquet dataset
2026-08-14 16:40:45,775 INFO cqros.storage.label_repository Loaded label dataset
2026-08-14 16:40:45,929 INFO cqros.storage.parquet Read Parquet dataset
2026-08-14 16:40:45,932 INFO cqros.factors.repository Loaded factors dataset
2026-08-14 16:40:45,964 INFO cqros.storage.parquet Read Parquet dataset
2026-08-14 16:40:45,964 INFO cqros.storage.label_repository Loaded label dataset
2026-08-14 16:40:46,093 INFO cqros.storage.parquet Read Parquet dataset
2026-08-14 16:40:46,094 INFO cqros.factors.repository Loaded factors dataset
2026-08-14 16:40:46,128 INFO cqros.storage.parquet Read Parquet dataset
2026-08-14 16:40:46,128 INFO cqros.storage.label_repository Loaded label dataset
2026-08-14 16:40:46,241 INFO cqros.storage.parquet Read Parquet dataset
2026-08-14 16:40:46,243 INFO cqros.factors.repository Loaded factors dataset
2026-08-14 16:40:46,279 INFO cqros.storage.parquet Read Parquet dataset
2026-08-14 16:40:46,279 INFO cqros.storage.label_repository Loaded label dataset
2026-08-14 16:40:46,383 INFO cqros.storage.parquet Read Parquet dataset
2026-08-14 16:40:46,384 INFO cqros.factors.repository Loaded factors dataset
2026-08-14 16:40:46,412 INFO cqros.storage.parquet Read Parquet dataset
2026-08-14 16:40:46,412 INFO cqros.storage.label_repository Loaded label dataset
2026-08-14 16:40:46,525 INFO cqros.storage.parquet Read Parquet dataset
2026-08-14 16:40:46,527 INFO cqros.factors.repository Loaded factors dataset
2026-08-14 16:40:46,562 INFO cqros.storage.parquet Read Parquet dataset
2026-08-14 16:40:46,562 INFO cqros.storage.label_repository Loaded label dataset
2026-08-14 16:40:46,776 INFO cqros.storage.parquet Read Parquet dataset
2026-08-14 16:40:46,793 INFO cqros.factors.repository Loaded factors dataset
2026-08-14 16:40:46,836 INFO cqros.storage.parquet Read Parquet dataset
2026-08-14 16:40:46,836 INFO cqros.storage.label_repository Loaded label dataset
2026-08-14 16:40:46,959 INFO cqros.storage.parquet Read Parquet dataset
2026-08-14 16:40:46,962 INFO cqros.factors.repository Loaded factors dataset
2026-08-14 16:40:46,998 INFO cqros.storage.parquet Read Parquet dataset
2026-08-14 16:40:46,998 INFO cqros.storage.label_repository Loaded label dataset
2026-08-14 16:40:47,086 INFO cqros.storage.parquet Read Parquet dataset
2026-08-14 16:40:47,097 INFO cqros.factors.repository Loaded factors dataset
2026-08-14 16:40:47,136 INFO cqros.storage.parquet Read Parquet dataset
2026-08-14 16:40:47,136 INFO cqros.storage.label_repository Loaded label dataset
2026-08-14 16:40:47,270 INFO cqros.storage.parquet Read Parquet dataset
2026-08-14 16:40:47,279 INFO cqros.factors.repository Loaded factors dataset
2026-08-14 16:40:47,344 INFO cqros.storage.parquet Read Parquet dataset
2026-08-14 16:40:47,344 INFO cqros.storage.label_repository Loaded label dataset
2026-08-14 16:40:47,519 INFO cqros.storage.parquet Read Parquet dataset
2026-08-14 16:40:47,533 INFO cqros.factors.repository Loaded factors dataset
2026-08-14 16:40:47,581 INFO cqros.storage.parquet Read Parquet dataset
2026-08-14 16:40:47,582 INFO cqros.storage.label_repository Loaded label dataset
2026-08-14 16:40:47,658 INFO cqros.storage.parquet Read Parquet dataset
2026-08-14 16:40:47,659 INFO cqros.factors.repository Loaded factors dataset
2026-08-14 16:40:47,689 INFO cqros.storage.parquet Read Parquet dataset
2026-08-14 16:40:47,690 INFO cqros.storage.label_repository Loaded label dataset
2026-08-14 16:40:47,758 INFO cqros.storage.parquet Read Parquet dataset
2026-08-14 16:40:47,760 INFO cqros.factors.repository Loaded factors dataset
2026-08-14 16:40:47,786 INFO cqros.storage.parquet Read Parquet dataset
2026-08-14 16:40:47,786 INFO cqros.storage.label_repository Loaded label dataset
2026-08-14 16:40:47,904 INFO cqros.storage.parquet Read Parquet dataset
2026-08-14 16:40:47,910 INFO cqros.factors.repository Loaded factors dataset
2026-08-14 16:40:47,943 INFO cqros.storage.parquet Read Parquet dataset
2026-08-14 16:40:47,944 INFO cqros.storage.label_repository Loaded label dataset
2026-08-14 16:40:48,020 INFO cqros.storage.parquet Read Parquet dataset
2026-08-14 16:40:48,023 INFO cqros.factors.repository Loaded factors dataset
2026-08-14 16:40:48,049 INFO cqros.storage.parquet Read Parquet dataset
2026-08-14 16:40:48,049 INFO cqros.storage.label_repository Loaded label dataset
2026-08-14 16:40:48,123 INFO cqros.storage.parquet Read Parquet dataset
2026-08-14 16:40:48,124 INFO cqros.factors.repository Loaded factors dataset
2026-08-14 16:40:48,147 INFO cqros.storage.parquet Read Parquet dataset
2026-08-14 16:40:48,147 INFO cqros.storage.label_repository Loaded label dataset
2026-08-14 16:40:48,233 INFO cqros.storage.parquet Read Parquet dataset
2026-08-14 16:40:48,235 INFO cqros.factors.repository Loaded factors dataset
2026-08-14 16:40:48,264 INFO cqros.storage.parquet Read Parquet dataset
2026-08-14 16:40:48,265 INFO cqros.storage.label_repository Loaded label dataset
2026-08-14 16:40:48,338 INFO cqros.storage.parquet Read Parquet dataset
2026-08-14 16:40:48,341 INFO cqros.factors.repository Loaded factors dataset
2026-08-14 16:40:48,377 INFO cqros.storage.parquet Read Parquet dataset
2026-08-14 16:40:48,377 INFO cqros.storage.label_repository Loaded label dataset
2026-08-14 16:40:48,452 INFO cqros.storage.parquet Read Parquet dataset
2026-08-14 16:40:48,453 INFO cqros.factors.repository Loaded factors dataset
2026-08-14 16:40:48,480 INFO cqros.storage.parquet Read Parquet dataset
2026-08-14 16:40:48,480 INFO cqros.storage.label_repository Loaded label dataset
2026-08-14 16:40:48,563 INFO cqros.storage.parquet Read Parquet dataset
2026-08-14 16:40:48,564 INFO cqros.factors.repository Loaded factors dataset
2026-08-14 16:40:48,599 INFO cqros.storage.parquet Read Parquet dataset
2026-08-14 16:40:48,599 INFO cqros.storage.label_repository Loaded label dataset
2026-08-14 16:40:48,680 INFO cqros.storage.parquet Read Parquet dataset
2026-08-14 16:40:48,681 INFO cqros.factors.repository Loaded factors dataset
2026-08-14 16:40:48,713 INFO cqros.storage.parquet Read Parquet dataset
2026-08-14 16:40:48,713 INFO cqros.storage.label_repository Loaded label dataset
2026-08-14 16:40:48,779 INFO cqros.storage.parquet Read Parquet dataset
2026-08-14 16:40:48,780 INFO cqros.factors.repository Loaded factors dataset
2026-08-14 16:40:48,809 INFO cqros.storage.parquet Read Parquet dataset
2026-08-14 16:40:48,810 INFO cqros.storage.label_repository Loaded label dataset
2026-08-14 16:40:48,879 INFO cqros.storage.parquet Read Parquet dataset
2026-08-14 16:40:48,880 INFO cqros.factors.repository Loaded factors dataset
2026-08-14 16:40:48,912 INFO cqros.storage.parquet Read Parquet dataset
2026-08-14 16:40:48,912 INFO cqros.storage.label_repository Loaded label dataset
2026-08-14 16:40:48,989 INFO cqros.storage.parquet Read Parquet dataset
2026-08-14 16:40:48,992 INFO cqros.factors.repository Loaded factors dataset
2026-08-14 16:40:49,041 INFO cqros.storage.parquet Read Parquet dataset
2026-08-14 16:40:49,041 INFO cqros.storage.label_repository Loaded label dataset
2026-08-14 16:40:49,105 INFO cqros.storage.parquet Read Parquet dataset
2026-08-14 16:40:49,107 INFO cqros.factors.repository Loaded factors dataset
2026-08-14 16:40:49,135 INFO cqros.storage.parquet Read Parquet dataset
2026-08-14 16:40:49,135 INFO cqros.storage.label_repository Loaded label dataset
2026-08-14 16:40:49,206 INFO cqros.storage.parquet Read Parquet dataset
2026-08-14 16:40:49,208 INFO cqros.factors.repository Loaded factors dataset
2026-08-14 16:40:49,230 INFO cqros.storage.parquet Read Parquet dataset
2026-08-14 16:40:49,230 INFO cqros.storage.label_repository Loaded label dataset
2026-08-14 16:40:49,294 INFO cqros.storage.parquet Read Parquet dataset
2026-08-14 16:40:49,295 INFO cqros.factors.repository Loaded factors dataset
2026-08-14 16:40:49,319 INFO cqros.storage.parquet Read Parquet dataset
2026-08-14 16:40:49,320 INFO cqros.storage.label_repository Loaded label dataset
2026-08-14 16:40:49,389 INFO cqros.storage.parquet Read Parquet dataset
2026-08-14 16:40:49,392 INFO cqros.factors.repository Loaded factors dataset
2026-08-14 16:40:49,420 INFO cqros.storage.parquet Read Parquet dataset
2026-08-14 16:40:49,420 INFO cqros.storage.label_repository Loaded label dataset
2026-08-14 16:40:49,499 INFO cqros.storage.parquet Read Parquet dataset
2026-08-14 16:40:49,500 INFO cqros.factors.repository Loaded factors dataset
2026-08-14 16:40:49,525 INFO cqros.storage.parquet Read Parquet dataset
2026-08-14 16:40:49,526 INFO cqros.storage.label_repository Loaded label dataset
2026-08-14 16:40:49,604 INFO cqros.storage.parquet Read Parquet dataset
2026-08-14 16:40:49,607 INFO cqros.factors.repository Loaded factors dataset
2026-08-14 16:40:49,629 INFO cqros.storage.parquet Read Parquet dataset
2026-08-14 16:40:49,629 INFO cqros.storage.label_repository Loaded label dataset
2026-08-14 16:40:49,695 INFO cqros.storage.parquet Read Parquet dataset
2026-08-14 16:40:49,696 INFO cqros.factors.repository Loaded factors dataset
2026-08-14 16:40:49,719 INFO cqros.storage.parquet Read Parquet dataset
2026-08-14 16:40:49,720 INFO cqros.storage.label_repository Loaded label dataset
2026-08-14 16:40:49,788 INFO cqros.storage.parquet Read Parquet dataset
2026-08-14 16:40:49,791 INFO cqros.factors.repository Loaded factors dataset
2026-08-14 16:40:49,818 INFO cqros.storage.parquet Read Parquet dataset
2026-08-14 16:40:49,818 INFO cqros.storage.label_repository Loaded label dataset
2026-08-14 16:40:49,894 INFO cqros.storage.parquet Read Parquet dataset
2026-08-14 16:40:49,895 INFO cqros.factors.repository Loaded factors dataset
2026-08-14 16:40:49,919 INFO cqros.storage.parquet Read Parquet dataset
2026-08-14 16:40:49,920 INFO cqros.storage.label_repository Loaded label dataset
2026-08-14 16:40:49,987 INFO cqros.storage.parquet Read Parquet dataset
2026-08-14 16:40:49,990 INFO cqros.factors.repository Loaded factors dataset
2026-08-14 16:40:50,019 INFO cqros.storage.parquet Read Parquet dataset
2026-08-14 16:40:50,019 INFO cqros.storage.label_repository Loaded label dataset
2026-08-14 16:40:50,094 INFO cqros.storage.parquet Read Parquet dataset
2026-08-14 16:40:50,095 INFO cqros.factors.repository Loaded factors dataset
2026-08-14 16:40:50,128 INFO cqros.storage.parquet Read Parquet dataset
2026-08-14 16:40:50,128 INFO cqros.storage.label_repository Loaded label dataset
2026-08-14 16:40:50,201 INFO cqros.storage.parquet Read Parquet dataset
2026-08-14 16:40:50,202 INFO cqros.factors.repository Loaded factors dataset
2026-08-14 16:40:50,237 INFO cqros.storage.parquet Read Parquet dataset
2026-08-14 16:40:50,237 INFO cqros.storage.label_repository Loaded label dataset
2026-08-14 16:40:50,313 INFO cqros.storage.parquet Read Parquet dataset
2026-08-14 16:40:50,314 INFO cqros.factors.repository Loaded factors dataset
2026-08-14 16:40:50,349 INFO cqros.storage.parquet Read Parquet dataset
2026-08-14 16:40:50,350 INFO cqros.storage.label_repository Loaded label dataset
2026-08-14 16:40:50,425 INFO cqros.storage.parquet Read Parquet dataset
2026-08-14 16:40:50,426 INFO cqros.factors.repository Loaded factors dataset
2026-08-14 16:40:50,459 INFO cqros.storage.parquet Read Parquet dataset
2026-08-14 16:40:50,460 INFO cqros.storage.label_repository Loaded label dataset
2026-08-14 16:40:50,532 INFO cqros.storage.parquet Read Parquet dataset
2026-08-14 16:40:50,533 INFO cqros.factors.repository Loaded factors dataset
2026-08-14 16:40:50,569 INFO cqros.storage.parquet Read Parquet dataset
2026-08-14 16:40:50,569 INFO cqros.storage.label_repository Loaded label dataset
2026-08-14 16:40:50,649 INFO cqros.storage.parquet Read Parquet dataset
2026-08-14 16:40:50,650 INFO cqros.factors.repository Loaded factors dataset
2026-08-14 16:40:50,682 INFO cqros.storage.parquet Read Parquet dataset
2026-08-14 16:40:50,682 INFO cqros.storage.label_repository Loaded label dataset
2026-08-14 16:40:50,765 INFO cqros.storage.parquet Read Parquet dataset
2026-08-14 16:40:50,767 INFO cqros.factors.repository Loaded factors dataset
2026-08-14 16:40:50,803 INFO cqros.storage.parquet Read Parquet dataset
2026-08-14 16:40:50,803 INFO cqros.storage.label_repository Loaded label dataset
2026-08-14 16:40:50,882 INFO cqros.storage.parquet Read Parquet dataset
2026-08-14 16:40:50,884 INFO cqros.factors.repository Loaded factors dataset
2026-08-14 16:40:50,954 INFO cqros.storage.parquet Read Parquet dataset
2026-08-14 16:40:50,955 INFO cqros.storage.label_repository Loaded label dataset
2026-08-14 16:40:51,051 INFO cqros.storage.parquet Read Parquet dataset
2026-08-14 16:40:51,052 INFO cqros.factors.repository Loaded factors dataset
2026-08-14 16:40:51,090 INFO cqros.storage.parquet Read Parquet dataset
2026-08-14 16:40:51,091 INFO cqros.storage.label_repository Loaded label dataset
2026-08-14 16:40:51,183 INFO cqros.storage.parquet Read Parquet dataset
2026-08-14 16:40:51,184 INFO cqros.factors.repository Loaded factors dataset
2026-08-14 16:40:51,216 INFO cqros.storage.parquet Read Parquet dataset
2026-08-14 16:40:51,216 INFO cqros.storage.label_repository Loaded label dataset
2026-08-14 16:40:51,378 INFO cqros.storage.parquet Read Parquet dataset
2026-08-14 16:40:51,379 INFO cqros.factors.repository Loaded factors dataset
2026-08-14 16:40:51,409 INFO cqros.storage.parquet Read Parquet dataset
2026-08-14 16:40:51,410 INFO cqros.storage.label_repository Loaded label dataset
2026-08-14 16:40:51,491 INFO cqros.storage.parquet Read Parquet dataset
2026-08-14 16:40:51,494 INFO cqros.factors.repository Loaded factors dataset
2026-08-14 16:40:51,518 INFO cqros.storage.parquet Read Parquet dataset
2026-08-14 16:40:51,519 INFO cqros.storage.label_repository Loaded label dataset
2026-08-14 16:40:51,598 INFO cqros.storage.parquet Read Parquet dataset
2026-08-14 16:40:51,599 INFO cqros.factors.repository Loaded factors dataset
2026-08-14 16:40:51,627 INFO cqros.storage.parquet Read Parquet dataset
2026-08-14 16:40:51,627 INFO cqros.storage.label_repository Loaded label dataset
2026-08-14 16:40:51,709 INFO cqros.storage.parquet Read Parquet dataset
2026-08-14 16:40:51,715 INFO cqros.factors.repository Loaded factors dataset
2026-08-14 16:40:51,745 INFO cqros.storage.parquet Read Parquet dataset
2026-08-14 16:40:51,745 INFO cqros.storage.label_repository Loaded label dataset
2026-08-14 16:40:51,828 INFO cqros.storage.parquet Read Parquet dataset
2026-08-14 16:40:51,829 INFO cqros.factors.repository Loaded factors dataset
2026-08-14 16:40:51,859 INFO cqros.storage.parquet Read Parquet dataset
2026-08-14 16:40:51,859 INFO cqros.storage.label_repository Loaded label dataset
2026-08-14 16:40:51,927 INFO cqros.storage.parquet Read Parquet dataset
2026-08-14 16:40:51,928 INFO cqros.factors.repository Loaded factors dataset
2026-08-14 16:40:51,963 INFO cqros.storage.parquet Read Parquet dataset
2026-08-14 16:40:51,963 INFO cqros.storage.label_repository Loaded label dataset
2026-08-14 16:40:52,044 INFO cqros.storage.parquet Read Parquet dataset
2026-08-14 16:40:52,046 INFO cqros.factors.repository Loaded factors dataset
2026-08-14 16:40:52,082 INFO cqros.storage.parquet Read Parquet dataset
2026-08-14 16:40:52,083 INFO cqros.storage.label_repository Loaded label dataset
2026-08-14 16:40:52,165 INFO cqros.storage.parquet Read Parquet dataset
2026-08-14 16:40:52,167 INFO cqros.factors.repository Loaded factors dataset
2026-08-14 16:40:52,196 INFO cqros.storage.parquet Read Parquet dataset
2026-08-14 16:40:52,196 INFO cqros.storage.label_repository Loaded label dataset
2026-08-14 16:40:52,323 INFO cqros.storage.parquet Read Parquet dataset
2026-08-14 16:40:52,328 INFO cqros.factors.repository Loaded factors dataset
2026-08-14 16:40:52,362 INFO cqros.storage.parquet Read Parquet dataset
2026-08-14 16:40:52,362 INFO cqros.storage.label_repository Loaded label dataset
2026-08-14 16:40:52,456 INFO cqros.storage.parquet Read Parquet dataset
2026-08-14 16:40:52,502 INFO cqros.factors.repository Loaded factors dataset
2026-08-14 16:40:52,584 INFO cqros.storage.parquet Read Parquet dataset
2026-08-14 16:40:52,584 INFO cqros.storage.label_repository Loaded label dataset
2026-08-14 16:40:52,689 INFO cqros.storage.parquet Read Parquet dataset
2026-08-14 16:40:52,698 INFO cqros.factors.repository Loaded factors dataset
2026-08-14 16:40:52,751 INFO cqros.storage.parquet Read Parquet dataset
2026-08-14 16:40:52,754 INFO cqros.storage.label_repository Loaded label dataset
2026-08-14 16:40:52,943 INFO cqros.storage.parquet Read Parquet dataset
2026-08-14 16:40:52,970 INFO cqros.factors.repository Loaded factors dataset
2026-08-14 16:40:53,026 INFO cqros.storage.parquet Read Parquet dataset
2026-08-14 16:40:53,027 INFO cqros.storage.label_repository Loaded label dataset
2026-08-14 16:40:53,144 INFO cqros.storage.parquet Read Parquet dataset
2026-08-14 16:40:53,147 INFO cqros.factors.repository Loaded factors dataset
2026-08-14 16:40:53,182 INFO cqros.storage.parquet Read Parquet dataset
2026-08-14 16:40:53,182 INFO cqros.storage.label_repository Loaded label dataset
2026-08-14 16:40:53,362 INFO cqros.storage.parquet Read Parquet dataset
2026-08-14 16:40:53,366 INFO cqros.factors.repository Loaded factors dataset
2026-08-14 16:40:53,409 INFO cqros.storage.parquet Read Parquet dataset
2026-08-14 16:40:53,409 INFO cqros.storage.label_repository Loaded label dataset
2026-08-14 16:40:53,477 INFO cqros.storage.parquet Read Parquet dataset
2026-08-14 16:40:53,479 INFO cqros.factors.repository Loaded factors dataset
2026-08-14 16:40:53,508 INFO cqros.storage.parquet Read Parquet dataset
2026-08-14 16:40:53,509 INFO cqros.storage.label_repository Loaded label dataset
2026-08-14 16:40:53,600 INFO cqros.storage.parquet Read Parquet dataset
2026-08-14 16:40:53,602 INFO cqros.factors.repository Loaded factors dataset
2026-08-14 16:40:53,634 INFO cqros.storage.parquet Read Parquet dataset
2026-08-14 16:40:53,635 INFO cqros.storage.label_repository Loaded label dataset
2026-08-14 16:40:53,712 INFO cqros.storage.parquet Read Parquet dataset
2026-08-14 16:40:53,713 INFO cqros.factors.repository Loaded factors dataset
2026-08-14 16:40:53,739 INFO cqros.storage.parquet Read Parquet dataset
2026-08-14 16:40:53,741 INFO cqros.storage.label_repository Loaded label dataset
2026-08-14 16:40:53,844 INFO cqros.storage.parquet Read Parquet dataset
2026-08-14 16:40:53,848 INFO cqros.factors.repository Loaded factors dataset
2026-08-14 16:40:53,881 INFO cqros.storage.parquet Read Parquet dataset
2026-08-14 16:40:53,881 INFO cqros.storage.label_repository Loaded label dataset
2026-08-14 16:40:53,971 INFO cqros.storage.parquet Read Parquet dataset
2026-08-14 16:40:53,975 INFO cqros.factors.repository Loaded factors dataset
2026-08-14 16:40:54,006 INFO cqros.storage.parquet Read Parquet dataset
2026-08-14 16:40:54,006 INFO cqros.storage.label_repository Loaded label dataset
2026-08-14 16:40:54,082 INFO cqros.storage.parquet Read Parquet dataset
2026-08-14 16:40:54,083 INFO cqros.factors.repository Loaded factors dataset
2026-08-14 16:40:54,115 INFO cqros.storage.parquet Read Parquet dataset
2026-08-14 16:40:54,115 INFO cqros.storage.label_repository Loaded label dataset
2026-08-14 16:40:54,229 INFO cqros.storage.parquet Read Parquet dataset
2026-08-14 16:40:54,231 INFO cqros.factors.repository Loaded factors dataset
2026-08-14 16:40:54,269 INFO cqros.storage.parquet Read Parquet dataset
2026-08-14 16:40:54,269 INFO cqros.storage.label_repository Loaded label dataset
2026-08-14 16:40:54,401 INFO cqros.storage.parquet Read Parquet dataset
2026-08-14 16:40:54,434 INFO cqros.factors.repository Loaded factors dataset
2026-08-14 16:40:54,482 INFO cqros.storage.parquet Read Parquet dataset
2026-08-14 16:40:54,482 INFO cqros.storage.label_repository Loaded label dataset
2026-08-14 16:40:54,593 INFO cqros.storage.parquet Read Parquet dataset
2026-08-14 16:40:54,596 INFO cqros.factors.repository Loaded factors dataset
2026-08-14 16:40:54,632 INFO cqros.storage.parquet Read Parquet dataset
2026-08-14 16:40:54,632 INFO cqros.storage.label_repository Loaded label dataset
2026-08-14 16:40:54,750 INFO cqros.storage.parquet Read Parquet dataset
2026-08-14 16:40:54,752 INFO cqros.factors.repository Loaded factors dataset
2026-08-14 16:40:54,781 INFO cqros.storage.parquet Read Parquet dataset
2026-08-14 16:40:54,782 INFO cqros.storage.label_repository Loaded label dataset
2026-08-14 16:40:54,854 INFO cqros.storage.parquet Read Parquet dataset
2026-08-14 16:40:54,856 INFO cqros.factors.repository Loaded factors dataset
2026-08-14 16:40:54,888 INFO cqros.storage.parquet Read Parquet dataset
2026-08-14 16:40:54,888 INFO cqros.storage.label_repository Loaded label dataset
2026-08-14 16:40:54,964 INFO cqros.storage.parquet Read Parquet dataset
2026-08-14 16:40:54,965 INFO cqros.factors.repository Loaded factors dataset
2026-08-14 16:40:54,995 INFO cqros.storage.parquet Read Parquet dataset
2026-08-14 16:40:54,995 INFO cqros.storage.label_repository Loaded label dataset
2026-08-14 16:40:55,068 INFO cqros.storage.parquet Read Parquet dataset
2026-08-14 16:40:55,070 INFO cqros.factors.repository Loaded factors dataset
2026-08-14 16:40:55,102 INFO cqros.storage.parquet Read Parquet dataset
2026-08-14 16:40:55,103 INFO cqros.storage.label_repository Loaded label dataset
2026-08-14 16:40:55,169 INFO cqros.storage.parquet Read Parquet dataset
2026-08-14 16:40:55,170 INFO cqros.factors.repository Loaded factors dataset
2026-08-14 16:40:55,198 INFO cqros.storage.parquet Read Parquet dataset
2026-08-14 16:40:55,198 INFO cqros.storage.label_repository Loaded label dataset
2026-08-14 16:40:55,295 INFO cqros.storage.parquet Read Parquet dataset
2026-08-14 16:40:55,296 INFO cqros.factors.repository Loaded factors dataset
2026-08-14 16:40:55,355 INFO cqros.storage.parquet Read Parquet dataset
2026-08-14 16:40:55,355 INFO cqros.storage.label_repository Loaded label dataset
2026-08-14 16:40:55,484 INFO cqros.storage.parquet Read Parquet dataset
2026-08-14 16:40:55,485 INFO cqros.factors.repository Loaded factors dataset
2026-08-14 16:40:55,613 INFO cqros.storage.parquet Read Parquet dataset
2026-08-14 16:40:55,613 INFO cqros.storage.label_repository Loaded label dataset
2026-08-14 16:40:55,685 INFO cqros.storage.parquet Read Parquet dataset
2026-08-14 16:40:55,688 INFO cqros.factors.repository Loaded factors dataset
2026-08-14 16:40:55,716 INFO cqros.storage.parquet Read Parquet dataset
2026-08-14 16:40:55,717 INFO cqros.storage.label_repository Loaded label dataset
2026-08-14 16:40:55,782 INFO cqros.storage.parquet Read Parquet dataset
2026-08-14 16:40:55,783 INFO cqros.factors.repository Loaded factors dataset
2026-08-14 16:40:55,810 INFO cqros.storage.parquet Read Parquet dataset
2026-08-14 16:40:55,810 INFO cqros.storage.label_repository Loaded label dataset
2026-08-14 16:40:55,887 INFO cqros.storage.parquet Read Parquet dataset
2026-08-14 16:40:55,888 INFO cqros.factors.repository Loaded factors dataset
2026-08-14 16:40:55,915 INFO cqros.storage.parquet Read Parquet dataset
2026-08-14 16:40:55,915 INFO cqros.storage.label_repository Loaded label dataset
2026-08-14 16:40:55,984 INFO cqros.storage.parquet Read Parquet dataset
2026-08-14 16:40:55,985 INFO cqros.factors.repository Loaded factors dataset
2026-08-14 16:40:56,013 INFO cqros.storage.parquet Read Parquet dataset
2026-08-14 16:40:56,013 INFO cqros.storage.label_repository Loaded label dataset
2026-08-14 16:40:56,079 INFO cqros.storage.parquet Read Parquet dataset
2026-08-14 16:40:56,081 INFO cqros.factors.repository Loaded factors dataset
2026-08-14 16:40:56,106 INFO cqros.storage.parquet Read Parquet dataset
2026-08-14 16:40:56,106 INFO cqros.storage.label_repository Loaded label dataset
2026-08-14 16:40:56,171 INFO cqros.storage.parquet Read Parquet dataset
2026-08-14 16:40:56,172 INFO cqros.factors.repository Loaded factors dataset
2026-08-14 16:40:56,198 INFO cqros.storage.parquet Read Parquet dataset
2026-08-14 16:40:56,198 INFO cqros.storage.label_repository Loaded label dataset
2026-08-14 16:40:56,273 INFO cqros.storage.parquet Read Parquet dataset
2026-08-14 16:40:56,275 INFO cqros.factors.repository Loaded factors dataset
2026-08-14 16:40:56,303 INFO cqros.storage.parquet Read Parquet dataset
2026-08-14 16:40:56,303 INFO cqros.storage.label_repository Loaded label dataset
2026-08-14 16:40:56,379 INFO cqros.storage.parquet Read Parquet dataset
2026-08-14 16:40:56,381 INFO cqros.factors.repository Loaded factors dataset
2026-08-14 16:40:56,407 INFO cqros.storage.parquet Read Parquet dataset
2026-08-14 16:40:56,407 INFO cqros.storage.label_repository Loaded label dataset
2026-08-14 16:40:56,477 INFO cqros.storage.parquet Read Parquet dataset
2026-08-14 16:40:56,478 INFO cqros.factors.repository Loaded factors dataset
2026-08-14 16:40:56,501 INFO cqros.storage.parquet Read Parquet dataset
2026-08-14 16:40:56,501 INFO cqros.storage.label_repository Loaded label dataset
2026-08-14 16:40:56,564 INFO cqros.storage.parquet Read Parquet dataset
2026-08-14 16:40:56,566 INFO cqros.factors.repository Loaded factors dataset
2026-08-14 16:40:56,591 INFO cqros.storage.parquet Read Parquet dataset
2026-08-14 16:40:56,592 INFO cqros.storage.label_repository Loaded label dataset
2026-08-14 16:40:56,660 INFO cqros.storage.parquet Read Parquet dataset
2026-08-14 16:40:56,661 INFO cqros.factors.repository Loaded factors dataset
2026-08-14 16:40:56,686 INFO cqros.storage.parquet Read Parquet dataset
2026-08-14 16:40:56,686 INFO cqros.storage.label_repository Loaded label dataset
2026-08-14 16:40:56,762 INFO cqros.storage.parquet Read Parquet dataset
2026-08-14 16:40:56,763 INFO cqros.factors.repository Loaded factors dataset
2026-08-14 16:40:56,788 INFO cqros.storage.parquet Read Parquet dataset
2026-08-14 16:40:56,788 INFO cqros.storage.label_repository Loaded label dataset

