===== STDOUT =====
OK 1d 2026 rows=70961
=====================================
CQROS Walk-Forward Generation Summary
=====================================

Manager: default
Engine: simple

Panels: 1
Rows: 70961
Selected Factors: 4899225
Pass Rows: 70961
Fail Rows: 0

Duration: 137.325s

Output directory: data/walk_forward

===== STDERR =====
uv.exe : 2026-08-14 16:37:24,317 INFO cqros.storage.parquet Read Parquet dataset
At D:\bss\CQROS\reports\walk_forward\controlled_regeneration_2026\run_regeneration.ps1:102 char:5
+     & uv @ArgList 1> $StdoutPath 2> $StderrPath
+     ~~~~~~~~~~~~~~~~~~~~~~~~~~~~~~~~~~~~~~~~~~~
    + CategoryInfo          : NotSpecified: (2026-08-14 16:3...Parquet dataset:String) [], RemoteException
    + FullyQualifiedErrorId : NativeCommandError
 
2026-08-14 16:37:24,423 INFO cqros.factor_selection.repository Loaded factor selection dataset
2026-08-14 16:37:26,415 INFO cqros.storage.parquet Read Parquet dataset
2026-08-14 16:37:26,416 INFO cqros.factors.repository Loaded factors dataset
2026-08-14 16:37:26,433 INFO cqros.storage.parquet Read Parquet dataset
2026-08-14 16:37:26,433 INFO cqros.storage.label_repository Loaded label dataset
2026-08-14 16:37:26,456 INFO cqros.storage.parquet Read Parquet dataset
2026-08-14 16:37:26,457 INFO cqros.factors.repository Loaded factors dataset
2026-08-14 16:37:26,475 INFO cqros.storage.parquet Read Parquet dataset
2026-08-14 16:37:26,475 INFO cqros.storage.label_repository Loaded label dataset
2026-08-14 16:37:26,494 INFO cqros.storage.parquet Read Parquet dataset
2026-08-14 16:37:26,495 INFO cqros.factors.repository Loaded factors dataset
2026-08-14 16:37:26,510 INFO cqros.storage.parquet Read Parquet dataset
2026-08-14 16:37:26,510 INFO cqros.storage.label_repository Loaded label dataset
2026-08-14 16:37:26,536 INFO cqros.storage.parquet Read Parquet dataset
2026-08-14 16:37:26,537 INFO cqros.factors.repository Loaded factors dataset
2026-08-14 16:37:26,555 INFO cqros.storage.parquet Read Parquet dataset
2026-08-14 16:37:26,555 INFO cqros.storage.label_repository Loaded label dataset
2026-08-14 16:37:26,581 INFO cqros.storage.parquet Read Parquet dataset
2026-08-14 16:37:26,583 INFO cqros.factors.repository Loaded factors dataset
2026-08-14 16:37:26,600 INFO cqros.storage.parquet Read Parquet dataset
2026-08-14 16:37:26,600 INFO cqros.storage.label_repository Loaded label dataset
2026-08-14 16:37:26,624 INFO cqros.storage.parquet Read Parquet dataset
2026-08-14 16:37:26,625 INFO cqros.factors.repository Loaded factors dataset
2026-08-14 16:37:26,640 INFO cqros.storage.parquet Read Parquet dataset
2026-08-14 16:37:26,641 INFO cqros.storage.label_repository Loaded label dataset
2026-08-14 16:37:26,663 INFO cqros.storage.parquet Read Parquet dataset
2026-08-14 16:37:26,664 INFO cqros.factors.repository Loaded factors dataset
2026-08-14 16:37:26,680 INFO cqros.storage.parquet Read Parquet dataset
2026-08-14 16:37:26,680 INFO cqros.storage.label_repository Loaded label dataset
2026-08-14 16:37:26,702 INFO cqros.storage.parquet Read Parquet dataset
2026-08-14 16:37:26,703 INFO cqros.factors.repository Loaded factors dataset
2026-08-14 16:37:26,722 INFO cqros.storage.parquet Read Parquet dataset
2026-08-14 16:37:26,722 INFO cqros.storage.label_repository Loaded label dataset
2026-08-14 16:37:26,795 INFO cqros.storage.parquet Read Parquet dataset
2026-08-14 16:37:26,833 INFO cqros.factors.repository Loaded factors dataset
2026-08-14 16:37:26,904 INFO cqros.storage.parquet Read Parquet dataset
2026-08-14 16:37:26,905 INFO cqros.storage.label_repository Loaded label dataset
2026-08-14 16:37:27,013 INFO cqros.storage.parquet Read Parquet dataset
2026-08-14 16:37:27,051 INFO cqros.factors.repository Loaded factors dataset
2026-08-14 16:37:27,082 INFO cqros.storage.parquet Read Parquet dataset
2026-08-14 16:37:27,082 INFO cqros.storage.label_repository Loaded label dataset
2026-08-14 16:37:27,135 INFO cqros.storage.parquet Read Parquet dataset
2026-08-14 16:37:27,144 INFO cqros.factors.repository Loaded factors dataset
2026-08-14 16:37:27,169 INFO cqros.storage.parquet Read Parquet dataset
2026-08-14 16:37:27,169 INFO cqros.storage.label_repository Loaded label dataset
2026-08-14 16:37:27,194 INFO cqros.storage.parquet Read Parquet dataset
2026-08-14 16:37:27,195 INFO cqros.factors.repository Loaded factors dataset
2026-08-14 16:37:27,218 INFO cqros.storage.parquet Read Parquet dataset
2026-08-14 16:37:27,218 INFO cqros.storage.label_repository Loaded label dataset
2026-08-14 16:37:27,257 INFO cqros.storage.parquet Read Parquet dataset
2026-08-14 16:37:27,262 INFO cqros.factors.repository Loaded factors dataset
2026-08-14 16:37:27,283 INFO cqros.storage.parquet Read Parquet dataset
2026-08-14 16:37:27,283 INFO cqros.storage.label_repository Loaded label dataset
2026-08-14 16:37:27,309 INFO cqros.storage.parquet Read Parquet dataset
2026-08-14 16:37:27,310 INFO cqros.factors.repository Loaded factors dataset
2026-08-14 16:37:27,328 INFO cqros.storage.parquet Read Parquet dataset
2026-08-14 16:37:27,328 INFO cqros.storage.label_repository Loaded label dataset
2026-08-14 16:37:27,353 INFO cqros.storage.parquet Read Parquet dataset
2026-08-14 16:37:27,354 INFO cqros.factors.repository Loaded factors dataset
2026-08-14 16:37:27,378 INFO cqros.storage.parquet Read Parquet dataset
2026-08-14 16:37:27,378 INFO cqros.storage.label_repository Loaded label dataset
2026-08-14 16:37:27,407 INFO cqros.storage.parquet Read Parquet dataset
2026-08-14 16:37:27,408 INFO cqros.factors.repository Loaded factors dataset
2026-08-14 16:37:27,424 INFO cqros.storage.parquet Read Parquet dataset
2026-08-14 16:37:27,424 INFO cqros.storage.label_repository Loaded label dataset
2026-08-14 16:37:27,447 INFO cqros.storage.parquet Read Parquet dataset
2026-08-14 16:37:27,448 INFO cqros.factors.repository Loaded factors dataset
2026-08-14 16:37:27,464 INFO cqros.storage.parquet Read Parquet dataset
2026-08-14 16:37:27,464 INFO cqros.storage.label_repository Loaded label dataset
2026-08-14 16:37:27,487 INFO cqros.storage.parquet Read Parquet dataset
2026-08-14 16:37:27,488 INFO cqros.factors.repository Loaded factors dataset
2026-08-14 16:37:27,506 INFO cqros.storage.parquet Read Parquet dataset
2026-08-14 16:37:27,507 INFO cqros.storage.label_repository Loaded label dataset
2026-08-14 16:37:27,527 INFO cqros.storage.parquet Read Parquet dataset
2026-08-14 16:37:27,528 INFO cqros.factors.repository Loaded factors dataset
2026-08-14 16:37:27,541 INFO cqros.storage.parquet Read Parquet dataset
2026-08-14 16:37:27,542 INFO cqros.storage.label_repository Loaded label dataset
2026-08-14 16:37:27,569 INFO cqros.storage.parquet Read Parquet dataset
2026-08-14 16:37:27,570 INFO cqros.factors.repository Loaded factors dataset
2026-08-14 16:37:27,584 INFO cqros.storage.parquet Read Parquet dataset
2026-08-14 16:37:27,584 INFO cqros.storage.label_repository Loaded label dataset
2026-08-14 16:37:27,606 INFO cqros.storage.parquet Read Parquet dataset
2026-08-14 16:37:27,607 INFO cqros.factors.repository Loaded factors dataset
2026-08-14 16:37:27,621 INFO cqros.storage.parquet Read Parquet dataset
2026-08-14 16:37:27,621 INFO cqros.storage.label_repository Loaded label dataset
2026-08-14 16:37:27,644 INFO cqros.storage.parquet Read Parquet dataset
2026-08-14 16:37:27,644 INFO cqros.factors.repository Loaded factors dataset
2026-08-14 16:37:27,659 INFO cqros.storage.parquet Read Parquet dataset
2026-08-14 16:37:27,659 INFO cqros.storage.label_repository Loaded label dataset
2026-08-14 16:37:27,681 INFO cqros.storage.parquet Read Parquet dataset
2026-08-14 16:37:27,682 INFO cqros.factors.repository Loaded factors dataset
2026-08-14 16:37:27,702 INFO cqros.storage.parquet Read Parquet dataset
2026-08-14 16:37:27,702 INFO cqros.storage.label_repository Loaded label dataset
2026-08-14 16:37:27,725 INFO cqros.storage.parquet Read Parquet dataset
2026-08-14 16:37:27,726 INFO cqros.factors.repository Loaded factors dataset
2026-08-14 16:37:27,743 INFO cqros.storage.parquet Read Parquet dataset
2026-08-14 16:37:27,744 INFO cqros.storage.label_repository Loaded label dataset
2026-08-14 16:37:27,763 INFO cqros.storage.parquet Read Parquet dataset
2026-08-14 16:37:27,764 INFO cqros.factors.repository Loaded factors dataset
2026-08-14 16:37:27,786 INFO cqros.storage.parquet Read Parquet dataset
2026-08-14 16:37:27,786 INFO cqros.storage.label_repository Loaded label dataset
2026-08-14 16:37:27,812 INFO cqros.storage.parquet Read Parquet dataset
2026-08-14 16:37:27,813 INFO cqros.factors.repository Loaded factors dataset
2026-08-14 16:37:27,836 INFO cqros.storage.parquet Read Parquet dataset
2026-08-14 16:37:27,836 INFO cqros.storage.label_repository Loaded label dataset
2026-08-14 16:37:27,857 INFO cqros.storage.parquet Read Parquet dataset
2026-08-14 16:37:27,858 INFO cqros.factors.repository Loaded factors dataset
2026-08-14 16:37:27,876 INFO cqros.storage.parquet Read Parquet dataset
2026-08-14 16:37:27,876 INFO cqros.storage.label_repository Loaded label dataset
2026-08-14 16:37:27,896 INFO cqros.storage.parquet Read Parquet dataset
2026-08-14 16:37:27,897 INFO cqros.factors.repository Loaded factors dataset
2026-08-14 16:37:27,914 INFO cqros.storage.parquet Read Parquet dataset
2026-08-14 16:37:27,914 INFO cqros.storage.label_repository Loaded label dataset
2026-08-14 16:37:27,939 INFO cqros.storage.parquet Read Parquet dataset
2026-08-14 16:37:27,940 INFO cqros.factors.repository Loaded factors dataset
2026-08-14 16:37:27,957 INFO cqros.storage.parquet Read Parquet dataset
2026-08-14 16:37:27,957 INFO cqros.storage.label_repository Loaded label dataset
2026-08-14 16:37:27,977 INFO cqros.storage.parquet Read Parquet dataset
2026-08-14 16:37:27,978 INFO cqros.factors.repository Loaded factors dataset
2026-08-14 16:37:27,996 INFO cqros.storage.parquet Read Parquet dataset
2026-08-14 16:37:27,997 INFO cqros.storage.label_repository Loaded label dataset
2026-08-14 16:37:28,018 INFO cqros.storage.parquet Read Parquet dataset
2026-08-14 16:37:28,019 INFO cqros.factors.repository Loaded factors dataset
2026-08-14 16:37:28,035 INFO cqros.storage.parquet Read Parquet dataset
2026-08-14 16:37:28,036 INFO cqros.storage.label_repository Loaded label dataset
2026-08-14 16:37:28,060 INFO cqros.storage.parquet Read Parquet dataset
2026-08-14 16:37:28,061 INFO cqros.factors.repository Loaded factors dataset
2026-08-14 16:37:28,076 INFO cqros.storage.parquet Read Parquet dataset
2026-08-14 16:37:28,077 INFO cqros.storage.label_repository Loaded label dataset
2026-08-14 16:37:28,099 INFO cqros.storage.parquet Read Parquet dataset
2026-08-14 16:37:28,101 INFO cqros.factors.repository Loaded factors dataset
2026-08-14 16:37:28,115 INFO cqros.storage.parquet Read Parquet dataset
2026-08-14 16:37:28,116 INFO cqros.storage.label_repository Loaded label dataset
2026-08-14 16:37:28,139 INFO cqros.storage.parquet Read Parquet dataset
2026-08-14 16:37:28,140 INFO cqros.factors.repository Loaded factors dataset
2026-08-14 16:37:28,160 INFO cqros.storage.parquet Read Parquet dataset
2026-08-14 16:37:28,160 INFO cqros.storage.label_repository Loaded label dataset
2026-08-14 16:37:28,180 INFO cqros.storage.parquet Read Parquet dataset
2026-08-14 16:37:28,181 INFO cqros.factors.repository Loaded factors dataset
2026-08-14 16:37:28,199 INFO cqros.storage.parquet Read Parquet dataset
2026-08-14 16:37:28,199 INFO cqros.storage.label_repository Loaded label dataset
2026-08-14 16:37:28,224 INFO cqros.storage.parquet Read Parquet dataset
2026-08-14 16:37:28,225 INFO cqros.factors.repository Loaded factors dataset
2026-08-14 16:37:28,242 INFO cqros.storage.parquet Read Parquet dataset
2026-08-14 16:37:28,243 INFO cqros.storage.label_repository Loaded label dataset
2026-08-14 16:37:28,268 INFO cqros.storage.parquet Read Parquet dataset
2026-08-14 16:37:28,269 INFO cqros.factors.repository Loaded factors dataset
2026-08-14 16:37:28,289 INFO cqros.storage.parquet Read Parquet dataset
2026-08-14 16:37:28,289 INFO cqros.storage.label_repository Loaded label dataset
2026-08-14 16:37:28,312 INFO cqros.storage.parquet Read Parquet dataset
2026-08-14 16:37:28,313 INFO cqros.factors.repository Loaded factors dataset
2026-08-14 16:37:28,328 INFO cqros.storage.parquet Read Parquet dataset
2026-08-14 16:37:28,328 INFO cqros.storage.label_repository Loaded label dataset
2026-08-14 16:37:28,350 INFO cqros.storage.parquet Read Parquet dataset
2026-08-14 16:37:28,351 INFO cqros.factors.repository Loaded factors dataset
2026-08-14 16:37:28,374 INFO cqros.storage.parquet Read Parquet dataset
2026-08-14 16:37:28,374 INFO cqros.storage.label_repository Loaded label dataset
2026-08-14 16:37:28,402 INFO cqros.storage.parquet Read Parquet dataset
2026-08-14 16:37:28,404 INFO cqros.factors.repository Loaded factors dataset
2026-08-14 16:37:28,425 INFO cqros.storage.parquet Read Parquet dataset
2026-08-14 16:37:28,425 INFO cqros.storage.label_repository Loaded label dataset
2026-08-14 16:37:28,454 INFO cqros.storage.parquet Read Parquet dataset
2026-08-14 16:37:28,456 INFO cqros.factors.repository Loaded factors dataset
2026-08-14 16:37:28,476 INFO cqros.storage.parquet Read Parquet dataset
2026-08-14 16:37:28,476 INFO cqros.storage.label_repository Loaded label dataset
2026-08-14 16:37:28,505 INFO cqros.storage.parquet Read Parquet dataset
2026-08-14 16:37:28,507 INFO cqros.factors.repository Loaded factors dataset
2026-08-14 16:37:28,533 INFO cqros.storage.parquet Read Parquet dataset
2026-08-14 16:37:28,534 INFO cqros.storage.label_repository Loaded label dataset
2026-08-14 16:37:28,561 INFO cqros.storage.parquet Read Parquet dataset
2026-08-14 16:37:28,574 INFO cqros.factors.repository Loaded factors dataset
2026-08-14 16:37:28,604 INFO cqros.storage.parquet Read Parquet dataset
2026-08-14 16:37:28,605 INFO cqros.storage.label_repository Loaded label dataset
2026-08-14 16:37:28,643 INFO cqros.storage.parquet Read Parquet dataset
2026-08-14 16:37:28,644 INFO cqros.factors.repository Loaded factors dataset
2026-08-14 16:37:28,672 INFO cqros.storage.parquet Read Parquet dataset
2026-08-14 16:37:28,672 INFO cqros.storage.label_repository Loaded label dataset
2026-08-14 16:37:28,707 INFO cqros.storage.parquet Read Parquet dataset
2026-08-14 16:37:28,708 INFO cqros.factors.repository Loaded factors dataset
2026-08-14 16:37:28,733 INFO cqros.storage.parquet Read Parquet dataset
2026-08-14 16:37:28,733 INFO cqros.storage.label_repository Loaded label dataset
2026-08-14 16:37:28,772 INFO cqros.storage.parquet Read Parquet dataset
2026-08-14 16:37:28,773 INFO cqros.factors.repository Loaded factors dataset
2026-08-14 16:37:28,801 INFO cqros.storage.parquet Read Parquet dataset
2026-08-14 16:37:28,801 INFO cqros.storage.label_repository Loaded label dataset
2026-08-14 16:37:28,824 INFO cqros.storage.parquet Read Parquet dataset
2026-08-14 16:37:28,825 INFO cqros.factors.repository Loaded factors dataset
2026-08-14 16:37:28,839 INFO cqros.storage.parquet Read Parquet dataset
2026-08-14 16:37:28,839 INFO cqros.storage.label_repository Loaded label dataset
2026-08-14 16:37:28,862 INFO cqros.storage.parquet Read Parquet dataset
2026-08-14 16:37:28,864 INFO cqros.factors.repository Loaded factors dataset
2026-08-14 16:37:28,877 INFO cqros.storage.parquet Read Parquet dataset
2026-08-14 16:37:28,877 INFO cqros.storage.label_repository Loaded label dataset
2026-08-14 16:37:28,900 INFO cqros.storage.parquet Read Parquet dataset
2026-08-14 16:37:28,901 INFO cqros.factors.repository Loaded factors dataset
2026-08-14 16:37:28,920 INFO cqros.storage.parquet Read Parquet dataset
2026-08-14 16:37:28,920 INFO cqros.storage.label_repository Loaded label dataset
2026-08-14 16:37:28,948 INFO cqros.storage.parquet Read Parquet dataset
2026-08-14 16:37:28,949 INFO cqros.factors.repository Loaded factors dataset
2026-08-14 16:37:28,970 INFO cqros.storage.parquet Read Parquet dataset
2026-08-14 16:37:28,971 INFO cqros.storage.label_repository Loaded label dataset
2026-08-14 16:37:28,997 INFO cqros.storage.parquet Read Parquet dataset
2026-08-14 16:37:29,003 INFO cqros.factors.repository Loaded factors dataset
2026-08-14 16:37:29,027 INFO cqros.storage.parquet Read Parquet dataset
2026-08-14 16:37:29,028 INFO cqros.storage.label_repository Loaded label dataset
2026-08-14 16:37:29,069 INFO cqros.storage.parquet Read Parquet dataset
2026-08-14 16:37:29,071 INFO cqros.factors.repository Loaded factors dataset
2026-08-14 16:37:29,092 INFO cqros.storage.parquet Read Parquet dataset
2026-08-14 16:37:29,092 INFO cqros.storage.label_repository Loaded label dataset
2026-08-14 16:37:29,125 INFO cqros.storage.parquet Read Parquet dataset
2026-08-14 16:37:29,127 INFO cqros.factors.repository Loaded factors dataset
2026-08-14 16:37:29,149 INFO cqros.storage.parquet Read Parquet dataset
2026-08-14 16:37:29,149 INFO cqros.storage.label_repository Loaded label dataset
2026-08-14 16:37:29,180 INFO cqros.storage.parquet Read Parquet dataset
2026-08-14 16:37:29,182 INFO cqros.factors.repository Loaded factors dataset
2026-08-14 16:37:29,203 INFO cqros.storage.parquet Read Parquet dataset
2026-08-14 16:37:29,203 INFO cqros.storage.label_repository Loaded label dataset
2026-08-14 16:37:29,225 INFO cqros.storage.parquet Read Parquet dataset
2026-08-14 16:37:29,226 INFO cqros.factors.repository Loaded factors dataset
2026-08-14 16:37:29,247 INFO cqros.storage.parquet Read Parquet dataset
2026-08-14 16:37:29,247 INFO cqros.storage.label_repository Loaded label dataset
2026-08-14 16:37:29,276 INFO cqros.storage.parquet Read Parquet dataset
2026-08-14 16:37:29,277 INFO cqros.factors.repository Loaded factors dataset
2026-08-14 16:37:29,334 INFO cqros.storage.parquet Read Parquet dataset
2026-08-14 16:37:29,335 INFO cqros.storage.label_repository Loaded label dataset
2026-08-14 16:37:29,387 INFO cqros.storage.parquet Read Parquet dataset
2026-08-14 16:37:29,389 INFO cqros.factors.repository Loaded factors dataset
2026-08-14 16:37:29,413 INFO cqros.storage.parquet Read Parquet dataset
2026-08-14 16:37:29,414 INFO cqros.storage.label_repository Loaded label dataset
2026-08-14 16:37:29,442 INFO cqros.storage.parquet Read Parquet dataset
2026-08-14 16:37:29,443 INFO cqros.factors.repository Loaded factors dataset
2026-08-14 16:37:29,472 INFO cqros.storage.parquet Read Parquet dataset
2026-08-14 16:37:29,472 INFO cqros.storage.label_repository Loaded label dataset
2026-08-14 16:37:29,493 INFO cqros.storage.parquet Read Parquet dataset
2026-08-14 16:37:29,494 INFO cqros.factors.repository Loaded factors dataset
2026-08-14 16:37:29,510 INFO cqros.storage.parquet Read Parquet dataset
2026-08-14 16:37:29,510 INFO cqros.storage.label_repository Loaded label dataset
2026-08-14 16:37:29,529 INFO cqros.storage.parquet Read Parquet dataset
2026-08-14 16:37:29,533 INFO cqros.factors.repository Loaded factors dataset
2026-08-14 16:37:29,553 INFO cqros.storage.parquet Read Parquet dataset
2026-08-14 16:37:29,553 INFO cqros.storage.label_repository Loaded label dataset
2026-08-14 16:37:29,581 INFO cqros.storage.parquet Read Parquet dataset
2026-08-14 16:37:29,582 INFO cqros.factors.repository Loaded factors dataset
2026-08-14 16:37:29,601 INFO cqros.storage.parquet Read Parquet dataset
2026-08-14 16:37:29,601 INFO cqros.storage.label_repository Loaded label dataset
2026-08-14 16:37:29,629 INFO cqros.storage.parquet Read Parquet dataset
2026-08-14 16:37:29,631 INFO cqros.factors.repository Loaded factors dataset
2026-08-14 16:37:29,657 INFO cqros.storage.parquet Read Parquet dataset
2026-08-14 16:37:29,657 INFO cqros.storage.label_repository Loaded label dataset
2026-08-14 16:37:29,688 INFO cqros.storage.parquet Read Parquet dataset
2026-08-14 16:37:29,690 INFO cqros.factors.repository Loaded factors dataset
2026-08-14 16:37:29,714 INFO cqros.storage.parquet Read Parquet dataset
2026-08-14 16:37:29,715 INFO cqros.storage.label_repository Loaded label dataset
2026-08-14 16:37:29,756 INFO cqros.storage.parquet Read Parquet dataset
2026-08-14 16:37:29,758 INFO cqros.factors.repository Loaded factors dataset
2026-08-14 16:37:29,784 INFO cqros.storage.parquet Read Parquet dataset
2026-08-14 16:37:29,784 INFO cqros.storage.label_repository Loaded label dataset
2026-08-14 16:37:29,818 INFO cqros.storage.parquet Read Parquet dataset
2026-08-14 16:37:29,819 INFO cqros.factors.repository Loaded factors dataset
2026-08-14 16:37:29,839 INFO cqros.storage.parquet Read Parquet dataset
2026-08-14 16:37:29,839 INFO cqros.storage.label_repository Loaded label dataset
2026-08-14 16:37:29,871 INFO cqros.storage.parquet Read Parquet dataset
2026-08-14 16:37:29,872 INFO cqros.factors.repository Loaded factors dataset
2026-08-14 16:37:29,894 INFO cqros.storage.parquet Read Parquet dataset
2026-08-14 16:37:29,894 INFO cqros.storage.label_repository Loaded label dataset
2026-08-14 16:37:29,924 INFO cqros.storage.parquet Read Parquet dataset
2026-08-14 16:37:29,927 INFO cqros.factors.repository Loaded factors dataset
2026-08-14 16:37:29,953 INFO cqros.storage.parquet Read Parquet dataset
2026-08-14 16:37:29,953 INFO cqros.storage.label_repository Loaded label dataset
2026-08-14 16:37:29,993 INFO cqros.storage.parquet Read Parquet dataset
2026-08-14 16:37:29,994 INFO cqros.factors.repository Loaded factors dataset
2026-08-14 16:37:30,020 INFO cqros.storage.parquet Read Parquet dataset
2026-08-14 16:37:30,020 INFO cqros.storage.label_repository Loaded label dataset
2026-08-14 16:37:30,051 INFO cqros.storage.parquet Read Parquet dataset
2026-08-14 16:37:30,053 INFO cqros.factors.repository Loaded factors dataset
2026-08-14 16:37:30,072 INFO cqros.storage.parquet Read Parquet dataset
2026-08-14 16:37:30,072 INFO cqros.storage.label_repository Loaded label dataset
2026-08-14 16:37:30,094 INFO cqros.storage.parquet Read Parquet dataset
2026-08-14 16:37:30,095 INFO cqros.factors.repository Loaded factors dataset
2026-08-14 16:37:30,108 INFO cqros.storage.parquet Read Parquet dataset
2026-08-14 16:37:30,108 INFO cqros.storage.label_repository Loaded label dataset
2026-08-14 16:37:30,128 INFO cqros.storage.parquet Read Parquet dataset
2026-08-14 16:37:30,129 INFO cqros.factors.repository Loaded factors dataset
2026-08-14 16:37:30,150 INFO cqros.storage.parquet Read Parquet dataset
2026-08-14 16:37:30,150 INFO cqros.storage.label_repository Loaded label dataset
2026-08-14 16:37:30,178 INFO cqros.storage.parquet Read Parquet dataset
2026-08-14 16:37:30,182 INFO cqros.factors.repository Loaded factors dataset
2026-08-14 16:37:30,208 INFO cqros.storage.parquet Read Parquet dataset
2026-08-14 16:37:30,208 INFO cqros.storage.label_repository Loaded label dataset
2026-08-14 16:37:30,238 INFO cqros.storage.parquet Read Parquet dataset
2026-08-14 16:37:30,240 INFO cqros.factors.repository Loaded factors dataset
2026-08-14 16:37:30,266 INFO cqros.storage.parquet Read Parquet dataset
2026-08-14 16:37:30,267 INFO cqros.storage.label_repository Loaded label dataset
2026-08-14 16:37:30,300 INFO cqros.storage.parquet Read Parquet dataset
2026-08-14 16:37:30,302 INFO cqros.factors.repository Loaded factors dataset
2026-08-14 16:37:30,327 INFO cqros.storage.parquet Read Parquet dataset
2026-08-14 16:37:30,328 INFO cqros.storage.label_repository Loaded label dataset
2026-08-14 16:37:30,359 INFO cqros.storage.parquet Read Parquet dataset
2026-08-14 16:37:30,360 INFO cqros.factors.repository Loaded factors dataset
2026-08-14 16:37:30,392 INFO cqros.storage.parquet Read Parquet dataset
2026-08-14 16:37:30,392 INFO cqros.storage.label_repository Loaded label dataset
2026-08-14 16:37:30,423 INFO cqros.storage.parquet Read Parquet dataset
2026-08-14 16:37:30,424 INFO cqros.factors.repository Loaded factors dataset
2026-08-14 16:37:30,449 INFO cqros.storage.parquet Read Parquet dataset
2026-08-14 16:37:30,450 INFO cqros.storage.label_repository Loaded label dataset
2026-08-14 16:37:30,485 INFO cqros.storage.parquet Read Parquet dataset
2026-08-14 16:37:30,486 INFO cqros.factors.repository Loaded factors dataset
2026-08-14 16:37:30,509 INFO cqros.storage.parquet Read Parquet dataset
2026-08-14 16:37:30,509 INFO cqros.storage.label_repository Loaded label dataset
2026-08-14 16:37:30,541 INFO cqros.storage.parquet Read Parquet dataset
2026-08-14 16:37:30,542 INFO cqros.factors.repository Loaded factors dataset
2026-08-14 16:37:30,571 INFO cqros.storage.parquet Read Parquet dataset
2026-08-14 16:37:30,571 INFO cqros.storage.label_repository Loaded label dataset
2026-08-14 16:37:30,601 INFO cqros.storage.parquet Read Parquet dataset
2026-08-14 16:37:30,603 INFO cqros.factors.repository Loaded factors dataset
2026-08-14 16:37:30,627 INFO cqros.storage.parquet Read Parquet dataset
2026-08-14 16:37:30,627 INFO cqros.storage.label_repository Loaded label dataset
2026-08-14 16:37:30,660 INFO cqros.storage.parquet Read Parquet dataset
2026-08-14 16:37:30,662 INFO cqros.factors.repository Loaded factors dataset
2026-08-14 16:37:30,683 INFO cqros.storage.parquet Read Parquet dataset
2026-08-14 16:37:30,683 INFO cqros.storage.label_repository Loaded label dataset
2026-08-14 16:37:30,724 INFO cqros.storage.parquet Read Parquet dataset
2026-08-14 16:37:30,726 INFO cqros.factors.repository Loaded factors dataset
2026-08-14 16:37:30,750 INFO cqros.storage.parquet Read Parquet dataset
2026-08-14 16:37:30,750 INFO cqros.storage.label_repository Loaded label dataset
2026-08-14 16:37:30,778 INFO cqros.storage.parquet Read Parquet dataset
2026-08-14 16:37:30,781 INFO cqros.factors.repository Loaded factors dataset
2026-08-14 16:37:30,806 INFO cqros.storage.parquet Read Parquet dataset
2026-08-14 16:37:30,806 INFO cqros.storage.label_repository Loaded label dataset
2026-08-14 16:37:30,833 INFO cqros.storage.parquet Read Parquet dataset
2026-08-14 16:37:30,835 INFO cqros.factors.repository Loaded factors dataset
2026-08-14 16:37:30,851 INFO cqros.storage.parquet Read Parquet dataset
2026-08-14 16:37:30,852 INFO cqros.storage.label_repository Loaded label dataset
2026-08-14 16:37:30,881 INFO cqros.storage.parquet Read Parquet dataset
2026-08-14 16:37:30,883 INFO cqros.factors.repository Loaded factors dataset
2026-08-14 16:37:30,901 INFO cqros.storage.parquet Read Parquet dataset
2026-08-14 16:37:30,901 INFO cqros.storage.label_repository Loaded label dataset
2026-08-14 16:37:30,927 INFO cqros.storage.parquet Read Parquet dataset
2026-08-14 16:37:30,928 INFO cqros.factors.repository Loaded factors dataset
2026-08-14 16:37:30,941 INFO cqros.storage.parquet Read Parquet dataset
2026-08-14 16:37:30,941 INFO cqros.storage.label_repository Loaded label dataset
2026-08-14 16:37:30,963 INFO cqros.storage.parquet Read Parquet dataset
2026-08-14 16:37:30,965 INFO cqros.factors.repository Loaded factors dataset
2026-08-14 16:37:30,981 INFO cqros.storage.parquet Read Parquet dataset
2026-08-14 16:37:30,982 INFO cqros.storage.label_repository Loaded label dataset
2026-08-14 16:37:31,004 INFO cqros.storage.parquet Read Parquet dataset
2026-08-14 16:37:31,005 INFO cqros.factors.repository Loaded factors dataset
2026-08-14 16:37:31,023 INFO cqros.storage.parquet Read Parquet dataset
2026-08-14 16:37:31,023 INFO cqros.storage.label_repository Loaded label dataset
2026-08-14 16:37:31,045 INFO cqros.storage.parquet Read Parquet dataset
2026-08-14 16:37:31,046 INFO cqros.factors.repository Loaded factors dataset
2026-08-14 16:37:31,071 INFO cqros.storage.parquet Read Parquet dataset
2026-08-14 16:37:31,072 INFO cqros.storage.label_repository Loaded label dataset
2026-08-14 16:37:31,095 INFO cqros.storage.parquet Read Parquet dataset
2026-08-14 16:37:31,098 INFO cqros.factors.repository Loaded factors dataset
2026-08-14 16:37:31,115 INFO cqros.storage.parquet Read Parquet dataset
2026-08-14 16:37:31,116 INFO cqros.storage.label_repository Loaded label dataset
2026-08-14 16:37:31,137 INFO cqros.storage.parquet Read Parquet dataset
2026-08-14 16:37:31,138 INFO cqros.factors.repository Loaded factors dataset
2026-08-14 16:37:31,166 INFO cqros.storage.parquet Read Parquet dataset
2026-08-14 16:37:31,166 INFO cqros.storage.label_repository Loaded label dataset
2026-08-14 16:37:31,195 INFO cqros.storage.parquet Read Parquet dataset
2026-08-14 16:37:31,199 INFO cqros.factors.repository Loaded factors dataset
2026-08-14 16:37:31,228 INFO cqros.storage.parquet Read Parquet dataset
2026-08-14 16:37:31,228 INFO cqros.storage.label_repository Loaded label dataset
2026-08-14 16:37:31,258 INFO cqros.storage.parquet Read Parquet dataset
2026-08-14 16:37:31,260 INFO cqros.factors.repository Loaded factors dataset
2026-08-14 16:37:31,283 INFO cqros.storage.parquet Read Parquet dataset
2026-08-14 16:37:31,284 INFO cqros.storage.label_repository Loaded label dataset
2026-08-14 16:37:31,317 INFO cqros.storage.parquet Read Parquet dataset
2026-08-14 16:37:31,319 INFO cqros.factors.repository Loaded factors dataset
2026-08-14 16:37:31,337 INFO cqros.storage.parquet Read Parquet dataset
2026-08-14 16:37:31,337 INFO cqros.storage.label_repository Loaded label dataset
2026-08-14 16:37:31,361 INFO cqros.storage.parquet Read Parquet dataset
2026-08-14 16:37:31,362 INFO cqros.factors.repository Loaded factors dataset
2026-08-14 16:37:31,387 INFO cqros.storage.parquet Read Parquet dataset
2026-08-14 16:37:31,387 INFO cqros.storage.label_repository Loaded label dataset
2026-08-14 16:37:31,412 INFO cqros.storage.parquet Read Parquet dataset
2026-08-14 16:37:31,416 INFO cqros.factors.repository Loaded factors dataset
2026-08-14 16:37:31,434 INFO cqros.storage.parquet Read Parquet dataset
2026-08-14 16:37:31,434 INFO cqros.storage.label_repository Loaded label dataset
2026-08-14 16:37:31,466 INFO cqros.storage.parquet Read Parquet dataset
2026-08-14 16:37:31,468 INFO cqros.factors.repository Loaded factors dataset
2026-08-14 16:37:31,486 INFO cqros.storage.parquet Read Parquet dataset
2026-08-14 16:37:31,487 INFO cqros.storage.label_repository Loaded label dataset
2026-08-14 16:37:31,520 INFO cqros.storage.parquet Read Parquet dataset
2026-08-14 16:37:31,521 INFO cqros.factors.repository Loaded factors dataset
2026-08-14 16:37:31,543 INFO cqros.storage.parquet Read Parquet dataset
2026-08-14 16:37:31,543 INFO cqros.storage.label_repository Loaded label dataset
2026-08-14 16:37:31,567 INFO cqros.storage.parquet Read Parquet dataset
2026-08-14 16:37:31,568 INFO cqros.factors.repository Loaded factors dataset
2026-08-14 16:37:31,595 INFO cqros.storage.parquet Read Parquet dataset
2026-08-14 16:37:31,596 INFO cqros.storage.label_repository Loaded label dataset
2026-08-14 16:37:31,625 INFO cqros.storage.parquet Read Parquet dataset
2026-08-14 16:37:31,626 INFO cqros.factors.repository Loaded factors dataset
2026-08-14 16:37:31,645 INFO cqros.storage.parquet Read Parquet dataset
2026-08-14 16:37:31,645 INFO cqros.storage.label_repository Loaded label dataset
2026-08-14 16:37:31,677 INFO cqros.storage.parquet Read Parquet dataset
2026-08-14 16:37:31,678 INFO cqros.factors.repository Loaded factors dataset
2026-08-14 16:37:31,699 INFO cqros.storage.parquet Read Parquet dataset
2026-08-14 16:37:31,699 INFO cqros.storage.label_repository Loaded label dataset
2026-08-14 16:37:31,729 INFO cqros.storage.parquet Read Parquet dataset
2026-08-14 16:37:31,732 INFO cqros.factors.repository Loaded factors dataset
2026-08-14 16:37:31,749 INFO cqros.storage.parquet Read Parquet dataset
2026-08-14 16:37:31,749 INFO cqros.storage.label_repository Loaded label dataset
2026-08-14 16:37:31,773 INFO cqros.storage.parquet Read Parquet dataset
2026-08-14 16:37:31,774 INFO cqros.factors.repository Loaded factors dataset
2026-08-14 16:37:31,792 INFO cqros.storage.parquet Read Parquet dataset
2026-08-14 16:37:31,792 INFO cqros.storage.label_repository Loaded label dataset
2026-08-14 16:37:31,819 INFO cqros.storage.parquet Read Parquet dataset
2026-08-14 16:37:31,820 INFO cqros.factors.repository Loaded factors dataset
2026-08-14 16:37:31,841 INFO cqros.storage.parquet Read Parquet dataset
2026-08-14 16:37:31,841 INFO cqros.storage.label_repository Loaded label dataset
2026-08-14 16:37:31,868 INFO cqros.storage.parquet Read Parquet dataset
2026-08-14 16:37:31,869 INFO cqros.factors.repository Loaded factors dataset
2026-08-14 16:37:31,890 INFO cqros.storage.parquet Read Parquet dataset
2026-08-14 16:37:31,890 INFO cqros.storage.label_repository Loaded label dataset
2026-08-14 16:37:31,917 INFO cqros.storage.parquet Read Parquet dataset
2026-08-14 16:37:31,918 INFO cqros.factors.repository Loaded factors dataset
2026-08-14 16:37:31,943 INFO cqros.storage.parquet Read Parquet dataset
2026-08-14 16:37:31,943 INFO cqros.storage.label_repository Loaded label dataset
2026-08-14 16:37:31,970 INFO cqros.storage.parquet Read Parquet dataset
2026-08-14 16:37:31,971 INFO cqros.factors.repository Loaded factors dataset
2026-08-14 16:37:31,992 INFO cqros.storage.parquet Read Parquet dataset
2026-08-14 16:37:31,992 INFO cqros.storage.label_repository Loaded label dataset
2026-08-14 16:37:32,016 INFO cqros.storage.parquet Read Parquet dataset
2026-08-14 16:37:32,018 INFO cqros.factors.repository Loaded factors dataset
2026-08-14 16:37:32,042 INFO cqros.storage.parquet Read Parquet dataset
2026-08-14 16:37:32,043 INFO cqros.storage.label_repository Loaded label dataset
2026-08-14 16:37:32,074 INFO cqros.storage.parquet Read Parquet dataset
2026-08-14 16:37:32,076 INFO cqros.factors.repository Loaded factors dataset
2026-08-14 16:37:32,103 INFO cqros.storage.parquet Read Parquet dataset
2026-08-14 16:37:32,103 INFO cqros.storage.label_repository Loaded label dataset
2026-08-14 16:37:32,138 INFO cqros.storage.parquet Read Parquet dataset
2026-08-14 16:37:32,140 INFO cqros.factors.repository Loaded factors dataset
2026-08-14 16:37:32,163 INFO cqros.storage.parquet Read Parquet dataset
2026-08-14 16:37:32,163 INFO cqros.storage.label_repository Loaded label dataset
2026-08-14 16:37:32,191 INFO cqros.storage.parquet Read Parquet dataset
2026-08-14 16:37:32,192 INFO cqros.factors.repository Loaded factors dataset
2026-08-14 16:37:32,220 INFO cqros.storage.parquet Read Parquet dataset
2026-08-14 16:37:32,220 INFO cqros.storage.label_repository Loaded label dataset
2026-08-14 16:37:32,245 INFO cqros.storage.parquet Read Parquet dataset
2026-08-14 16:37:32,246 INFO cqros.factors.repository Loaded factors dataset
2026-08-14 16:37:32,262 INFO cqros.storage.parquet Read Parquet dataset
2026-08-14 16:37:32,263 INFO cqros.storage.label_repository Loaded label dataset
2026-08-14 16:37:32,290 INFO cqros.storage.parquet Read Parquet dataset
2026-08-14 16:37:32,291 INFO cqros.factors.repository Loaded factors dataset
2026-08-14 16:37:32,307 INFO cqros.storage.parquet Read Parquet dataset
2026-08-14 16:37:32,307 INFO cqros.storage.label_repository Loaded label dataset
2026-08-14 16:37:32,357 INFO cqros.storage.parquet Read Parquet dataset
2026-08-14 16:37:32,358 INFO cqros.factors.repository Loaded factors dataset
2026-08-14 16:37:32,377 INFO cqros.storage.parquet Read Parquet dataset
2026-08-14 16:37:32,378 INFO cqros.storage.label_repository Loaded label dataset
2026-08-14 16:37:32,402 INFO cqros.storage.parquet Read Parquet dataset
2026-08-14 16:37:32,404 INFO cqros.factors.repository Loaded factors dataset
2026-08-14 16:37:32,434 INFO cqros.storage.parquet Read Parquet dataset
2026-08-14 16:37:32,434 INFO cqros.storage.label_repository Loaded label dataset
2026-08-14 16:37:32,461 INFO cqros.storage.parquet Read Parquet dataset
2026-08-14 16:37:32,462 INFO cqros.factors.repository Loaded factors dataset
2026-08-14 16:37:32,484 INFO cqros.storage.parquet Read Parquet dataset
2026-08-14 16:37:32,484 INFO cqros.storage.label_repository Loaded label dataset
2026-08-14 16:37:32,508 INFO cqros.storage.parquet Read Parquet dataset
2026-08-14 16:37:32,509 INFO cqros.factors.repository Loaded factors dataset
2026-08-14 16:37:32,528 INFO cqros.storage.parquet Read Parquet dataset
2026-08-14 16:37:32,528 INFO cqros.storage.label_repository Loaded label dataset
2026-08-14 16:37:32,555 INFO cqros.storage.parquet Read Parquet dataset
2026-08-14 16:37:32,557 INFO cqros.factors.repository Loaded factors dataset
2026-08-14 16:37:32,574 INFO cqros.storage.parquet Read Parquet dataset
2026-08-14 16:37:32,575 INFO cqros.storage.label_repository Loaded label dataset
2026-08-14 16:37:32,601 INFO cqros.storage.parquet Read Parquet dataset
2026-08-14 16:37:32,602 INFO cqros.factors.repository Loaded factors dataset
2026-08-14 16:37:32,624 INFO cqros.storage.parquet Read Parquet dataset
2026-08-14 16:37:32,624 INFO cqros.storage.label_repository Loaded label dataset
2026-08-14 16:37:32,646 INFO cqros.storage.parquet Read Parquet dataset
2026-08-14 16:37:32,648 INFO cqros.factors.repository Loaded factors dataset
2026-08-14 16:37:32,670 INFO cqros.storage.parquet Read Parquet dataset
2026-08-14 16:37:32,670 INFO cqros.storage.label_repository Loaded label dataset
2026-08-14 16:37:32,699 INFO cqros.storage.parquet Read Parquet dataset
2026-08-14 16:37:32,700 INFO cqros.factors.repository Loaded factors dataset
2026-08-14 16:37:32,724 INFO cqros.storage.parquet Read Parquet dataset
2026-08-14 16:37:32,725 INFO cqros.storage.label_repository Loaded label dataset
2026-08-14 16:37:32,756 INFO cqros.storage.parquet Read Parquet dataset
2026-08-14 16:37:32,757 INFO cqros.factors.repository Loaded factors dataset
2026-08-14 16:37:32,774 INFO cqros.storage.parquet Read Parquet dataset
2026-08-14 16:37:32,774 INFO cqros.storage.label_repository Loaded label dataset
2026-08-14 16:37:32,802 INFO cqros.storage.parquet Read Parquet dataset
2026-08-14 16:37:32,803 INFO cqros.factors.repository Loaded factors dataset
2026-08-14 16:37:32,821 INFO cqros.storage.parquet Read Parquet dataset
2026-08-14 16:37:32,821 INFO cqros.storage.label_repository Loaded label dataset
2026-08-14 16:37:32,852 INFO cqros.storage.parquet Read Parquet dataset
2026-08-14 16:37:32,853 INFO cqros.factors.repository Loaded factors dataset
2026-08-14 16:37:32,874 INFO cqros.storage.parquet Read Parquet dataset
2026-08-14 16:37:32,874 INFO cqros.storage.label_repository Loaded label dataset
2026-08-14 16:37:32,895 INFO cqros.storage.parquet Read Parquet dataset
2026-08-14 16:37:32,899 INFO cqros.factors.repository Loaded factors dataset
2026-08-14 16:37:32,921 INFO cqros.storage.parquet Read Parquet dataset
2026-08-14 16:37:32,922 INFO cqros.storage.label_repository Loaded label dataset
2026-08-14 16:37:32,946 INFO cqros.storage.parquet Read Parquet dataset
2026-08-14 16:37:32,947 INFO cqros.factors.repository Loaded factors dataset
2026-08-14 16:37:32,963 INFO cqros.storage.parquet Read Parquet dataset
2026-08-14 16:37:32,963 INFO cqros.storage.label_repository Loaded label dataset
2026-08-14 16:37:32,992 INFO cqros.storage.parquet Read Parquet dataset
2026-08-14 16:37:32,993 INFO cqros.factors.repository Loaded factors dataset
2026-08-14 16:37:33,008 INFO cqros.storage.parquet Read Parquet dataset
2026-08-14 16:37:33,009 INFO cqros.storage.label_repository Loaded label dataset
2026-08-14 16:37:33,031 INFO cqros.storage.parquet Read Parquet dataset
2026-08-14 16:37:33,032 INFO cqros.factors.repository Loaded factors dataset
2026-08-14 16:37:33,052 INFO cqros.storage.parquet Read Parquet dataset
2026-08-14 16:37:33,052 INFO cqros.storage.label_repository Loaded label dataset
2026-08-14 16:37:33,075 INFO cqros.storage.parquet Read Parquet dataset
2026-08-14 16:37:33,076 INFO cqros.factors.repository Loaded factors dataset
2026-08-14 16:37:33,093 INFO cqros.storage.parquet Read Parquet dataset
2026-08-14 16:37:33,093 INFO cqros.storage.label_repository Loaded label dataset
2026-08-14 16:37:33,113 INFO cqros.storage.parquet Read Parquet dataset
2026-08-14 16:37:33,115 INFO cqros.factors.repository Loaded factors dataset
2026-08-14 16:37:33,138 INFO cqros.storage.parquet Read Parquet dataset
2026-08-14 16:37:33,139 INFO cqros.storage.label_repository Loaded label dataset
2026-08-14 16:37:33,169 INFO cqros.storage.parquet Read Parquet dataset
2026-08-14 16:37:33,170 INFO cqros.factors.repository Loaded factors dataset
2026-08-14 16:37:33,189 INFO cqros.storage.parquet Read Parquet dataset
2026-08-14 16:37:33,189 INFO cqros.storage.label_repository Loaded label dataset
2026-08-14 16:37:33,223 INFO cqros.storage.parquet Read Parquet dataset
2026-08-14 16:37:33,224 INFO cqros.factors.repository Loaded factors dataset
2026-08-14 16:37:33,255 INFO cqros.storage.parquet Read Parquet dataset
2026-08-14 16:37:33,255 INFO cqros.storage.label_repository Loaded label dataset
2026-08-14 16:37:33,287 INFO cqros.storage.parquet Read Parquet dataset
2026-08-14 16:37:33,290 INFO cqros.factors.repository Loaded factors dataset
2026-08-14 16:37:33,314 INFO cqros.storage.parquet Read Parquet dataset
2026-08-14 16:37:33,315 INFO cqros.storage.label_repository Loaded label dataset
2026-08-14 16:37:33,342 INFO cqros.storage.parquet Read Parquet dataset
2026-08-14 16:37:33,343 INFO cqros.factors.repository Loaded factors dataset
2026-08-14 16:37:33,362 INFO cqros.storage.parquet Read Parquet dataset
2026-08-14 16:37:33,362 INFO cqros.storage.label_repository Loaded label dataset
2026-08-14 16:37:33,385 INFO cqros.storage.parquet Read Parquet dataset
2026-08-14 16:37:33,386 INFO cqros.factors.repository Loaded factors dataset
2026-08-14 16:37:33,400 INFO cqros.storage.parquet Read Parquet dataset
2026-08-14 16:37:33,401 INFO cqros.storage.label_repository Loaded label dataset
2026-08-14 16:37:33,424 INFO cqros.storage.parquet Read Parquet dataset
2026-08-14 16:37:33,426 INFO cqros.factors.repository Loaded factors dataset
2026-08-14 16:37:33,444 INFO cqros.storage.parquet Read Parquet dataset
2026-08-14 16:37:33,444 INFO cqros.storage.label_repository Loaded label dataset
2026-08-14 16:37:33,473 INFO cqros.storage.parquet Read Parquet dataset
2026-08-14 16:37:33,474 INFO cqros.factors.repository Loaded factors dataset
2026-08-14 16:37:33,495 INFO cqros.storage.parquet Read Parquet dataset
2026-08-14 16:37:33,495 INFO cqros.storage.label_repository Loaded label dataset
2026-08-14 16:37:33,524 INFO cqros.storage.parquet Read Parquet dataset
2026-08-14 16:37:33,525 INFO cqros.factors.repository Loaded factors dataset
2026-08-14 16:37:33,545 INFO cqros.storage.parquet Read Parquet dataset
2026-08-14 16:37:33,545 INFO cqros.storage.label_repository Loaded label dataset
2026-08-14 16:37:33,578 INFO cqros.storage.parquet Read Parquet dataset
2026-08-14 16:37:33,579 INFO cqros.factors.repository Loaded factors dataset
2026-08-14 16:37:33,603 INFO cqros.storage.parquet Read Parquet dataset
2026-08-14 16:37:33,603 INFO cqros.storage.label_repository Loaded label dataset
2026-08-14 16:37:33,629 INFO cqros.storage.parquet Read Parquet dataset
2026-08-14 16:37:33,631 INFO cqros.factors.repository Loaded factors dataset
2026-08-14 16:37:33,670 INFO cqros.storage.parquet Read Parquet dataset
2026-08-14 16:37:33,671 INFO cqros.storage.label_repository Loaded label dataset
2026-08-14 16:37:33,708 INFO cqros.storage.parquet Read Parquet dataset
2026-08-14 16:37:33,710 INFO cqros.factors.repository Loaded factors dataset
2026-08-14 16:37:33,738 INFO cqros.storage.parquet Read Parquet dataset
2026-08-14 16:37:33,738 INFO cqros.storage.label_repository Loaded label dataset
2026-08-14 16:37:33,777 INFO cqros.storage.parquet Read Parquet dataset
2026-08-14 16:37:33,778 INFO cqros.factors.repository Loaded factors dataset
2026-08-14 16:37:33,801 INFO cqros.storage.parquet Read Parquet dataset
2026-08-14 16:37:33,801 INFO cqros.storage.label_repository Loaded label dataset
2026-08-14 16:37:33,825 INFO cqros.storage.parquet Read Parquet dataset
2026-08-14 16:37:33,826 INFO cqros.factors.repository Loaded factors dataset
2026-08-14 16:37:33,842 INFO cqros.storage.parquet Read Parquet dataset
2026-08-14 16:37:33,842 INFO cqros.storage.label_repository Loaded label dataset
2026-08-14 16:37:33,869 INFO cqros.storage.parquet Read Parquet dataset
2026-08-14 16:37:33,870 INFO cqros.factors.repository Loaded factors dataset
2026-08-14 16:37:33,886 INFO cqros.storage.parquet Read Parquet dataset
2026-08-14 16:37:33,886 INFO cqros.storage.label_repository Loaded label dataset
2026-08-14 16:37:33,915 INFO cqros.storage.parquet Read Parquet dataset
2026-08-14 16:37:33,917 INFO cqros.factors.repository Loaded factors dataset
2026-08-14 16:37:33,941 INFO cqros.storage.parquet Read Parquet dataset
2026-08-14 16:37:33,941 INFO cqros.storage.label_repository Loaded label dataset
2026-08-14 16:37:33,965 INFO cqros.storage.parquet Read Parquet dataset
2026-08-14 16:37:33,967 INFO cqros.factors.repository Loaded factors dataset
2026-08-14 16:37:33,991 INFO cqros.storage.parquet Read Parquet dataset
2026-08-14 16:37:33,991 INFO cqros.storage.label_repository Loaded label dataset
2026-08-14 16:37:34,018 INFO cqros.storage.parquet Read Parquet dataset
2026-08-14 16:37:34,019 INFO cqros.factors.repository Loaded factors dataset
2026-08-14 16:37:34,042 INFO cqros.storage.parquet Read Parquet dataset
2026-08-14 16:37:34,042 INFO cqros.storage.label_repository Loaded label dataset
2026-08-14 16:37:34,066 INFO cqros.storage.parquet Read Parquet dataset
2026-08-14 16:37:34,067 INFO cqros.factors.repository Loaded factors dataset
2026-08-14 16:37:34,083 INFO cqros.storage.parquet Read Parquet dataset
2026-08-14 16:37:34,083 INFO cqros.storage.label_repository Loaded label dataset
2026-08-14 16:37:34,105 INFO cqros.storage.parquet Read Parquet dataset
2026-08-14 16:37:34,105 INFO cqros.factors.repository Loaded factors dataset
2026-08-14 16:37:34,130 INFO cqros.storage.parquet Read Parquet dataset
2026-08-14 16:37:34,130 INFO cqros.storage.label_repository Loaded label dataset
2026-08-14 16:37:34,158 INFO cqros.storage.parquet Read Parquet dataset
2026-08-14 16:37:34,159 INFO cqros.factors.repository Loaded factors dataset
2026-08-14 16:37:34,183 INFO cqros.storage.parquet Read Parquet dataset
2026-08-14 16:37:34,183 INFO cqros.storage.label_repository Loaded label dataset
2026-08-14 16:37:34,212 INFO cqros.storage.parquet Read Parquet dataset
2026-08-14 16:37:34,213 INFO cqros.factors.repository Loaded factors dataset
2026-08-14 16:37:34,233 INFO cqros.storage.parquet Read Parquet dataset
2026-08-14 16:37:34,233 INFO cqros.storage.label_repository Loaded label dataset
2026-08-14 16:37:34,260 INFO cqros.storage.parquet Read Parquet dataset
2026-08-14 16:37:34,261 INFO cqros.factors.repository Loaded factors dataset
2026-08-14 16:37:34,283 INFO cqros.storage.parquet Read Parquet dataset
2026-08-14 16:37:34,283 INFO cqros.storage.label_repository Loaded label dataset
2026-08-14 16:37:34,306 INFO cqros.storage.parquet Read Parquet dataset
2026-08-14 16:37:34,307 INFO cqros.factors.repository Loaded factors dataset
2026-08-14 16:37:34,328 INFO cqros.storage.parquet Read Parquet dataset
2026-08-14 16:37:34,328 INFO cqros.storage.label_repository Loaded label dataset
2026-08-14 16:37:34,352 INFO cqros.storage.parquet Read Parquet dataset
2026-08-14 16:37:34,353 INFO cqros.factors.repository Loaded factors dataset
2026-08-14 16:37:34,371 INFO cqros.storage.parquet Read Parquet dataset
2026-08-14 16:37:34,372 INFO cqros.storage.label_repository Loaded label dataset
2026-08-14 16:37:34,401 INFO cqros.storage.parquet Read Parquet dataset
2026-08-14 16:37:34,403 INFO cqros.factors.repository Loaded factors dataset
2026-08-14 16:37:34,422 INFO cqros.storage.parquet Read Parquet dataset
2026-08-14 16:37:34,423 INFO cqros.storage.label_repository Loaded label dataset
2026-08-14 16:37:34,454 INFO cqros.storage.parquet Read Parquet dataset
2026-08-14 16:37:34,455 INFO cqros.factors.repository Loaded factors dataset
2026-08-14 16:37:34,480 INFO cqros.storage.parquet Read Parquet dataset
2026-08-14 16:37:34,480 INFO cqros.storage.label_repository Loaded label dataset
2026-08-14 16:37:34,507 INFO cqros.storage.parquet Read Parquet dataset
2026-08-14 16:37:34,509 INFO cqros.factors.repository Loaded factors dataset
2026-08-14 16:37:34,529 INFO cqros.storage.parquet Read Parquet dataset
2026-08-14 16:37:34,529 INFO cqros.storage.label_repository Loaded label dataset
2026-08-14 16:37:34,563 INFO cqros.storage.parquet Read Parquet dataset
2026-08-14 16:37:34,567 INFO cqros.factors.repository Loaded factors dataset
2026-08-14 16:37:34,589 INFO cqros.storage.parquet Read Parquet dataset
2026-08-14 16:37:34,589 INFO cqros.storage.label_repository Loaded label dataset
2026-08-14 16:37:34,616 INFO cqros.storage.parquet Read Parquet dataset
2026-08-14 16:37:34,617 INFO cqros.factors.repository Loaded factors dataset
2026-08-14 16:37:34,636 INFO cqros.storage.parquet Read Parquet dataset
2026-08-14 16:37:34,636 INFO cqros.storage.label_repository Loaded label dataset
2026-08-14 16:37:34,669 INFO cqros.storage.parquet Read Parquet dataset
2026-08-14 16:37:34,670 INFO cqros.factors.repository Loaded factors dataset
2026-08-14 16:37:34,689 INFO cqros.storage.parquet Read Parquet dataset
2026-08-14 16:37:34,689 INFO cqros.storage.label_repository Loaded label dataset
2026-08-14 16:37:34,718 INFO cqros.storage.parquet Read Parquet dataset
2026-08-14 16:37:34,723 INFO cqros.factors.repository Loaded factors dataset
2026-08-14 16:37:34,752 INFO cqros.storage.parquet Read Parquet dataset
2026-08-14 16:37:34,752 INFO cqros.storage.label_repository Loaded label dataset
2026-08-14 16:37:34,779 INFO cqros.storage.parquet Read Parquet dataset
2026-08-14 16:37:34,780 INFO cqros.factors.repository Loaded factors dataset
2026-08-14 16:37:34,808 INFO cqros.storage.parquet Read Parquet dataset
2026-08-14 16:37:34,808 INFO cqros.storage.label_repository Loaded label dataset
2026-08-14 16:37:34,839 INFO cqros.storage.parquet Read Parquet dataset
2026-08-14 16:37:34,841 INFO cqros.factors.repository Loaded factors dataset
2026-08-14 16:37:34,865 INFO cqros.storage.parquet Read Parquet dataset
2026-08-14 16:37:34,865 INFO cqros.storage.label_repository Loaded label dataset
2026-08-14 16:37:34,887 INFO cqros.storage.parquet Read Parquet dataset
2026-08-14 16:37:34,887 INFO cqros.factors.repository Loaded factors dataset
2026-08-14 16:37:34,906 INFO cqros.storage.parquet Read Parquet dataset
2026-08-14 16:37:34,906 INFO cqros.storage.label_repository Loaded label dataset
2026-08-14 16:37:34,929 INFO cqros.storage.parquet Read Parquet dataset
2026-08-14 16:37:34,929 INFO cqros.factors.repository Loaded factors dataset
2026-08-14 16:37:34,947 INFO cqros.storage.parquet Read Parquet dataset
2026-08-14 16:37:34,948 INFO cqros.storage.label_repository Loaded label dataset
2026-08-14 16:37:34,978 INFO cqros.storage.parquet Read Parquet dataset
2026-08-14 16:37:34,979 INFO cqros.factors.repository Loaded factors dataset
2026-08-14 16:37:35,000 INFO cqros.storage.parquet Read Parquet dataset
2026-08-14 16:37:35,000 INFO cqros.storage.label_repository Loaded label dataset
2026-08-14 16:37:35,029 INFO cqros.storage.parquet Read Parquet dataset
2026-08-14 16:37:35,030 INFO cqros.factors.repository Loaded factors dataset
2026-08-14 16:37:35,053 INFO cqros.storage.parquet Read Parquet dataset
2026-08-14 16:37:35,053 INFO cqros.storage.label_repository Loaded label dataset
2026-08-14 16:37:35,090 INFO cqros.storage.parquet Read Parquet dataset
2026-08-14 16:37:35,091 INFO cqros.factors.repository Loaded factors dataset
2026-08-14 16:37:35,119 INFO cqros.storage.parquet Read Parquet dataset
2026-08-14 16:37:35,119 INFO cqros.storage.label_repository Loaded label dataset
2026-08-14 16:37:35,144 INFO cqros.storage.parquet Read Parquet dataset
2026-08-14 16:37:35,145 INFO cqros.factors.repository Loaded factors dataset
2026-08-14 16:37:35,170 INFO cqros.storage.parquet Read Parquet dataset
2026-08-14 16:37:35,170 INFO cqros.storage.label_repository Loaded label dataset
2026-08-14 16:37:35,204 INFO cqros.storage.parquet Read Parquet dataset
2026-08-14 16:37:35,205 INFO cqros.factors.repository Loaded factors dataset
2026-08-14 16:37:35,226 INFO cqros.storage.parquet Read Parquet dataset
2026-08-14 16:37:35,226 INFO cqros.storage.label_repository Loaded label dataset
2026-08-14 16:37:35,257 INFO cqros.storage.parquet Read Parquet dataset
2026-08-14 16:37:35,258 INFO cqros.factors.repository Loaded factors dataset
2026-08-14 16:37:35,284 INFO cqros.storage.parquet Read Parquet dataset
2026-08-14 16:37:35,284 INFO cqros.storage.label_repository Loaded label dataset
2026-08-14 16:37:35,313 INFO cqros.storage.parquet Read Parquet dataset
2026-08-14 16:37:35,317 INFO cqros.factors.repository Loaded factors dataset
2026-08-14 16:37:35,340 INFO cqros.storage.parquet Read Parquet dataset
2026-08-14 16:37:35,340 INFO cqros.storage.label_repository Loaded label dataset
2026-08-14 16:37:35,373 INFO cqros.storage.parquet Read Parquet dataset
2026-08-14 16:37:35,375 INFO cqros.factors.repository Loaded factors dataset
2026-08-14 16:37:35,401 INFO cqros.storage.parquet Read Parquet dataset
2026-08-14 16:37:35,401 INFO cqros.storage.label_repository Loaded label dataset
2026-08-14 16:37:35,438 INFO cqros.storage.parquet Read Parquet dataset
2026-08-14 16:37:35,440 INFO cqros.factors.repository Loaded factors dataset
2026-08-14 16:37:35,461 INFO cqros.storage.parquet Read Parquet dataset
2026-08-14 16:37:35,461 INFO cqros.storage.label_repository Loaded label dataset
2026-08-14 16:37:35,487 INFO cqros.storage.parquet Read Parquet dataset
2026-08-14 16:37:35,489 INFO cqros.factors.repository Loaded factors dataset
2026-08-14 16:37:35,522 INFO cqros.storage.parquet Read Parquet dataset
2026-08-14 16:37:35,523 INFO cqros.storage.label_repository Loaded label dataset
2026-08-14 16:37:35,561 INFO cqros.storage.parquet Read Parquet dataset
2026-08-14 16:37:35,564 INFO cqros.factors.repository Loaded factors dataset
2026-08-14 16:37:35,605 INFO cqros.storage.parquet Read Parquet dataset
2026-08-14 16:37:35,606 INFO cqros.storage.label_repository Loaded label dataset
2026-08-14 16:37:35,693 INFO cqros.storage.parquet Read Parquet dataset
2026-08-14 16:37:35,694 INFO cqros.factors.repository Loaded factors dataset
2026-08-14 16:37:35,721 INFO cqros.storage.parquet Read Parquet dataset
2026-08-14 16:37:35,721 INFO cqros.storage.label_repository Loaded label dataset
2026-08-14 16:37:35,752 INFO cqros.storage.parquet Read Parquet dataset
2026-08-14 16:37:35,753 INFO cqros.factors.repository Loaded factors dataset
2026-08-14 16:37:35,772 INFO cqros.storage.parquet Read Parquet dataset
2026-08-14 16:37:35,772 INFO cqros.storage.label_repository Loaded label dataset
2026-08-14 16:37:35,795 INFO cqros.storage.parquet Read Parquet dataset
2026-08-14 16:37:35,796 INFO cqros.factors.repository Loaded factors dataset
2026-08-14 16:37:35,813 INFO cqros.storage.parquet Read Parquet dataset
2026-08-14 16:37:35,813 INFO cqros.storage.label_repository Loaded label dataset
2026-08-14 16:37:35,843 INFO cqros.storage.parquet Read Parquet dataset
2026-08-14 16:37:35,844 INFO cqros.factors.repository Loaded factors dataset
2026-08-14 16:37:35,868 INFO cqros.storage.parquet Read Parquet dataset
2026-08-14 16:37:35,868 INFO cqros.storage.label_repository Loaded label dataset
2026-08-14 16:37:35,894 INFO cqros.storage.parquet Read Parquet dataset
2026-08-14 16:37:35,895 INFO cqros.factors.repository Loaded factors dataset
2026-08-14 16:37:35,923 INFO cqros.storage.parquet Read Parquet dataset
2026-08-14 16:37:35,924 INFO cqros.storage.label_repository Loaded label dataset
2026-08-14 16:37:35,947 INFO cqros.storage.parquet Read Parquet dataset
2026-08-14 16:37:35,950 INFO cqros.factors.repository Loaded factors dataset
2026-08-14 16:37:35,969 INFO cqros.storage.parquet Read Parquet dataset
2026-08-14 16:37:35,969 INFO cqros.storage.label_repository Loaded label dataset
2026-08-14 16:37:35,993 INFO cqros.storage.parquet Read Parquet dataset
2026-08-14 16:37:35,994 INFO cqros.factors.repository Loaded factors dataset
2026-08-14 16:37:36,010 INFO cqros.storage.parquet Read Parquet dataset
2026-08-14 16:37:36,011 INFO cqros.storage.label_repository Loaded label dataset
2026-08-14 16:37:36,038 INFO cqros.storage.parquet Read Parquet dataset
2026-08-14 16:37:36,039 INFO cqros.factors.repository Loaded factors dataset
2026-08-14 16:37:36,061 INFO cqros.storage.parquet Read Parquet dataset
2026-08-14 16:37:36,061 INFO cqros.storage.label_repository Loaded label dataset
2026-08-14 16:37:36,253 INFO cqros.storage.parquet Read Parquet dataset
2026-08-14 16:37:36,254 INFO cqros.factors.repository Loaded factors dataset
2026-08-14 16:37:36,313 INFO cqros.storage.parquet Read Parquet dataset
2026-08-14 16:37:36,313 INFO cqros.storage.label_repository Loaded label dataset
2026-08-14 16:37:36,391 INFO cqros.storage.parquet Read Parquet dataset
2026-08-14 16:37:36,393 INFO cqros.factors.repository Loaded factors dataset
2026-08-14 16:37:36,425 INFO cqros.storage.parquet Read Parquet dataset
2026-08-14 16:37:36,425 INFO cqros.storage.label_repository Loaded label dataset
2026-08-14 16:37:36,457 INFO cqros.storage.parquet Read Parquet dataset
2026-08-14 16:37:36,458 INFO cqros.factors.repository Loaded factors dataset
2026-08-14 16:37:36,478 INFO cqros.storage.parquet Read Parquet dataset
2026-08-14 16:37:36,478 INFO cqros.storage.label_repository Loaded label dataset
2026-08-14 16:37:36,545 INFO cqros.storage.parquet Read Parquet dataset
2026-08-14 16:37:36,571 INFO cqros.factors.repository Loaded factors dataset
2026-08-14 16:37:36,607 INFO cqros.storage.parquet Read Parquet dataset
2026-08-14 16:37:36,607 INFO cqros.storage.label_repository Loaded label dataset
2026-08-14 16:37:36,639 INFO cqros.storage.parquet Read Parquet dataset
2026-08-14 16:37:36,640 INFO cqros.factors.repository Loaded factors dataset
2026-08-14 16:37:36,662 INFO cqros.storage.parquet Read Parquet dataset
2026-08-14 16:37:36,662 INFO cqros.storage.label_repository Loaded label dataset
2026-08-14 16:37:36,693 INFO cqros.storage.parquet Read Parquet dataset
2026-08-14 16:37:36,694 INFO cqros.factors.repository Loaded factors dataset
2026-08-14 16:37:36,717 INFO cqros.storage.parquet Read Parquet dataset
2026-08-14 16:37:36,718 INFO cqros.storage.label_repository Loaded label dataset
2026-08-14 16:37:36,742 INFO cqros.storage.parquet Read Parquet dataset
2026-08-14 16:37:36,743 INFO cqros.factors.repository Loaded factors dataset
2026-08-14 16:37:36,762 INFO cqros.storage.parquet Read Parquet dataset
2026-08-14 16:37:36,762 INFO cqros.storage.label_repository Loaded label dataset
2026-08-14 16:37:36,790 INFO cqros.storage.parquet Read Parquet dataset
2026-08-14 16:37:36,791 INFO cqros.factors.repository Loaded factors dataset
2026-08-14 16:37:36,810 INFO cqros.storage.parquet Read Parquet dataset
2026-08-14 16:37:36,810 INFO cqros.storage.label_repository Loaded label dataset
2026-08-14 16:37:36,839 INFO cqros.storage.parquet Read Parquet dataset
2026-08-14 16:37:36,840 INFO cqros.factors.repository Loaded factors dataset
2026-08-14 16:37:36,861 INFO cqros.storage.parquet Read Parquet dataset
2026-08-14 16:37:36,861 INFO cqros.storage.label_repository Loaded label dataset
2026-08-14 16:37:36,896 INFO cqros.storage.parquet Read Parquet dataset
2026-08-14 16:37:36,897 INFO cqros.factors.repository Loaded factors dataset
2026-08-14 16:37:36,919 INFO cqros.storage.parquet Read Parquet dataset
2026-08-14 16:37:36,919 INFO cqros.storage.label_repository Loaded label dataset
2026-08-14 16:37:36,958 INFO cqros.storage.parquet Read Parquet dataset
2026-08-14 16:37:36,960 INFO cqros.factors.repository Loaded factors dataset
2026-08-14 16:37:36,989 INFO cqros.storage.parquet Read Parquet dataset
2026-08-14 16:37:36,989 INFO cqros.storage.label_repository Loaded label dataset
2026-08-14 16:37:37,021 INFO cqros.storage.parquet Read Parquet dataset
2026-08-14 16:37:37,022 INFO cqros.factors.repository Loaded factors dataset
2026-08-14 16:37:37,045 INFO cqros.storage.parquet Read Parquet dataset
2026-08-14 16:37:37,045 INFO cqros.storage.label_repository Loaded label dataset
2026-08-14 16:37:37,070 INFO cqros.storage.parquet Read Parquet dataset
2026-08-14 16:37:37,071 INFO cqros.factors.repository Loaded factors dataset
2026-08-14 16:37:37,096 INFO cqros.storage.parquet Read Parquet dataset
2026-08-14 16:37:37,096 INFO cqros.storage.label_repository Loaded label dataset
2026-08-14 16:37:37,120 INFO cqros.storage.parquet Read Parquet dataset
2026-08-14 16:37:37,120 INFO cqros.factors.repository Loaded factors dataset
2026-08-14 16:37:37,139 INFO cqros.storage.parquet Read Parquet dataset
2026-08-14 16:37:37,139 INFO cqros.storage.label_repository Loaded label dataset
2026-08-14 16:37:37,161 INFO cqros.storage.parquet Read Parquet dataset
2026-08-14 16:37:37,162 INFO cqros.factors.repository Loaded factors dataset
2026-08-14 16:37:37,181 INFO cqros.storage.parquet Read Parquet dataset
2026-08-14 16:37:37,181 INFO cqros.storage.label_repository Loaded label dataset
2026-08-14 16:37:37,210 INFO cqros.storage.parquet Read Parquet dataset
2026-08-14 16:37:37,213 INFO cqros.factors.repository Loaded factors dataset
2026-08-14 16:37:37,239 INFO cqros.storage.parquet Read Parquet dataset
2026-08-14 16:37:37,239 INFO cqros.storage.label_repository Loaded label dataset
2026-08-14 16:37:37,269 INFO cqros.storage.parquet Read Parquet dataset
2026-08-14 16:37:37,270 INFO cqros.factors.repository Loaded factors dataset
2026-08-14 16:37:37,289 INFO cqros.storage.parquet Read Parquet dataset
2026-08-14 16:37:37,289 INFO cqros.storage.label_repository Loaded label dataset
2026-08-14 16:37:37,319 INFO cqros.storage.parquet Read Parquet dataset
2026-08-14 16:37:37,320 INFO cqros.factors.repository Loaded factors dataset
2026-08-14 16:37:37,337 INFO cqros.storage.parquet Read Parquet dataset
2026-08-14 16:37:37,337 INFO cqros.storage.label_repository Loaded label dataset
2026-08-14 16:37:37,363 INFO cqros.storage.parquet Read Parquet dataset
2026-08-14 16:37:37,364 INFO cqros.factors.repository Loaded factors dataset
2026-08-14 16:37:37,388 INFO cqros.storage.parquet Read Parquet dataset
2026-08-14 16:37:37,388 INFO cqros.storage.label_repository Loaded label dataset
2026-08-14 16:37:37,421 INFO cqros.storage.parquet Read Parquet dataset
2026-08-14 16:37:37,423 INFO cqros.factors.repository Loaded factors dataset
2026-08-14 16:37:37,448 INFO cqros.storage.parquet Read Parquet dataset
2026-08-14 16:37:37,448 INFO cqros.storage.label_repository Loaded label dataset
2026-08-14 16:37:37,480 INFO cqros.storage.parquet Read Parquet dataset
2026-08-14 16:37:37,482 INFO cqros.factors.repository Loaded factors dataset
2026-08-14 16:37:37,531 INFO cqros.storage.parquet Read Parquet dataset
2026-08-14 16:37:37,532 INFO cqros.storage.label_repository Loaded label dataset
2026-08-14 16:37:37,562 INFO cqros.storage.parquet Read Parquet dataset
2026-08-14 16:37:37,563 INFO cqros.factors.repository Loaded factors dataset
2026-08-14 16:37:37,585 INFO cqros.storage.parquet Read Parquet dataset
2026-08-14 16:37:37,585 INFO cqros.storage.label_repository Loaded label dataset
2026-08-14 16:37:37,612 INFO cqros.storage.parquet Read Parquet dataset
2026-08-14 16:37:37,613 INFO cqros.factors.repository Loaded factors dataset
2026-08-14 16:37:37,636 INFO cqros.storage.parquet Read Parquet dataset
2026-08-14 16:37:37,636 INFO cqros.storage.label_repository Loaded label dataset
2026-08-14 16:37:37,662 INFO cqros.storage.parquet Read Parquet dataset
2026-08-14 16:37:37,663 INFO cqros.factors.repository Loaded factors dataset
2026-08-14 16:37:37,679 INFO cqros.storage.parquet Read Parquet dataset
2026-08-14 16:37:37,679 INFO cqros.storage.label_repository Loaded label dataset
2026-08-14 16:37:37,702 INFO cqros.storage.parquet Read Parquet dataset
2026-08-14 16:37:37,703 INFO cqros.factors.repository Loaded factors dataset
2026-08-14 16:37:37,723 INFO cqros.storage.parquet Read Parquet dataset
2026-08-14 16:37:37,723 INFO cqros.storage.label_repository Loaded label dataset
2026-08-14 16:37:37,751 INFO cqros.storage.parquet Read Parquet dataset
2026-08-14 16:37:37,752 INFO cqros.factors.repository Loaded factors dataset
2026-08-14 16:37:37,770 INFO cqros.storage.parquet Read Parquet dataset
2026-08-14 16:37:37,770 INFO cqros.storage.label_repository Loaded label dataset
2026-08-14 16:37:37,795 INFO cqros.storage.parquet Read Parquet dataset
2026-08-14 16:37:37,796 INFO cqros.factors.repository Loaded factors dataset
2026-08-14 16:37:37,816 INFO cqros.storage.parquet Read Parquet dataset
2026-08-14 16:37:37,817 INFO cqros.storage.label_repository Loaded label dataset
2026-08-14 16:37:37,845 INFO cqros.storage.parquet Read Parquet dataset
2026-08-14 16:37:37,846 INFO cqros.factors.repository Loaded factors dataset
2026-08-14 16:37:37,864 INFO cqros.storage.parquet Read Parquet dataset
2026-08-14 16:37:37,864 INFO cqros.storage.label_repository Loaded label dataset
2026-08-14 16:37:37,895 INFO cqros.storage.parquet Read Parquet dataset
2026-08-14 16:37:37,896 INFO cqros.factors.repository Loaded factors dataset
2026-08-14 16:37:37,929 INFO cqros.storage.parquet Read Parquet dataset
2026-08-14 16:37:37,929 INFO cqros.storage.label_repository Loaded label dataset
2026-08-14 16:37:37,962 INFO cqros.storage.parquet Read Parquet dataset
2026-08-14 16:37:37,964 INFO cqros.factors.repository Loaded factors dataset
2026-08-14 16:37:37,990 INFO cqros.storage.parquet Read Parquet dataset
2026-08-14 16:37:37,990 INFO cqros.storage.label_repository Loaded label dataset
2026-08-14 16:37:38,029 INFO cqros.storage.parquet Read Parquet dataset
2026-08-14 16:37:38,031 INFO cqros.factors.repository Loaded factors dataset
2026-08-14 16:37:38,054 INFO cqros.storage.parquet Read Parquet dataset
2026-08-14 16:37:38,055 INFO cqros.storage.label_repository Loaded label dataset
2026-08-14 16:37:38,087 INFO cqros.storage.parquet Read Parquet dataset
2026-08-14 16:37:38,088 INFO cqros.factors.repository Loaded factors dataset
2026-08-14 16:37:38,106 INFO cqros.storage.parquet Read Parquet dataset
2026-08-14 16:37:38,107 INFO cqros.storage.label_repository Loaded label dataset
2026-08-14 16:37:38,131 INFO cqros.storage.parquet Read Parquet dataset
2026-08-14 16:37:38,134 INFO cqros.factors.repository Loaded factors dataset
2026-08-14 16:37:38,151 INFO cqros.storage.parquet Read Parquet dataset
2026-08-14 16:37:38,152 INFO cqros.storage.label_repository Loaded label dataset
2026-08-14 16:37:38,176 INFO cqros.storage.parquet Read Parquet dataset
2026-08-14 16:37:38,177 INFO cqros.factors.repository Loaded factors dataset
2026-08-14 16:37:38,194 INFO cqros.storage.parquet Read Parquet dataset
2026-08-14 16:37:38,194 INFO cqros.storage.label_repository Loaded label dataset
2026-08-14 16:37:38,223 INFO cqros.storage.parquet Read Parquet dataset
2026-08-14 16:37:38,224 INFO cqros.factors.repository Loaded factors dataset
2026-08-14 16:37:38,242 INFO cqros.storage.parquet Read Parquet dataset
2026-08-14 16:37:38,242 INFO cqros.storage.label_repository Loaded label dataset
2026-08-14 16:37:38,265 INFO cqros.storage.parquet Read Parquet dataset
2026-08-14 16:37:38,268 INFO cqros.factors.repository Loaded factors dataset
2026-08-14 16:37:38,290 INFO cqros.storage.parquet Read Parquet dataset
2026-08-14 16:37:38,290 INFO cqros.storage.label_repository Loaded label dataset
2026-08-14 16:37:38,318 INFO cqros.storage.parquet Read Parquet dataset
2026-08-14 16:37:38,319 INFO cqros.factors.repository Loaded factors dataset
2026-08-14 16:37:38,336 INFO cqros.storage.parquet Read Parquet dataset
2026-08-14 16:37:38,337 INFO cqros.storage.label_repository Loaded label dataset
2026-08-14 16:37:38,360 INFO cqros.storage.parquet Read Parquet dataset
2026-08-14 16:37:38,362 INFO cqros.factors.repository Loaded factors dataset
2026-08-14 16:37:38,391 INFO cqros.storage.parquet Read Parquet dataset
2026-08-14 16:37:38,391 INFO cqros.storage.label_repository Loaded label dataset
2026-08-14 16:37:38,430 INFO cqros.storage.parquet Read Parquet dataset
2026-08-14 16:37:38,437 INFO cqros.factors.repository Loaded factors dataset
2026-08-14 16:37:38,468 INFO cqros.storage.parquet Read Parquet dataset
2026-08-14 16:37:38,468 INFO cqros.storage.label_repository Loaded label dataset
2026-08-14 16:37:38,502 INFO cqros.storage.parquet Read Parquet dataset
2026-08-14 16:37:38,505 INFO cqros.factors.repository Loaded factors dataset
2026-08-14 16:37:38,535 INFO cqros.storage.parquet Read Parquet dataset
2026-08-14 16:37:38,535 INFO cqros.storage.label_repository Loaded label dataset
2026-08-14 16:37:38,561 INFO cqros.storage.parquet Read Parquet dataset
2026-08-14 16:37:38,563 INFO cqros.factors.repository Loaded factors dataset
2026-08-14 16:37:38,581 INFO cqros.storage.parquet Read Parquet dataset
2026-08-14 16:37:38,581 INFO cqros.storage.label_repository Loaded label dataset
2026-08-14 16:37:38,608 INFO cqros.storage.parquet Read Parquet dataset
2026-08-14 16:37:38,608 INFO cqros.factors.repository Loaded factors dataset
2026-08-14 16:37:38,627 INFO cqros.storage.parquet Read Parquet dataset
2026-08-14 16:37:38,627 INFO cqros.storage.label_repository Loaded label dataset
2026-08-14 16:37:38,651 INFO cqros.storage.parquet Read Parquet dataset
2026-08-14 16:37:38,652 INFO cqros.factors.repository Loaded factors dataset
2026-08-14 16:37:38,670 INFO cqros.storage.parquet Read Parquet dataset
2026-08-14 16:37:38,670 INFO cqros.storage.label_repository Loaded label dataset
2026-08-14 16:37:38,701 INFO cqros.storage.parquet Read Parquet dataset
2026-08-14 16:37:38,702 INFO cqros.factors.repository Loaded factors dataset
2026-08-14 16:37:38,719 INFO cqros.storage.parquet Read Parquet dataset
2026-08-14 16:37:38,719 INFO cqros.storage.label_repository Loaded label dataset
2026-08-14 16:37:38,744 INFO cqros.storage.parquet Read Parquet dataset
2026-08-14 16:37:38,745 INFO cqros.factors.repository Loaded factors dataset
2026-08-14 16:37:38,763 INFO cqros.storage.parquet Read Parquet dataset
2026-08-14 16:37:38,763 INFO cqros.storage.label_repository Loaded label dataset
2026-08-14 16:37:38,787 INFO cqros.storage.parquet Read Parquet dataset
2026-08-14 16:37:38,788 INFO cqros.factors.repository Loaded factors dataset
2026-08-14 16:37:38,809 INFO cqros.storage.parquet Read Parquet dataset
2026-08-14 16:37:38,809 INFO cqros.storage.label_repository Loaded label dataset
2026-08-14 16:37:38,833 INFO cqros.storage.parquet Read Parquet dataset
2026-08-14 16:37:38,835 INFO cqros.factors.repository Loaded factors dataset
2026-08-14 16:37:38,855 INFO cqros.storage.parquet Read Parquet dataset
2026-08-14 16:37:38,855 INFO cqros.storage.label_repository Loaded label dataset
2026-08-14 16:37:38,878 INFO cqros.storage.parquet Read Parquet dataset
2026-08-14 16:37:38,879 INFO cqros.factors.repository Loaded factors dataset
2026-08-14 16:37:38,901 INFO cqros.storage.parquet Read Parquet dataset
2026-08-14 16:37:38,901 INFO cqros.storage.label_repository Loaded label dataset
2026-08-14 16:37:38,927 INFO cqros.storage.parquet Read Parquet dataset
2026-08-14 16:37:38,928 INFO cqros.factors.repository Loaded factors dataset
2026-08-14 16:37:38,954 INFO cqros.storage.parquet Read Parquet dataset
2026-08-14 16:37:38,954 INFO cqros.storage.label_repository Loaded label dataset
2026-08-14 16:37:38,990 INFO cqros.storage.parquet Read Parquet dataset
2026-08-14 16:37:38,991 INFO cqros.factors.repository Loaded factors dataset
2026-08-14 16:37:39,023 INFO cqros.storage.parquet Read Parquet dataset
2026-08-14 16:37:39,023 INFO cqros.storage.label_repository Loaded label dataset
2026-08-14 16:37:39,057 INFO cqros.storage.parquet Read Parquet dataset
2026-08-14 16:37:39,058 INFO cqros.factors.repository Loaded factors dataset
2026-08-14 16:37:39,086 INFO cqros.storage.parquet Read Parquet dataset
2026-08-14 16:37:39,086 INFO cqros.storage.label_repository Loaded label dataset
2026-08-14 16:37:39,118 INFO cqros.storage.parquet Read Parquet dataset
2026-08-14 16:37:39,119 INFO cqros.factors.repository Loaded factors dataset
2026-08-14 16:37:39,139 INFO cqros.storage.parquet Read Parquet dataset
2026-08-14 16:37:39,139 INFO cqros.storage.label_repository Loaded label dataset
2026-08-14 16:37:39,167 INFO cqros.storage.parquet Read Parquet dataset
2026-08-14 16:37:39,168 INFO cqros.factors.repository Loaded factors dataset
2026-08-14 16:37:39,186 INFO cqros.storage.parquet Read Parquet dataset
2026-08-14 16:37:39,186 INFO cqros.storage.label_repository Loaded label dataset
2026-08-14 16:37:39,209 INFO cqros.storage.parquet Read Parquet dataset
2026-08-14 16:37:39,210 INFO cqros.factors.repository Loaded factors dataset
2026-08-14 16:37:39,229 INFO cqros.storage.parquet Read Parquet dataset
2026-08-14 16:37:39,229 INFO cqros.storage.label_repository Loaded label dataset
2026-08-14 16:37:39,253 INFO cqros.storage.parquet Read Parquet dataset
2026-08-14 16:37:39,254 INFO cqros.factors.repository Loaded factors dataset
2026-08-14 16:37:39,274 INFO cqros.storage.parquet Read Parquet dataset
2026-08-14 16:37:39,275 INFO cqros.storage.label_repository Loaded label dataset
2026-08-14 16:37:39,297 INFO cqros.storage.parquet Read Parquet dataset
2026-08-14 16:37:39,298 INFO cqros.factors.repository Loaded factors dataset
2026-08-14 16:37:39,318 INFO cqros.storage.parquet Read Parquet dataset
2026-08-14 16:37:39,319 INFO cqros.storage.label_repository Loaded label dataset
2026-08-14 16:37:39,343 INFO cqros.storage.parquet Read Parquet dataset
2026-08-14 16:37:39,344 INFO cqros.factors.repository Loaded factors dataset
2026-08-14 16:37:39,361 INFO cqros.storage.parquet Read Parquet dataset
2026-08-14 16:37:39,361 INFO cqros.storage.label_repository Loaded label dataset
2026-08-14 16:37:39,388 INFO cqros.storage.parquet Read Parquet dataset
2026-08-14 16:37:39,389 INFO cqros.factors.repository Loaded factors dataset
2026-08-14 16:37:39,408 INFO cqros.storage.parquet Read Parquet dataset
2026-08-14 16:37:39,409 INFO cqros.storage.label_repository Loaded label dataset
2026-08-14 16:37:39,431 INFO cqros.storage.parquet Read Parquet dataset
2026-08-14 16:37:39,433 INFO cqros.factors.repository Loaded factors dataset
2026-08-14 16:37:39,450 INFO cqros.storage.parquet Read Parquet dataset
2026-08-14 16:37:39,450 INFO cqros.storage.label_repository Loaded label dataset
2026-08-14 16:37:39,477 INFO cqros.storage.parquet Read Parquet dataset
2026-08-14 16:37:39,478 INFO cqros.factors.repository Loaded factors dataset
2026-08-14 16:37:39,495 INFO cqros.storage.parquet Read Parquet dataset
2026-08-14 16:37:39,495 INFO cqros.storage.label_repository Loaded label dataset
2026-08-14 16:37:39,530 INFO cqros.storage.parquet Read Parquet dataset
2026-08-14 16:37:39,532 INFO cqros.factors.repository Loaded factors dataset
2026-08-14 16:37:39,559 INFO cqros.storage.parquet Read Parquet dataset
2026-08-14 16:37:39,559 INFO cqros.storage.label_repository Loaded label dataset
2026-08-14 16:37:39,595 INFO cqros.storage.parquet Read Parquet dataset
2026-08-14 16:37:39,597 INFO cqros.factors.repository Loaded factors dataset
2026-08-14 16:37:39,627 INFO cqros.storage.parquet Read Parquet dataset
2026-08-14 16:37:39,627 INFO cqros.storage.label_repository Loaded label dataset
2026-08-14 16:37:39,660 INFO cqros.storage.parquet Read Parquet dataset
2026-08-14 16:37:39,661 INFO cqros.factors.repository Loaded factors dataset
2026-08-14 16:37:39,690 INFO cqros.storage.parquet Read Parquet dataset
2026-08-14 16:37:39,690 INFO cqros.storage.label_repository Loaded label dataset
2026-08-14 16:37:39,722 INFO cqros.storage.parquet Read Parquet dataset
2026-08-14 16:37:39,724 INFO cqros.factors.repository Loaded factors dataset
2026-08-14 16:37:39,744 INFO cqros.storage.parquet Read Parquet dataset
2026-08-14 16:37:39,745 INFO cqros.storage.label_repository Loaded label dataset
2026-08-14 16:37:39,778 INFO cqros.storage.parquet Read Parquet dataset
2026-08-14 16:37:39,779 INFO cqros.factors.repository Loaded factors dataset
2026-08-14 16:37:39,807 INFO cqros.storage.parquet Read Parquet dataset
2026-08-14 16:37:39,807 INFO cqros.storage.label_repository Loaded label dataset
2026-08-14 16:37:39,845 INFO cqros.storage.parquet Read Parquet dataset
2026-08-14 16:37:39,847 INFO cqros.factors.repository Loaded factors dataset
2026-08-14 16:37:39,874 INFO cqros.storage.parquet Read Parquet dataset
2026-08-14 16:37:39,875 INFO cqros.storage.label_repository Loaded label dataset
2026-08-14 16:37:39,903 INFO cqros.storage.parquet Read Parquet dataset
2026-08-14 16:37:39,904 INFO cqros.factors.repository Loaded factors dataset
2026-08-14 16:37:39,930 INFO cqros.storage.parquet Read Parquet dataset
2026-08-14 16:37:39,930 INFO cqros.storage.label_repository Loaded label dataset
2026-08-14 16:37:39,958 INFO cqros.storage.parquet Read Parquet dataset
2026-08-14 16:37:39,959 INFO cqros.factors.repository Loaded factors dataset
2026-08-14 16:37:39,978 INFO cqros.storage.parquet Read Parquet dataset
2026-08-14 16:37:39,978 INFO cqros.storage.label_repository Loaded label dataset
2026-08-14 16:37:40,004 INFO cqros.storage.parquet Read Parquet dataset
2026-08-14 16:37:40,005 INFO cqros.factors.repository Loaded factors dataset
2026-08-14 16:37:40,023 INFO cqros.storage.parquet Read Parquet dataset
2026-08-14 16:37:40,023 INFO cqros.storage.label_repository Loaded label dataset
2026-08-14 16:37:40,046 INFO cqros.storage.parquet Read Parquet dataset
2026-08-14 16:37:40,047 INFO cqros.factors.repository Loaded factors dataset
2026-08-14 16:37:40,071 INFO cqros.storage.parquet Read Parquet dataset
2026-08-14 16:37:40,071 INFO cqros.storage.label_repository Loaded label dataset
2026-08-14 16:37:40,101 INFO cqros.storage.parquet Read Parquet dataset
2026-08-14 16:37:40,103 INFO cqros.factors.repository Loaded factors dataset
2026-08-14 16:37:40,131 INFO cqros.storage.parquet Read Parquet dataset
2026-08-14 16:37:40,131 INFO cqros.storage.label_repository Loaded label dataset
2026-08-14 16:37:40,157 INFO cqros.storage.parquet Read Parquet dataset
2026-08-14 16:37:40,159 INFO cqros.factors.repository Loaded factors dataset
2026-08-14 16:37:40,189 INFO cqros.storage.parquet Read Parquet dataset
2026-08-14 16:37:40,189 INFO cqros.storage.label_repository Loaded label dataset
2026-08-14 16:37:40,222 INFO cqros.storage.parquet Read Parquet dataset
2026-08-14 16:37:40,223 INFO cqros.factors.repository Loaded factors dataset
2026-08-14 16:37:40,247 INFO cqros.storage.parquet Read Parquet dataset
2026-08-14 16:37:40,247 INFO cqros.storage.label_repository Loaded label dataset
2026-08-14 16:37:40,275 INFO cqros.storage.parquet Read Parquet dataset
2026-08-14 16:37:40,276 INFO cqros.factors.repository Loaded factors dataset
2026-08-14 16:37:40,301 INFO cqros.storage.parquet Read Parquet dataset
2026-08-14 16:37:40,301 INFO cqros.storage.label_repository Loaded label dataset
2026-08-14 16:37:40,328 INFO cqros.storage.parquet Read Parquet dataset
2026-08-14 16:37:40,330 INFO cqros.factors.repository Loaded factors dataset
2026-08-14 16:37:40,357 INFO cqros.storage.parquet Read Parquet dataset
2026-08-14 16:37:40,358 INFO cqros.storage.label_repository Loaded label dataset
2026-08-14 16:37:40,391 INFO cqros.storage.parquet Read Parquet dataset
2026-08-14 16:37:40,392 INFO cqros.factors.repository Loaded factors dataset
2026-08-14 16:37:40,419 INFO cqros.storage.parquet Read Parquet dataset
2026-08-14 16:37:40,419 INFO cqros.storage.label_repository Loaded label dataset
2026-08-14 16:37:40,465 INFO cqros.storage.parquet Read Parquet dataset
2026-08-14 16:37:40,495 INFO cqros.factors.repository Loaded factors dataset
2026-08-14 16:37:40,541 INFO cqros.storage.parquet Read Parquet dataset
2026-08-14 16:37:40,541 INFO cqros.storage.label_repository Loaded label dataset
2026-08-14 16:37:40,574 INFO cqros.storage.parquet Read Parquet dataset
2026-08-14 16:37:40,575 INFO cqros.factors.repository Loaded factors dataset
2026-08-14 16:37:40,610 INFO cqros.storage.parquet Read Parquet dataset
2026-08-14 16:37:40,610 INFO cqros.storage.label_repository Loaded label dataset
2026-08-14 16:37:40,638 INFO cqros.storage.parquet Read Parquet dataset
2026-08-14 16:37:40,639 INFO cqros.factors.repository Loaded factors dataset
2026-08-14 16:37:40,662 INFO cqros.storage.parquet Read Parquet dataset
2026-08-14 16:37:40,662 INFO cqros.storage.label_repository Loaded label dataset
2026-08-14 16:37:40,687 INFO cqros.storage.parquet Read Parquet dataset
2026-08-14 16:37:40,688 INFO cqros.factors.repository Loaded factors dataset
2026-08-14 16:37:40,707 INFO cqros.storage.parquet Read Parquet dataset
2026-08-14 16:37:40,707 INFO cqros.storage.label_repository Loaded label dataset
2026-08-14 16:37:40,737 INFO cqros.storage.parquet Read Parquet dataset
2026-08-14 16:37:40,739 INFO cqros.factors.repository Loaded factors dataset
2026-08-14 16:37:40,770 INFO cqros.storage.parquet Read Parquet dataset
2026-08-14 16:37:40,770 INFO cqros.storage.label_repository Loaded label dataset
2026-08-14 16:37:40,799 INFO cqros.storage.parquet Read Parquet dataset
2026-08-14 16:37:40,800 INFO cqros.factors.repository Loaded factors dataset
2026-08-14 16:37:40,838 INFO cqros.storage.parquet Read Parquet dataset
2026-08-14 16:37:40,838 INFO cqros.storage.label_repository Loaded label dataset
2026-08-14 16:37:40,873 INFO cqros.storage.parquet Read Parquet dataset
2026-08-14 16:37:40,874 INFO cqros.factors.repository Loaded factors dataset
2026-08-14 16:37:40,897 INFO cqros.storage.parquet Read Parquet dataset
2026-08-14 16:37:40,897 INFO cqros.storage.label_repository Loaded label dataset
2026-08-14 16:37:40,924 INFO cqros.storage.parquet Read Parquet dataset
2026-08-14 16:37:40,925 INFO cqros.factors.repository Loaded factors dataset
2026-08-14 16:37:40,944 INFO cqros.storage.parquet Read Parquet dataset
2026-08-14 16:37:40,944 INFO cqros.storage.label_repository Loaded label dataset
2026-08-14 16:37:40,964 INFO cqros.storage.parquet Read Parquet dataset
2026-08-14 16:37:40,965 INFO cqros.factors.repository Loaded factors dataset
2026-08-14 16:37:40,981 INFO cqros.storage.parquet Read Parquet dataset
2026-08-14 16:37:40,981 INFO cqros.storage.label_repository Loaded label dataset
2026-08-14 16:37:41,004 INFO cqros.storage.parquet Read Parquet dataset
2026-08-14 16:37:41,005 INFO cqros.factors.repository Loaded factors dataset
2026-08-14 16:37:41,020 INFO cqros.storage.parquet Read Parquet dataset
2026-08-14 16:37:41,021 INFO cqros.storage.label_repository Loaded label dataset
2026-08-14 16:37:41,042 INFO cqros.storage.parquet Read Parquet dataset
2026-08-14 16:37:41,043 INFO cqros.factors.repository Loaded factors dataset
2026-08-14 16:37:41,061 INFO cqros.storage.parquet Read Parquet dataset
2026-08-14 16:37:41,061 INFO cqros.storage.label_repository Loaded label dataset
2026-08-14 16:37:41,091 INFO cqros.storage.parquet Read Parquet dataset
2026-08-14 16:37:41,092 INFO cqros.factors.repository Loaded factors dataset
2026-08-14 16:37:41,117 INFO cqros.storage.parquet Read Parquet dataset
2026-08-14 16:37:41,117 INFO cqros.storage.label_repository Loaded label dataset
2026-08-14 16:37:41,147 INFO cqros.storage.parquet Read Parquet dataset
2026-08-14 16:37:41,148 INFO cqros.factors.repository Loaded factors dataset
2026-08-14 16:37:41,174 INFO cqros.storage.parquet Read Parquet dataset
2026-08-14 16:37:41,175 INFO cqros.storage.label_repository Loaded label dataset
2026-08-14 16:37:41,207 INFO cqros.storage.parquet Read Parquet dataset
2026-08-14 16:37:41,211 INFO cqros.factors.repository Loaded factors dataset
2026-08-14 16:37:41,231 INFO cqros.storage.parquet Read Parquet dataset
2026-08-14 16:37:41,232 INFO cqros.storage.label_repository Loaded label dataset
2026-08-14 16:37:41,258 INFO cqros.storage.parquet Read Parquet dataset
2026-08-14 16:37:41,259 INFO cqros.factors.repository Loaded factors dataset
2026-08-14 16:37:41,282 INFO cqros.storage.parquet Read Parquet dataset
2026-08-14 16:37:41,284 INFO cqros.storage.label_repository Loaded label dataset
2026-08-14 16:37:41,312 INFO cqros.storage.parquet Read Parquet dataset
2026-08-14 16:37:41,313 INFO cqros.factors.repository Loaded factors dataset
2026-08-14 16:37:41,335 INFO cqros.storage.parquet Read Parquet dataset
2026-08-14 16:37:41,335 INFO cqros.storage.label_repository Loaded label dataset
2026-08-14 16:37:41,359 INFO cqros.storage.parquet Read Parquet dataset
2026-08-14 16:37:41,360 INFO cqros.factors.repository Loaded factors dataset
2026-08-14 16:37:41,377 INFO cqros.storage.parquet Read Parquet dataset
2026-08-14 16:37:41,377 INFO cqros.storage.label_repository Loaded label dataset
2026-08-14 16:37:41,403 INFO cqros.storage.parquet Read Parquet dataset
2026-08-14 16:37:41,404 INFO cqros.factors.repository Loaded factors dataset
2026-08-14 16:37:41,422 INFO cqros.storage.parquet Read Parquet dataset
2026-08-14 16:37:41,422 INFO cqros.storage.label_repository Loaded label dataset
2026-08-14 16:37:41,448 INFO cqros.storage.parquet Read Parquet dataset
2026-08-14 16:37:41,449 INFO cqros.factors.repository Loaded factors dataset
2026-08-14 16:37:41,468 INFO cqros.storage.parquet Read Parquet dataset
2026-08-14 16:37:41,468 INFO cqros.storage.label_repository Loaded label dataset
2026-08-14 16:37:41,493 INFO cqros.storage.parquet Read Parquet dataset
2026-08-14 16:37:41,495 INFO cqros.factors.repository Loaded factors dataset
2026-08-14 16:37:41,524 INFO cqros.storage.parquet Read Parquet dataset
2026-08-14 16:37:41,524 INFO cqros.storage.label_repository Loaded label dataset
2026-08-14 16:37:41,558 INFO cqros.storage.parquet Read Parquet dataset
2026-08-14 16:37:41,560 INFO cqros.factors.repository Loaded factors dataset
2026-08-14 16:37:41,591 INFO cqros.storage.parquet Read Parquet dataset
2026-08-14 16:37:41,591 INFO cqros.storage.label_repository Loaded label dataset
2026-08-14 16:37:41,627 INFO cqros.storage.parquet Read Parquet dataset
2026-08-14 16:37:41,629 INFO cqros.factors.repository Loaded factors dataset
2026-08-14 16:37:41,657 INFO cqros.storage.parquet Read Parquet dataset
2026-08-14 16:37:41,657 INFO cqros.storage.label_repository Loaded label dataset
2026-08-14 16:37:41,684 INFO cqros.storage.parquet Read Parquet dataset
2026-08-14 16:37:41,686 INFO cqros.factors.repository Loaded factors dataset
2026-08-14 16:37:41,709 INFO cqros.storage.parquet Read Parquet dataset
2026-08-14 16:37:41,709 INFO cqros.storage.label_repository Loaded label dataset
2026-08-14 16:37:41,738 INFO cqros.storage.parquet Read Parquet dataset
2026-08-14 16:37:41,739 INFO cqros.factors.repository Loaded factors dataset
2026-08-14 16:37:41,757 INFO cqros.storage.parquet Read Parquet dataset
2026-08-14 16:37:41,757 INFO cqros.storage.label_repository Loaded label dataset
2026-08-14 16:37:41,795 INFO cqros.storage.parquet Read Parquet dataset
2026-08-14 16:37:41,797 INFO cqros.factors.repository Loaded factors dataset
2026-08-14 16:37:41,822 INFO cqros.storage.parquet Read Parquet dataset
2026-08-14 16:37:41,822 INFO cqros.storage.label_repository Loaded label dataset
2026-08-14 16:37:41,860 INFO cqros.storage.parquet Read Parquet dataset
2026-08-14 16:37:41,861 INFO cqros.factors.repository Loaded factors dataset
2026-08-14 16:37:41,892 INFO cqros.storage.parquet Read Parquet dataset
2026-08-14 16:37:41,892 INFO cqros.storage.label_repository Loaded label dataset
2026-08-14 16:37:41,936 INFO cqros.storage.parquet Read Parquet dataset
2026-08-14 16:37:41,940 INFO cqros.factors.repository Loaded factors dataset
2026-08-14 16:37:41,971 INFO cqros.storage.parquet Read Parquet dataset
2026-08-14 16:37:41,972 INFO cqros.storage.label_repository Loaded label dataset
2026-08-14 16:37:42,016 INFO cqros.storage.parquet Read Parquet dataset
2026-08-14 16:37:42,023 INFO cqros.factors.repository Loaded factors dataset
2026-08-14 16:37:42,057 INFO cqros.storage.parquet Read Parquet dataset
2026-08-14 16:37:42,057 INFO cqros.storage.label_repository Loaded label dataset
2026-08-14 16:37:42,118 INFO cqros.storage.parquet Read Parquet dataset
2026-08-14 16:37:42,121 INFO cqros.factors.repository Loaded factors dataset
2026-08-14 16:37:42,154 INFO cqros.storage.parquet Read Parquet dataset
2026-08-14 16:37:42,154 INFO cqros.storage.label_repository Loaded label dataset
2026-08-14 16:37:42,182 INFO cqros.storage.parquet Read Parquet dataset
2026-08-14 16:37:42,185 INFO cqros.factors.repository Loaded factors dataset
2026-08-14 16:37:42,206 INFO cqros.storage.parquet Read Parquet dataset
2026-08-14 16:37:42,206 INFO cqros.storage.label_repository Loaded label dataset
2026-08-14 16:37:42,238 INFO cqros.storage.parquet Read Parquet dataset
2026-08-14 16:37:42,239 INFO cqros.factors.repository Loaded factors dataset
2026-08-14 16:37:42,258 INFO cqros.storage.parquet Read Parquet dataset
2026-08-14 16:37:42,258 INFO cqros.storage.label_repository Loaded label dataset
2026-08-14 16:37:42,286 INFO cqros.storage.parquet Read Parquet dataset
2026-08-14 16:37:42,287 INFO cqros.factors.repository Loaded factors dataset
2026-08-14 16:37:42,309 INFO cqros.storage.parquet Read Parquet dataset
2026-08-14 16:37:42,310 INFO cqros.storage.label_repository Loaded label dataset
2026-08-14 16:37:42,339 INFO cqros.storage.parquet Read Parquet dataset
2026-08-14 16:37:42,341 INFO cqros.factors.repository Loaded factors dataset
2026-08-14 16:37:42,369 INFO cqros.storage.parquet Read Parquet dataset
2026-08-14 16:37:42,369 INFO cqros.storage.label_repository Loaded label dataset
2026-08-14 16:37:42,407 INFO cqros.storage.parquet Read Parquet dataset
2026-08-14 16:37:42,408 INFO cqros.factors.repository Loaded factors dataset
2026-08-14 16:37:42,436 INFO cqros.storage.parquet Read Parquet dataset
2026-08-14 16:37:42,436 INFO cqros.storage.label_repository Loaded label dataset
2026-08-14 16:37:42,475 INFO cqros.storage.parquet Read Parquet dataset
2026-08-14 16:37:42,477 INFO cqros.factors.repository Loaded factors dataset
2026-08-14 16:37:42,497 INFO cqros.storage.parquet Read Parquet dataset
2026-08-14 16:37:42,498 INFO cqros.storage.label_repository Loaded label dataset
2026-08-14 16:37:42,528 INFO cqros.storage.parquet Read Parquet dataset
2026-08-14 16:37:42,529 INFO cqros.factors.repository Loaded factors dataset
2026-08-14 16:37:42,552 INFO cqros.storage.parquet Read Parquet dataset
2026-08-14 16:37:42,553 INFO cqros.storage.label_repository Loaded label dataset
2026-08-14 16:37:42,587 INFO cqros.storage.parquet Read Parquet dataset
2026-08-14 16:37:42,590 INFO cqros.factors.repository Loaded factors dataset
2026-08-14 16:37:42,619 INFO cqros.storage.parquet Read Parquet dataset
2026-08-14 16:37:42,619 INFO cqros.storage.label_repository Loaded label dataset
2026-08-14 16:37:42,661 INFO cqros.storage.parquet Read Parquet dataset
2026-08-14 16:37:42,663 INFO cqros.factors.repository Loaded factors dataset
2026-08-14 16:37:42,694 INFO cqros.storage.parquet Read Parquet dataset
2026-08-14 16:37:42,694 INFO cqros.storage.label_repository Loaded label dataset
2026-08-14 16:37:42,726 INFO cqros.storage.parquet Read Parquet dataset
2026-08-14 16:37:42,727 INFO cqros.factors.repository Loaded factors dataset
2026-08-14 16:37:42,753 INFO cqros.storage.parquet Read Parquet dataset
2026-08-14 16:37:42,753 INFO cqros.storage.label_repository Loaded label dataset
2026-08-14 16:37:42,782 INFO cqros.storage.parquet Read Parquet dataset
2026-08-14 16:37:42,787 INFO cqros.factors.repository Loaded factors dataset
2026-08-14 16:37:42,818 INFO cqros.storage.parquet Read Parquet dataset
2026-08-14 16:37:42,818 INFO cqros.storage.label_repository Loaded label dataset
2026-08-14 16:37:42,857 INFO cqros.storage.parquet Read Parquet dataset
2026-08-14 16:37:42,858 INFO cqros.factors.repository Loaded factors dataset
2026-08-14 16:37:42,885 INFO cqros.storage.parquet Read Parquet dataset
2026-08-14 16:37:42,885 INFO cqros.storage.label_repository Loaded label dataset
2026-08-14 16:37:42,916 INFO cqros.storage.parquet Read Parquet dataset
2026-08-14 16:37:42,924 INFO cqros.factors.repository Loaded factors dataset
2026-08-14 16:37:42,953 INFO cqros.storage.parquet Read Parquet dataset
2026-08-14 16:37:42,953 INFO cqros.storage.label_repository Loaded label dataset
2026-08-14 16:37:42,992 INFO cqros.storage.parquet Read Parquet dataset
2026-08-14 16:37:42,994 INFO cqros.factors.repository Loaded factors dataset
2026-08-14 16:37:43,019 INFO cqros.storage.parquet Read Parquet dataset
2026-08-14 16:37:43,019 INFO cqros.storage.label_repository Loaded label dataset
2026-08-14 16:37:43,055 INFO cqros.storage.parquet Read Parquet dataset
2026-08-14 16:37:43,061 INFO cqros.factors.repository Loaded factors dataset
2026-08-14 16:37:43,089 INFO cqros.storage.parquet Read Parquet dataset
2026-08-14 16:37:43,089 INFO cqros.storage.label_repository Loaded label dataset
2026-08-14 16:37:43,122 INFO cqros.storage.parquet Read Parquet dataset
2026-08-14 16:37:43,125 INFO cqros.factors.repository Loaded factors dataset
2026-08-14 16:37:43,156 INFO cqros.storage.parquet Read Parquet dataset
2026-08-14 16:37:43,157 INFO cqros.storage.label_repository Loaded label dataset
2026-08-14 16:37:43,194 INFO cqros.storage.parquet Read Parquet dataset
2026-08-14 16:37:43,196 INFO cqros.factors.repository Loaded factors dataset
2026-08-14 16:37:43,228 INFO cqros.storage.parquet Read Parquet dataset
2026-08-14 16:37:43,228 INFO cqros.storage.label_repository Loaded label dataset
2026-08-14 16:37:43,259 INFO cqros.storage.parquet Read Parquet dataset
2026-08-14 16:37:43,260 INFO cqros.factors.repository Loaded factors dataset
2026-08-14 16:37:43,287 INFO cqros.storage.parquet Read Parquet dataset
2026-08-14 16:37:43,287 INFO cqros.storage.label_repository Loaded label dataset
2026-08-14 16:37:43,339 INFO cqros.storage.parquet Read Parquet dataset
2026-08-14 16:37:43,341 INFO cqros.factors.repository Loaded factors dataset
2026-08-14 16:37:43,370 INFO cqros.storage.parquet Read Parquet dataset
2026-08-14 16:37:43,371 INFO cqros.storage.label_repository Loaded label dataset
2026-08-14 16:37:43,405 INFO cqros.storage.parquet Read Parquet dataset
2026-08-14 16:37:43,407 INFO cqros.factors.repository Loaded factors dataset
2026-08-14 16:37:43,442 INFO cqros.storage.parquet Read Parquet dataset
2026-08-14 16:37:43,443 INFO cqros.storage.label_repository Loaded label dataset
2026-08-14 16:37:43,479 INFO cqros.storage.parquet Read Parquet dataset
2026-08-14 16:37:43,481 INFO cqros.factors.repository Loaded factors dataset
2026-08-14 16:37:43,507 INFO cqros.storage.parquet Read Parquet dataset
2026-08-14 16:37:43,507 INFO cqros.storage.label_repository Loaded label dataset
2026-08-14 16:37:43,542 INFO cqros.storage.parquet Read Parquet dataset
2026-08-14 16:37:43,544 INFO cqros.factors.repository Loaded factors dataset
2026-08-14 16:37:43,571 INFO cqros.storage.parquet Read Parquet dataset
2026-08-14 16:37:43,571 INFO cqros.storage.label_repository Loaded label dataset
2026-08-14 16:37:43,612 INFO cqros.storage.parquet Read Parquet dataset
2026-08-14 16:37:43,613 INFO cqros.factors.repository Loaded factors dataset
2026-08-14 16:37:43,635 INFO cqros.storage.parquet Read Parquet dataset
2026-08-14 16:37:43,635 INFO cqros.storage.label_repository Loaded label dataset
2026-08-14 16:37:43,667 INFO cqros.storage.parquet Read Parquet dataset
2026-08-14 16:37:43,669 INFO cqros.factors.repository Loaded factors dataset
2026-08-14 16:37:43,700 INFO cqros.storage.parquet Read Parquet dataset
2026-08-14 16:37:43,701 INFO cqros.storage.label_repository Loaded label dataset
2026-08-14 16:37:43,732 INFO cqros.storage.parquet Read Parquet dataset
2026-08-14 16:37:43,736 INFO cqros.factors.repository Loaded factors dataset
2026-08-14 16:37:43,760 INFO cqros.storage.parquet Read Parquet dataset
2026-08-14 16:37:43,760 INFO cqros.storage.label_repository Loaded label dataset
2026-08-14 16:37:43,789 INFO cqros.storage.parquet Read Parquet dataset
2026-08-14 16:37:43,790 INFO cqros.factors.repository Loaded factors dataset
2026-08-14 16:37:43,814 INFO cqros.storage.parquet Read Parquet dataset
2026-08-14 16:37:43,814 INFO cqros.storage.label_repository Loaded label dataset
2026-08-14 16:37:43,844 INFO cqros.storage.parquet Read Parquet dataset
2026-08-14 16:37:43,845 INFO cqros.factors.repository Loaded factors dataset
2026-08-14 16:37:43,871 INFO cqros.storage.parquet Read Parquet dataset
2026-08-14 16:37:43,872 INFO cqros.storage.label_repository Loaded label dataset
2026-08-14 16:37:43,899 INFO cqros.storage.parquet Read Parquet dataset
2026-08-14 16:37:43,902 INFO cqros.factors.repository Loaded factors dataset
2026-08-14 16:37:43,928 INFO cqros.storage.parquet Read Parquet dataset
2026-08-14 16:37:43,928 INFO cqros.storage.label_repository Loaded label dataset
2026-08-14 16:37:43,961 INFO cqros.storage.parquet Read Parquet dataset
2026-08-14 16:37:43,962 INFO cqros.factors.repository Loaded factors dataset
2026-08-14 16:37:43,982 INFO cqros.storage.parquet Read Parquet dataset
2026-08-14 16:37:43,983 INFO cqros.storage.label_repository Loaded label dataset
2026-08-14 16:37:44,021 INFO cqros.storage.parquet Read Parquet dataset
2026-08-14 16:37:44,022 INFO cqros.factors.repository Loaded factors dataset
2026-08-14 16:37:44,044 INFO cqros.storage.parquet Read Parquet dataset
2026-08-14 16:37:44,045 INFO cqros.storage.label_repository Loaded label dataset
2026-08-14 16:37:44,074 INFO cqros.storage.parquet Read Parquet dataset
2026-08-14 16:37:44,075 INFO cqros.factors.repository Loaded factors dataset
2026-08-14 16:37:44,103 INFO cqros.storage.parquet Read Parquet dataset
2026-08-14 16:37:44,104 INFO cqros.storage.label_repository Loaded label dataset
2026-08-14 16:37:44,130 INFO cqros.storage.parquet Read Parquet dataset
2026-08-14 16:37:44,131 INFO cqros.factors.repository Loaded factors dataset
2026-08-14 16:37:44,150 INFO cqros.storage.parquet Read Parquet dataset
2026-08-14 16:37:44,150 INFO cqros.storage.label_repository Loaded label dataset
2026-08-14 16:37:44,186 INFO cqros.storage.parquet Read Parquet dataset
2026-08-14 16:37:44,187 INFO cqros.factors.repository Loaded factors dataset
2026-08-14 16:37:44,208 INFO cqros.storage.parquet Read Parquet dataset
2026-08-14 16:37:44,208 INFO cqros.storage.label_repository Loaded label dataset
2026-08-14 16:37:44,240 INFO cqros.storage.parquet Read Parquet dataset
2026-08-14 16:37:44,242 INFO cqros.factors.repository Loaded factors dataset
2026-08-14 16:37:44,261 INFO cqros.storage.parquet Read Parquet dataset
2026-08-14 16:37:44,261 INFO cqros.storage.label_repository Loaded label dataset
2026-08-14 16:37:44,294 INFO cqros.storage.parquet Read Parquet dataset
2026-08-14 16:37:44,296 INFO cqros.factors.repository Loaded factors dataset
2026-08-14 16:37:44,324 INFO cqros.storage.parquet Read Parquet dataset
2026-08-14 16:37:44,324 INFO cqros.storage.label_repository Loaded label dataset
2026-08-14 16:37:44,396 INFO cqros.walk_forward.evaluation_input Assembling walk-forward evaluation input
2026-08-14 16:39:40,844 INFO cqros.storage.parquet Wrote Parquet dataset
2026-08-14 16:39:40,850 INFO cqros.walk_forward.repository Saved walk-forward dataset

